0.068: [GC 0.068: [DefNew: 4219K->167K(4928K), 0.0011659 secs] 4219K->167K(15872K), 0.0012086 secs] [Times: user=0.02 sys=0.00, real=0.00 secs] 
0.069: [GC 0.070: [DefNew: 4209K->167K(4928K), 0.0003955 secs] 4209K->167K(15872K), 0.0004372 secs] [Times: user=0.00 sys=0.00, real=0.00 secs] 
0.070: [GC 0.070: [DefNew: 4104K->167K(4928K), 0.0003654 secs] 4104K->167K(15872K), 0.0004044 secs] [Times: user=0.00 sys=0.00, real=0.00 secs] 
0.071: [GC 0.071: [DefNew: 4093K->167K(4928K), 0.0003305 secs] 4093K->167K(15872K), 0.0003602 secs] [Times: user=0.00 sys=0.00, real=0.00 secs] 
0.072: [GC 0.072: [DefNew: 4087K->167K(4928K), 0.0003233 secs] 4087K->167K(15872K), 0.0003568 secs] [Times: user=0.00 sys=0.00, real=0.00 secs] 
0.073: [GC 0.073: [DefNew: 4082K->167K(4928K), 0.0003158 secs] 4082K->167K(15872K), 0.0003349 secs] [Times: user=0.00 sys=0.00, real=0.00 secs] 
0.074: [GC 0.074: [DefNew: 4079K->167K(4928K), 0.0003065 secs] 4079K->167K(15872K), 0.0003226 secs] [Times: user=0.00 sys=0.00, real=0.00 secs] 
0.075: [GC 0.075: [DefNew: 4077K->167K(4928K), 0.0003387 secs] 4077K->167K(15872K), 0.0003554 secs] [Times: user=0.00 sys=0.00, real=0.00 secs] 
0.075: [GC 0.075: [DefNew: 4076K->167K(4928K), 0.0003158 secs] 4076K->167K(15872K), 0.0003325 secs] [Times: user=0.00 sys=0.00, real=0.00 secs] 
0.076: [GC 0.076: [DefNew: 4075K->167K(4928K), 0.0003079 secs] 4075K->167K(15872K), 0.0003236 secs] [Times: user=0.00 sys=0.00, real=0.00 secs] 
0.077: [GC 0.077: [DefNew: 4075K->167K(4928K), 0.0002959 secs] 4075K->167K(15872K), 0.0003106 secs] [Times: user=0.00 sys=0.00, real=0.00 secs] 
0.078: [GC 0.078: [DefNew: 4076K->167K(4928K), 0.0003014 secs] 4076K->167K(15872K), 0.0003171 secs] [Times: user=0.00 sys=0.00, real=0.00 secs] 
0.079: [GC 0.079: [DefNew: 4076K->167K(4928K), 0.0002983 secs] 4076K->167K(15872K), 0.0003137 secs] [Times: user=0.00 sys=0.00, real=0.00 secs] 
0.079: [GC 0.079: [DefNew: 4076K->167K(4928K), 0.0002976 secs] 4076K->167K(15872K), 0.0003127 secs] [Times: user=0.00 sys=0.00, real=0.00 secs] 
0.080: [GC 0.080: [DefNew: 4076K->167K(4928K), 0.0002966 secs] 4076K->167K(15872K), 0.0003113 secs] [Times: user=0.00 sys=0.00, real=0.00 secs] 
0.081: [GC 0.081: [DefNew: 4076K->0K(4928K), 0.0003825 secs] 4076K->167K(15872K), 0.0003985 secs] [Times: user=0.00 sys=0.00, real=0.00 secs] 
0.082: [GC 0.082: [DefNew: 3909K->0K(4928K), 0.0001427 secs] 4076K->168K(15872K), 0.0001570 secs] [Times: user=0.00 sys=0.00, real=0.00 secs] 
0.082: [GC 0.082: [DefNew: 3909K->0K(4928K), 0.0000393 secs] 4076K->168K(15872K), 0.0000534 secs] [Times: user=0.00 sys=0.00, real=0.00 secs] 
0.083: [GC 0.083: [DefNew: 3909K->0K(4928K), 0.0000527 secs] 4076K->168K(15872K), 0.0000664 secs] [Times: user=0.00 sys=0.00, real=0.00 secs] 
0.083: [GC 0.083: [DefNew: 3909K->0K(4928K), 0.0000520 secs] 4076K->168K(15872K), 0.0000763 secs] [Times: user=0.00 sys=0.00, real=0.00 secs] 
0.084: [GC 0.084: [DefNew: 3909K->0K(4928K), 0.0000568 secs] 4076K->168K(15872K), 0.0000736 secs] [Times: user=0.00 sys=0.00, real=0.00 secs] 
0.085: [GC 0.085: [DefNew: 3909K->0K(4928K), 0.0000725 secs] 4076K->168K(15872K), 0.0000907 secs] [Times: user=0.01 sys=0.00, real=0.00 secs] 
0.085: [GC 0.085: [DefNew: 3909K->0K(4928K), 0.0000523 secs] 4076K->168K(15872K), 0.0000691 secs] [Times: user=0.00 sys=0.00, real=0.00 secs] 
0.086: [GC 0.086: [DefNew: 3909K->0K(4928K), 0.0000489 secs] 4076K->168K(15872K), 0.0000650 secs] [Times: user=0.00 sys=0.00, real=0.00 secs] 
0.086: [GC 0.086: [DefNew: 3909K->0K(4928K), 0.0000431 secs] 4076K->168K(15872K), 0.0000558 secs] [Times: user=0.00 sys=0.00, real=0.00 secs] 
0.087: [GC 0.087: [DefNew: 3909K->0K(4928K), 0.0000380 secs] 4076K->168K(15872K), 0.0000496 secs] [Times: user=0.00 sys=0.00, real=0.00 secs] 
0.087: [GC 0.087: [DefNew: 3909K->0K(4928K), 0.0000332 secs] 4076K->168K(15872K), 0.0000445 secs] [Times: user=0.00 sys=0.00, real=0.00 secs] 
0.088: [GC 0.088: [DefNew: 3909K->0K(4928K), 0.0000424 secs] 4076K->168K(15872K), 0.0000585 secs] [Times: user=0.00 sys=0.00, real=0.00 secs] 
0.088: [GC 0.088: [DefNew: 3909K->0K(4928K), 0.0000376 secs] 4076K->168K(15872K), 0.0001023 secs] [Times: user=0.00 sys=0.00, real=0.00 secs] 
0.089: [GC 0.089: [DefNew: 3909K->0K(4928K), 0.0000380 secs] 4076K->168K(15872K), 0.0000530 secs] [Times: user=0.00 sys=0.00, real=0.00 secs] 
0.089: [GC 0.089: [DefNew: 3909K->0K(4928K), 0.0000369 secs] 4077K->168K(15872K), 0.0000517 secs] [Times: user=0.00 sys=0.00, real=0.00 secs] 
0.090: [GC 0.090: [DefNew: 3909K->0K(4928K), 0.0000369 secs] 4077K->168K(15872K), 0.0000510 secs] [Times: user=0.00 sys=0.00, real=0.00 secs] 
0.090: [GC 0.090: [DefNew: 3909K->0K(4928K), 0.0000339 secs] 4077K->168K(15872K), 0.0000482 secs] [Times: user=0.00 sys=0.00, real=0.00 secs] 
0.091: [GC 0.091: [DefNew: 3909K->0K(4928K), 0.0000328 secs] 4077K->168K(15872K), 0.0000465 secs] [Times: user=0.00 sys=0.00, real=0.00 secs] 
0.091: [GC 0.091: [DefNew: 3909K->0K(4928K), 0.0000373 secs] 4077K->168K(15872K), 0.0000510 secs] [Times: user=0.00 sys=0.00, real=0.00 secs] 
0.091: [GC 0.091: [DefNew: 3909K->0K(4928K), 0.0000352 secs] 4077K->169K(15872K), 0.0000493 secs] [Times: user=0.00 sys=0.00, real=0.00 secs] 
0.092: [GC 0.092: [DefNew: 3909K->0K(4928K), 0.0000369 secs] 4077K->169K(15872K), 0.0000513 secs] [Times: user=0.00 sys=0.00, real=0.00 secs] 
0.092: [GC 0.092: [DefNew: 3909K->0K(4928K), 0.0000332 secs] 4077K->169K(15872K), 0.0000472 secs] [Times: user=0.00 sys=0.00, real=0.00 secs] 
0.093: [GC 0.093: [DefNew: 3909K->0K(4928K), 0.0000363 secs] 4077K->169K(15872K), 0.0000506 secs] [Times: user=0.00 sys=0.00, real=0.00 secs] 
0.093: [GC 0.093: [DefNew: 3909K->0K(4928K), 0.0000322 secs] 4077K->169K(15872K), 0.0000465 secs] [Times: user=0.00 sys=0.00, real=0.00 secs] 
0.094: [GC 0.094: [DefNew: 3909K->0K(4928K), 0.0000328 secs] 4077K->169K(15872K), 0.0000465 secs] [Times: user=0.00 sys=0.00, real=0.00 secs] 
0.094: [GC 0.094: [DefNew: 3909K->0K(4928K), 0.0000315 secs] 4077K->169K(15872K), 0.0000452 secs] [Times: user=0.00 sys=0.00, real=0.00 secs] 
0.095: [GC 0.095: [DefNew: 3909K->0K(4928K), 0.0000328 secs] 4077K->169K(15872K), 0.0000476 secs] [Times: user=0.00 sys=0.00, real=0.00 secs] 
0.095: [GC 0.095: [DefNew: 3909K->0K(4928K), 0.0000335 secs] 4077K->169K(15872K), 0.0000482 secs] [Times: user=0.00 sys=0.00, real=0.00 secs] 
0.096: [GC 0.096: [DefNew: 3909K->0K(4928K), 0.0000325 secs] 4077K->169K(15872K), 0.0000469 secs] [Times: user=0.00 sys=0.00, real=0.00 secs] 
0.096: [GC 0.096: [DefNew: 3909K->0K(4928K), 0.0000318 secs] 4077K->169K(15872K), 0.0000462 secs] [Times: user=0.00 sys=0.00, real=0.00 secs] 
0.097: [GC 0.097: [DefNew: 3909K->0K(4928K), 0.0000328 secs] 4077K->169K(15872K), 0.0000465 secs] [Times: user=0.00 sys=0.00, real=0.00 secs] 
0.097: [GC 0.097: [DefNew: 3909K->0K(4928K), 0.0000325 secs] 4077K->169K(15872K), 0.0000469 secs] [Times: user=0.00 sys=0.00, real=0.00 secs] 
0.098: [GC 0.098: [DefNew: 3909K->0K(4928K), 0.0000424 secs] 4077K->169K(15872K), 0.0000564 secs] [Times: user=0.00 sys=0.00, real=0.00 secs] 
0.098: [GC 0.098: [DefNew: 3909K->0K(4928K), 0.0000342 secs] 4077K->169K(15872K), 0.0000479 secs] [Times: user=0.00 sys=0.00, real=0.00 secs] 
0.099: [GC 0.099: [DefNew: 3909K->0K(4928K), 0.0000328 secs] 4078K->169K(15872K), 0.0000465 secs] [Times: user=0.00 sys=0.00, real=0.00 secs] 
0.099: [GC 0.099: [DefNew: 3909K->0K(4928K), 0.0000506 secs] 4078K->169K(15872K), 0.0000643 secs] [Times: user=0.00 sys=0.00, real=0.00 secs] 
0.099: [GC 0.099: [DefNew: 3909K->0K(4928K), 0.0000356 secs] 4078K->169K(15872K), 0.0000496 secs] [Times: user=0.00 sys=0.00, real=0.00 secs] 
0.100: [GC 0.100: [DefNew: 3909K->0K(4928K), 0.0000335 secs] 4078K->169K(15872K), 0.0000479 secs] [Times: user=0.00 sys=0.00, real=0.00 secs] 
0.100: [GC 0.100: [DefNew: 3909K->0K(4928K), 0.0000325 secs] 4078K->169K(15872K), 0.0000469 secs] [Times: user=0.00 sys=0.00, real=0.00 secs] 
0.101: [GC 0.101: [DefNew: 3909K->0K(4928K), 0.0000325 secs] 4078K->170K(15872K), 0.0000469 secs] [Times: user=0.00 sys=0.00, real=0.00 secs] 
0.101: [GC 0.101: [DefNew: 3909K->0K(4928K), 0.0000328 secs] 4078K->170K(15872K), 0.0000469 secs] [Times: user=0.00 sys=0.00, real=0.00 secs] 
0.102: [GC 0.102: [DefNew: 3909K->0K(4928K), 0.0000369 secs] 4078K->170K(15872K), 0.0000547 secs] [Times: user=0.00 sys=0.00, real=0.00 secs] 
0.102: [GC 0.102: [DefNew: 3909K->1K(4928K), 0.0000349 secs] 4078K->170K(15872K), 0.0000493 secs] [Times: user=0.00 sys=0.00, real=0.00 secs] 
0.103: [GC 0.103: [DefNew: 3909K->1K(4928K), 0.0000777 secs] 4078K->170K(15872K), 0.0001026 secs] [Times: user=0.00 sys=0.00, real=0.00 secs] 
0.104: [GC 0.104: [DefNew: 3909K->1K(4928K), 0.0000564 secs] 4078K->170K(15872K), 0.0000900 secs] [Times: user=0.00 sys=0.00, real=0.00 secs] 
0.104: [GC 0.104: [DefNew: 3909K->1K(4928K), 0.0000400 secs] 4078K->170K(15872K), 0.0000541 secs] [Times: user=0.00 sys=0.00, real=0.00 secs] 
0.105: [GC 0.105: [DefNew: 3909K->1K(4928K), 0.0000352 secs] 4078K->170K(15872K), 0.0000482 secs] [Times: user=0.00 sys=0.00, real=0.00 secs] 
0.105: [GC 0.105: [DefNew: 3909K->1K(4928K), 0.0000431 secs] 4078K->170K(15872K), 0.0000571 secs] [Times: user=0.00 sys=0.00, real=0.00 secs] 
0.106: [GC 0.106: [DefNew: 3909K->1K(4928K), 0.0000363 secs] 4079K->170K(15872K), 0.0000479 secs] [Times: user=0.00 sys=0.00, real=0.00 secs] 
0.106: [GC 0.106: [DefNew: 3909K->1K(4928K), 0.0000339 secs] 4079K->170K(15872K), 0.0000452 secs] [Times: user=0.00 sys=0.00, real=0.00 secs] 
0.106: [GC 0.106: [DefNew: 3909K->1K(4928K), 0.0000332 secs] 4079K->170K(15872K), 0.0000445 secs] [Times: user=0.00 sys=0.00, real=0.00 secs] 
0.107: [GC 0.107: [DefNew: 3909K->1K(4928K), 0.0000332 secs] 4079K->170K(15872K), 0.0000438 secs] [Times: user=0.00 sys=0.00, real=0.00 secs] 
0.107: [GC 0.107: [DefNew: 3909K->1K(4928K), 0.0000373 secs] 4079K->170K(15872K), 0.0000496 secs] [Times: user=0.00 sys=0.00, real=0.00 secs] 
0.108: [GC 0.108: [DefNew: 3909K->1K(4928K), 0.0000486 secs] 4079K->171K(15872K), 0.0000633 secs] [Times: user=0.00 sys=0.00, real=0.00 secs] 
0.108: [GC 0.108: [DefNew: 3909K->1K(4928K), 0.0000397 secs] 4079K->171K(15872K), 0.0000520 secs] [Times: user=0.00 sys=0.00, real=0.00 secs] 
0.109: [GC 0.109: [DefNew: 3909K->1K(4928K), 0.0000397 secs] 4079K->171K(15872K), 0.0000530 secs] [Times: user=0.00 sys=0.00, real=0.00 secs] 
0.109: [GC 0.109: [DefNew: 3909K->1K(4928K), 0.0000400 secs] 4079K->171K(15872K), 0.0000537 secs] [Times: user=0.00 sys=0.00, real=0.00 secs] 
0.110: [GC 0.110: [DefNew: 3909K->0K(4928K), 0.0000328 secs] 4079K->171K(15872K), 0.0000445 secs] [Times: user=0.00 sys=0.00, real=0.00 secs] 
0.110: [GC 0.110: [DefNew: 3909K->0K(4928K), 0.0000311 secs] 4079K->171K(15872K), 0.0000424 secs] [Times: user=0.00 sys=0.00, real=0.00 secs] 
0.111: [GC 0.111: [DefNew: 3909K->0K(4928K), 0.0000311 secs] 4079K->171K(15872K), 0.0000428 secs] [Times: user=0.00 sys=0.00, real=0.00 secs] 
0.111: [GC 0.111: [DefNew: 3909K->0K(4928K), 0.0000311 secs] 4079K->171K(15872K), 0.0000421 secs] [Times: user=0.00 sys=0.00, real=0.00 secs] 
0.112: [GC 0.112: [DefNew: 3909K->0K(4928K), 0.0000318 secs] 4079K->171K(15872K), 0.0000434 secs] [Times: user=0.00 sys=0.00, real=0.00 secs] 
0.112: [GC 0.112: [DefNew: 3909K->0K(4928K), 0.0000315 secs] 4079K->171K(15872K), 0.0000428 secs] [Times: user=0.00 sys=0.00, real=0.00 secs] 
0.113: [GC 0.113: [DefNew: 3909K->0K(4928K), 0.0000315 secs] 4079K->171K(15872K), 0.0000424 secs] [Times: user=0.00 sys=0.00, real=0.00 secs] 
0.113: [GC 0.113: [DefNew: 3909K->0K(4928K), 0.0000342 secs] 4079K->171K(15872K), 0.0000462 secs] [Times: user=0.00 sys=0.00, real=0.00 secs] 
0.113: [GC 0.113: [DefNew: 3909K->0K(4928K), 0.0000311 secs] 4079K->171K(15872K), 0.0000421 secs] [Times: user=0.00 sys=0.00, real=0.00 secs] 
0.114: [GC 0.114: [DefNew: 3909K->0K(4928K), 0.0000301 secs] 4079K->171K(15872K), 0.0000417 secs] [Times: user=0.00 sys=0.00, real=0.00 secs] 
0.114: [GC 0.114: [DefNew: 3909K->0K(4928K), 0.0000294 secs] 4079K->171K(15872K), 0.0000397 secs] [Times: user=0.00 sys=0.00, real=0.00 secs] 
0.115: [GC 0.115: [DefNew: 3909K->0K(4928K), 0.0000298 secs] 4079K->171K(15872K), 0.0000400 secs] [Times: user=0.00 sys=0.00, real=0.00 secs] 
0.115: [GC 0.115: [DefNew: 3909K->0K(4928K), 0.0000342 secs] 4080K->171K(15872K), 0.0000968 secs] [Times: user=0.00 sys=0.00, real=0.00 secs] 
0.116: [GC 0.116: [DefNew: 3909K->0K(4928K), 0.0000606 secs] 4080K->171K(15872K), 0.0000766 secs] [Times: user=0.00 sys=0.00, real=0.00 secs] 
0.116: [GC 0.116: [DefNew: 3909K->0K(4928K), 0.0000523 secs] 4080K->171K(15872K), 0.0000694 secs] [Times: user=0.00 sys=0.00, real=0.00 secs] 
0.117: [GC 0.117: [DefNew: 3909K->1K(4928K), 0.0000445 secs] 4080K->172K(15872K), 0.0000592 secs] [Times: user=0.00 sys=0.00, real=0.00 secs] 
0.118: [GC 0.118: [DefNew: 3909K->1K(4928K), 0.0000346 secs] 4080K->172K(15872K), 0.0000465 secs] [Times: user=0.00 sys=0.00, real=0.00 secs] 
0.118: [GC 0.118: [DefNew: 3909K->1K(4928K), 0.0000400 secs] 4080K->172K(15872K), 0.0000537 secs] [Times: user=0.00 sys=0.00, real=0.00 secs] 
0.118: [GC 0.118: [DefNew: 3909K->1K(4928K), 0.0000332 secs] 4080K->172K(15872K), 0.0000448 secs] [Times: user=0.00 sys=0.00, real=0.00 secs] 
0.119: [GC 0.119: [DefNew: 3909K->1K(4928K), 0.0000349 secs] 4080K->172K(15872K), 0.0000469 secs] [Times: user=0.00 sys=0.00, real=0.00 secs] 
0.119: [GC 0.119: [DefNew: 3909K->1K(4928K), 0.0000335 secs] 4080K->172K(15872K), 0.0000448 secs] [Times: user=0.00 sys=0.00, real=0.00 secs] 
0.120: [GC 0.120: [DefNew: 3909K->1K(4928K), 0.0000325 secs] 4080K->172K(15872K), 0.0000438 secs] [Times: user=0.00 sys=0.00, real=0.00 secs] 
0.120: [GC 0.120: [DefNew: 3909K->1K(4928K), 0.0000332 secs] 4081K->172K(15872K), 0.0000441 secs] [Times: user=0.00 sys=0.00, real=0.00 secs] 
0.121: [GC 0.121: [DefNew: 3909K->1K(4928K), 0.0000311 secs] 4081K->172K(15872K), 0.0000414 secs] [Times: user=0.00 sys=0.00, real=0.00 secs] 
0.121: [GC 0.121: [DefNew: 3909K->1K(4928K), 0.0000318 secs] 4081K->172K(15872K), 0.0000428 secs] [Times: user=0.00 sys=0.00, real=0.00 secs] 
0.122: [GC 0.122: [DefNew: 3909K->1K(4928K), 0.0000322 secs] 4081K->172K(15872K), 0.0000431 secs] [Times: user=0.00 sys=0.00, real=0.00 secs] 
0.122: [GC 0.122: [DefNew: 3909K->1K(4928K), 0.0000342 secs] 4081K->172K(15872K), 0.0000452 secs] [Times: user=0.00 sys=0.00, real=0.00 secs] 
0.122: [GC 0.122: [DefNew: 3909K->1K(4928K), 0.0000322 secs] 4081K->173K(15872K), 0.0000431 secs] [Times: user=0.00 sys=0.00, real=0.00 secs] 
0.123: [GC 0.123: [DefNew: 3909K->1K(4928K), 0.0000363 secs] 4081K->173K(15872K), 0.0000479 secs] [Times: user=0.00 sys=0.00, real=0.00 secs] 
0.123: [GC 0.123: [DefNew: 3909K->1K(4928K), 0.0000352 secs] 4081K->173K(15872K), 0.0000479 secs] [Times: user=0.00 sys=0.00, real=0.00 secs] 
0.124: [GC 0.124: [DefNew: 3909K->0K(4928K), 0.0000356 secs] 4081K->173K(15872K), 0.0000472 secs] [Times: user=0.00 sys=0.00, real=0.00 secs] 
0.124: [GC 0.124: [DefNew: 3909K->0K(4928K), 0.0000311 secs] 4081K->173K(15872K), 0.0000421 secs] [Times: user=0.00 sys=0.00, real=0.00 secs] 
0.125: [GC 0.125: [DefNew: 3909K->0K(4928K), 0.0000407 secs] 4081K->173K(15872K), 0.0000523 secs] [Times: user=0.00 sys=0.00, real=0.00 secs] 
0.125: [GC 0.125: [DefNew: 3909K->0K(4928K), 0.0000629 secs] 4081K->173K(15872K), 0.0000777 secs] [Times: user=0.00 sys=0.00, real=0.00 secs] 
0.126: [GC 0.126: [DefNew: 3909K->0K(4928K), 0.0000797 secs] 4081K->173K(15872K), 0.0000941 secs] [Times: user=0.00 sys=0.00, real=0.00 secs] 
0.126: [GC 0.126: [DefNew: 3909K->0K(4928K), 0.0000513 secs] 4081K->173K(15872K), 0.0000708 secs] [Times: user=0.00 sys=0.00, real=0.00 secs] 
0.127: [GC 0.127: [DefNew: 3909K->0K(4928K), 0.0000411 secs] 4081K->173K(15872K), 0.0000554 secs] [Times: user=0.00 sys=0.00, real=0.00 secs] 
0.127: [GC 0.127: [DefNew: 3909K->0K(4928K), 0.0000342 secs] 4081K->173K(15872K), 0.0000455 secs] [Times: user=0.00 sys=0.00, real=0.00 secs] 
0.128: [GC 0.128: [DefNew: 3909K->0K(4928K), 0.0000322 secs] 4081K->173K(15872K), 0.0000434 secs] [Times: user=0.00 sys=0.00, real=0.00 secs] 
0.128: [GC 0.128: [DefNew: 3909K->0K(4928K), 0.0000311 secs] 4081K->173K(15872K), 0.0000424 secs] [Times: user=0.00 sys=0.00, real=0.00 secs] 
0.129: [GC 0.129: [DefNew: 3909K->0K(4928K), 0.0000318 secs] 4081K->173K(15872K), 0.0000434 secs] [Times: user=0.00 sys=0.00, real=0.00 secs] 
0.129: [GC 0.129: [DefNew: 3909K->0K(4928K), 0.0000342 secs] 4081K->173K(15872K), 0.0000458 secs] [Times: user=0.00 sys=0.00, real=0.00 secs] 
0.130: [GC 0.130: [DefNew: 3909K->0K(4928K), 0.0000318 secs] 4081K->173K(15872K), 0.0000431 secs] [Times: user=0.00 sys=0.00, real=0.00 secs] 
0.130: [GC 0.130: [DefNew: 3909K->0K(4928K), 0.0000308 secs] 4082K->173K(15872K), 0.0000417 secs] [Times: user=0.00 sys=0.00, real=0.00 secs] 
0.131: [GC 0.131: [DefNew: 3909K->0K(4928K), 0.0000315 secs] 4082K->173K(15872K), 0.0000428 secs] [Times: user=0.00 sys=0.00, real=0.00 secs] 
0.131: [GC 0.131: [DefNew: 3909K->0K(4928K), 0.0000298 secs] 4082K->173K(15872K), 0.0000407 secs] [Times: user=0.00 sys=0.00, real=0.00 secs] 
0.131: [GC 0.131: [DefNew: 3909K->0K(4928K), 0.0000356 secs] 4082K->173K(15872K), 0.0000479 secs] [Times: user=0.00 sys=0.00, real=0.00 secs] 
0.132: [GC 0.132: [DefNew: 3909K->0K(4928K), 0.0000448 secs] 4082K->173K(15872K), 0.0000595 secs] [Times: user=0.00 sys=0.00, real=0.00 secs] 
0.133: [GC 0.133: [DefNew: 3909K->0K(4928K), 0.0000346 secs] 4082K->174K(15872K), 0.0000455 secs] [Times: user=0.00 sys=0.00, real=0.00 secs] 
0.133: [GC 0.133: [DefNew: 3909K->0K(4928K), 0.0000308 secs] 4082K->174K(15872K), 0.0000414 secs] [Times: user=0.00 sys=0.00, real=0.00 secs] 
0.133: [GC 0.133: [DefNew: 3909K->0K(4928K), 0.0000308 secs] 4082K->174K(15872K), 0.0000417 secs] [Times: user=0.00 sys=0.00, real=0.00 secs] 
0.134: [GC 0.134: [DefNew: 3909K->0K(4928K), 0.0000308 secs] 4082K->174K(15872K), 0.0000414 secs] [Times: user=0.00 sys=0.00, real=0.00 secs] 
0.134: [GC 0.134: [DefNew: 3909K->0K(4928K), 0.0000298 secs] 4082K->174K(15872K), 0.0000407 secs] [Times: user=0.00 sys=0.00, real=0.00 secs] 
0.135: [GC 0.135: [DefNew: 3909K->0K(4928K), 0.0000322 secs] 4082K->174K(15872K), 0.0000438 secs] [Times: user=0.00 sys=0.00, real=0.00 secs] 
0.135: [GC 0.135: [DefNew: 3909K->0K(4928K), 0.0000363 secs] 4082K->174K(15872K), 0.0000486 secs] [Times: user=0.00 sys=0.00, real=0.00 secs] 
0.136: [GC 0.136: [DefNew: 3909K->0K(4928K), 0.0000691 secs] 4082K->174K(15872K), 0.0000910 secs] [Times: user=0.00 sys=0.00, real=0.00 secs] 
0.136: [GC 0.136: [DefNew: 3909K->0K(4928K), 0.0000356 secs] 4082K->174K(15872K), 0.0000482 secs] [Times: user=0.00 sys=0.00, real=0.00 secs] 
0.137: [GC 0.137: [DefNew: 3909K->0K(4928K), 0.0000366 secs] 4082K->174K(15872K), 0.0000585 secs] [Times: user=0.00 sys=0.00, real=0.00 secs] 
0.137: [GC 0.137: [DefNew: 3909K->0K(4928K), 0.0000554 secs] 4082K->174K(15872K), 0.0000749 secs] [Times: user=0.00 sys=0.00, real=0.00 secs] 
0.138: [GC 0.138: [DefNew: 3909K->0K(4928K), 0.0000428 secs] 4082K->174K(15872K), 0.0000571 secs] [Times: user=0.00 sys=0.00, real=0.00 secs] 
0.138: [GC 0.138: [DefNew: 3909K->1K(4928K), 0.0000612 secs] 4082K->175K(15872K), 0.0000780 secs] [Times: user=0.00 sys=0.00, real=0.00 secs] 
0.139: [GC 0.139: [DefNew: 3909K->1K(4928K), 0.0000783 secs] 4083K->175K(15872K), 0.0001098 secs] [Times: user=0.00 sys=0.00, real=0.00 secs] 
0.140: [GC 0.140: [DefNew: 3909K->1K(4928K), 0.0000725 secs] 4083K->175K(15872K), 0.0000886 secs] [Times: user=0.00 sys=0.00, real=0.00 secs] 
0.140: [GC 0.140: [DefNew: 3909K->1K(4928K), 0.0000469 secs] 4083K->175K(15872K), 0.0000602 secs] [Times: user=0.00 sys=0.00, real=0.00 secs] 
0.141: [GC 0.141: [DefNew: 3909K->1K(4928K), 0.0000411 secs] 4083K->175K(15872K), 0.0000537 secs] [Times: user=0.00 sys=0.00, real=0.00 secs] 
0.141: [GC 0.141: [DefNew: 3909K->1K(4928K), 0.0000387 secs] 4083K->175K(15872K), 0.0000503 secs] [Times: user=0.00 sys=0.00, real=0.00 secs] 
0.142: [GC 0.142: [DefNew: 3909K->1K(4928K), 0.0000397 secs] 4083K->175K(15872K), 0.0000523 secs] [Times: user=0.00 sys=0.00, real=0.00 secs] 
0.142: [GC 0.142: [DefNew: 3909K->1K(4928K), 0.0000373 secs] 4083K->175K(15872K), 0.0000496 secs] [Times: user=0.00 sys=0.00, real=0.00 secs] 
0.143: [GC 0.143: [DefNew: 3909K->1K(4928K), 0.0000499 secs] 4083K->175K(15872K), 0.0000681 secs] [Times: user=0.00 sys=0.00, real=0.00 secs] 
0.143: [GC 0.143: [DefNew: 3909K->1K(4928K), 0.0000493 secs] 4084K->175K(15872K), 0.0000698 secs] [Times: user=0.00 sys=0.00, real=0.00 secs] 
0.144: [GC 0.144: [DefNew: 3909K->1K(4928K), 0.0000479 secs] 4084K->175K(15872K), 0.0000657 secs] [Times: user=0.00 sys=0.00, real=0.00 secs] 
0.144: [GC 0.144: [DefNew: 3909K->1K(4928K), 0.0000558 secs] 4084K->175K(15872K), 0.0000749 secs] [Times: user=0.00 sys=0.00, real=0.00 secs] 
0.145: [GC 0.145: [DefNew: 3909K->1K(4928K), 0.0000476 secs] 4084K->175K(15872K), 0.0000647 secs] [Times: user=0.00 sys=0.00, real=0.00 secs] 
0.145: [GC 0.145: [DefNew: 3909K->1K(4928K), 0.0000469 secs] 4084K->175K(15872K), 0.0000640 secs] [Times: user=0.00 sys=0.00, real=0.00 secs] 
0.146: [GC 0.146: [DefNew: 3909K->1K(4928K), 0.0000595 secs] 4084K->176K(15872K), 0.0000742 secs] [Times: user=0.00 sys=0.00, real=0.00 secs] 
0.146: [GC 0.146: [DefNew: 3909K->0K(4928K), 0.0000465 secs] 4084K->176K(15872K), 0.0000633 secs] [Times: user=0.00 sys=0.00, real=0.00 secs] 
0.147: [GC 0.147: [DefNew: 3909K->0K(4928K), 0.0000414 secs] 4084K->176K(15872K), 0.0000564 secs] [Times: user=0.00 sys=0.00, real=0.00 secs] 
0.147: [GC 0.147: [DefNew: 3909K->0K(4928K), 0.0000434 secs] 4084K->176K(15872K), 0.0000592 secs] [Times: user=0.00 sys=0.00, real=0.00 secs] 
0.148: [GC 0.148: [DefNew: 3909K->0K(4928K), 0.0000380 secs] 4084K->176K(15872K), 0.0000523 secs] [Times: user=0.00 sys=0.00, real=0.00 secs] 
0.148: [GC 0.148: [DefNew: 3909K->0K(4928K), 0.0000356 secs] 4084K->176K(15872K), 0.0000499 secs] [Times: user=0.00 sys=0.00, real=0.00 secs] 
0.149: [GC 0.149: [DefNew: 3909K->0K(4928K), 0.0000373 secs] 4084K->176K(15872K), 0.0000513 secs] [Times: user=0.00 sys=0.00, real=0.00 secs] 
0.149: [GC 0.149: [DefNew: 3909K->0K(4928K), 0.0000349 secs] 4084K->176K(15872K), 0.0000496 secs] [Times: user=0.00 sys=0.00, real=0.00 secs] 
0.150: [GC 0.150: [DefNew: 3909K->0K(4928K), 0.0000342 secs] 4084K->176K(15872K), 0.0000489 secs] [Times: user=0.00 sys=0.00, real=0.00 secs] 
0.150: [GC 0.150: [DefNew: 3909K->0K(4928K), 0.0000424 secs] 4084K->176K(15872K), 0.0000561 secs] [Times: user=0.00 sys=0.00, real=0.00 secs] 
0.151: [GC 0.151: [DefNew: 3909K->0K(4928K), 0.0000335 secs] 4084K->176K(15872K), 0.0000472 secs] [Times: user=0.00 sys=0.00, real=0.00 secs] 
0.151: [GC 0.151: [DefNew: 3909K->0K(4928K), 0.0000325 secs] 4084K->176K(15872K), 0.0000465 secs] [Times: user=0.00 sys=0.00, real=0.00 secs] 
0.152: [GC 0.152: [DefNew: 3909K->0K(4928K), 0.0000421 secs] 4084K->176K(15872K), 0.0000558 secs] [Times: user=0.00 sys=0.00, real=0.00 secs] 
0.152: [GC 0.152: [DefNew: 3909K->0K(4928K), 0.0000328 secs] 4084K->176K(15872K), 0.0000469 secs] [Times: user=0.00 sys=0.00, real=0.00 secs] 
0.153: [GC 0.153: [DefNew: 3909K->0K(4928K), 0.0001009 secs] 4084K->176K(15872K), 0.0001232 secs] [Times: user=0.00 sys=0.00, real=0.00 secs] 
0.153: [GC 0.153: [DefNew: 3909K->0K(4928K), 0.0000482 secs] 4084K->176K(15872K), 0.0000640 secs] [Times: user=0.00 sys=0.00, real=0.00 secs] 
0.154: [GC 0.154: [DefNew: 3909K->0K(4928K), 0.0000616 secs] 4085K->176K(15872K), 0.0000773 secs] [Times: user=0.00 sys=0.00, real=0.00 secs] 
0.155: [GC 0.155: [DefNew: 3909K->0K(4928K), 0.0000441 secs] 4085K->176K(15872K), 0.0000558 secs] [Times: user=0.00 sys=0.00, real=0.00 secs] 
0.155: [GC 0.155: [DefNew: 3909K->0K(4928K), 0.0000342 secs] 4085K->176K(15872K), 0.0000455 secs] [Times: user=0.00 sys=0.00, real=0.00 secs] 
0.156: [GC 0.156: [DefNew: 3909K->0K(4928K), 0.0000328 secs] 4085K->176K(15872K), 0.0000441 secs] [Times: user=0.00 sys=0.00, real=0.00 secs] 
0.156: [GC 0.156: [DefNew: 3909K->0K(4928K), 0.0000352 secs] 4085K->176K(15872K), 0.0000476 secs] [Times: user=0.00 sys=0.00, real=0.00 secs] 
0.157: [GC 0.157: [DefNew: 3909K->0K(4928K), 0.0000315 secs] 4085K->177K(15872K), 0.0000428 secs] [Times: user=0.00 sys=0.00, real=0.00 secs] 
0.157: [GC 0.157: [DefNew: 3909K->0K(4928K), 0.0000325 secs] 4085K->177K(15872K), 0.0000434 secs] [Times: user=0.00 sys=0.00, real=0.00 secs] 
0.157: [GC 0.157: [DefNew: 3909K->0K(4928K), 0.0000318 secs] 4085K->177K(15872K), 0.0000431 secs] [Times: user=0.00 sys=0.00, real=0.00 secs] 
0.158: [GC 0.158: [DefNew: 3909K->0K(4928K), 0.0000458 secs] 4085K->177K(15872K), 0.0000616 secs] [Times: user=0.00 sys=0.00, real=0.00 secs] 
0.158: [GC 0.158: [DefNew: 3909K->0K(4928K), 0.0000568 secs] 4085K->177K(15872K), 0.0000701 secs] [Times: user=0.00 sys=0.00, real=0.00 secs] 
0.159: [GC 0.159: [DefNew: 3909K->0K(4928K), 0.0000390 secs] 4085K->177K(15872K), 0.0000520 secs] [Times: user=0.00 sys=0.00, real=0.00 secs] 
0.159: [GC 0.159: [DefNew: 3909K->0K(4928K), 0.0000342 secs] 4085K->177K(15872K), 0.0000462 secs] [Times: user=0.00 sys=0.00, real=0.00 secs] 
0.160: [GC 0.160: [DefNew: 3909K->0K(4928K), 0.0000339 secs] 4085K->177K(15872K), 0.0000458 secs] [Times: user=0.00 sys=0.00, real=0.00 secs] 
0.160: [GC 0.160: [DefNew: 3909K->0K(4928K), 0.0000328 secs] 4085K->177K(15872K), 0.0000445 secs] [Times: user=0.00 sys=0.00, real=0.00 secs] 
0.161: [GC 0.161: [DefNew: 3909K->0K(4928K), 0.0000322 secs] 4085K->177K(15872K), 0.0000438 secs] [Times: user=0.00 sys=0.00, real=0.00 secs] 
0.161: [GC 0.161: [DefNew: 3909K->0K(4928K), 0.0000325 secs] 4085K->177K(15872K), 0.0000434 secs] [Times: user=0.00 sys=0.00, real=0.00 secs] 
0.162: [GC 0.162: [DefNew: 3909K->0K(4928K), 0.0000335 secs] 4085K->177K(15872K), 0.0000455 secs] [Times: user=0.00 sys=0.00, real=0.00 secs] 
0.162: [GC 0.162: [DefNew: 3909K->0K(4928K), 0.0000325 secs] 4085K->177K(15872K), 0.0000438 secs] [Times: user=0.00 sys=0.00, real=0.00 secs] 
0.163: [GC 0.163: [DefNew: 3909K->0K(4928K), 0.0000298 secs] 4085K->177K(15872K), 0.0000496 secs] [Times: user=0.00 sys=0.02, real=0.00 secs] 
0.163: [GC 0.163: [DefNew: 3909K->0K(4928K), 0.0000503 secs] 4085K->177K(15872K), 0.0000688 secs] [Times: user=0.00 sys=0.00, real=0.00 secs] 
0.164: [GC 0.164: [DefNew: 3909K->0K(4928K), 0.0000458 secs] 4085K->177K(15872K), 0.0000629 secs] [Times: user=0.00 sys=0.00, real=0.00 secs] 
0.164: [GC 0.164: [DefNew: 3909K->0K(4928K), 0.0000438 secs] 4085K->177K(15872K), 0.0000609 secs] [Times: user=0.00 sys=0.00, real=0.00 secs] 
0.165: [GC 0.165: [DefNew: 3909K->0K(4928K), 0.0000445 secs] 4086K->177K(15872K), 0.0000616 secs] [Times: user=0.00 sys=0.00, real=0.00 secs] 
0.165: [GC 0.165: [DefNew: 3909K->0K(4928K), 0.0000441 secs] 4086K->177K(15872K), 0.0000612 secs] [Times: user=0.00 sys=0.00, real=0.00 secs] 
0.166: [GC 0.166: [DefNew: 3909K->0K(4928K), 0.0000438 secs] 4086K->177K(15872K), 0.0000609 secs] [Times: user=0.00 sys=0.00, real=0.00 secs] 
0.166: [GC 0.166: [DefNew: 3909K->0K(4928K), 0.0000438 secs] 4086K->177K(15872K), 0.0000609 secs] [Times: user=0.00 sys=0.00, real=0.00 secs] 
0.167: [GC 0.167: [DefNew: 3909K->0K(4928K), 0.0000434 secs] 4086K->177K(15872K), 0.0000698 secs] [Times: user=0.00 sys=0.00, real=0.00 secs] 
0.167: [GC 0.167: [DefNew: 3909K->0K(4928K), 0.0000434 secs] 4086K->178K(15872K), 0.0000602 secs] [Times: user=0.00 sys=0.00, real=0.00 secs] 
0.168: [GC 0.168: [DefNew: 3909K->0K(4928K), 0.0000448 secs] 4086K->178K(15872K), 0.0000797 secs] [Times: user=0.00 sys=0.00, real=0.00 secs] 
0.168: [GC 0.168: [DefNew: 3909K->0K(4928K), 0.0000441 secs] 4086K->178K(15872K), 0.0000609 secs] [Times: user=0.00 sys=0.00, real=0.00 secs] 
0.169: [GC 0.169: [DefNew: 3909K->0K(4928K), 0.0000455 secs] 4086K->178K(15872K), 0.0000633 secs] [Times: user=0.00 sys=0.00, real=0.00 secs] 
0.169: [GC 0.169: [DefNew: 3909K->0K(4928K), 0.0000369 secs] 4086K->178K(15872K), 0.0000517 secs] [Times: user=0.00 sys=0.00, real=0.00 secs] 
0.170: [GC 0.170: [DefNew: 3909K->0K(4928K), 0.0000431 secs] 4086K->178K(15872K), 0.0000602 secs] [Times: user=0.00 sys=0.00, real=0.00 secs] 
0.170: [GC 0.170: [DefNew: 3909K->0K(4928K), 0.0000359 secs] 4086K->178K(15872K), 0.0000503 secs] [Times: user=0.00 sys=0.00, real=0.00 secs] 
0.171: [GC 0.171: [DefNew: 3909K->0K(4928K), 0.0000322 secs] 4086K->178K(15872K), 0.0000462 secs] [Times: user=0.00 sys=0.00, real=0.00 secs] 
0.171: [GC 0.171: [DefNew: 3909K->0K(4928K), 0.0000322 secs] 4086K->178K(15872K), 0.0000462 secs] [Times: user=0.00 sys=0.00, real=0.00 secs] 
0.172: [GC 0.172: [DefNew: 3909K->0K(4928K), 0.0000455 secs] 4086K->178K(15872K), 0.0000708 secs] [Times: user=0.00 sys=0.00, real=0.00 secs] 
0.172: [GC 0.172: [DefNew: 3909K->1K(4928K), 0.0000380 secs] 4086K->179K(15872K), 0.0000513 secs] [Times: user=0.00 sys=0.00, real=0.00 secs] 
0.173: [GC 0.173: [DefNew: 3910K->1K(4928K), 0.0000363 secs] 4087K->179K(15872K), 0.0000503 secs] [Times: user=0.00 sys=0.00, real=0.00 secs] 
0.173: [GC 0.173: [DefNew: 3910K->1K(4928K), 0.0000366 secs] 4088K->179K(15872K), 0.0000510 secs] [Times: user=0.00 sys=0.00, real=0.00 secs] 
0.173: [GC 0.173: [DefNew: 3910K->1K(4928K), 0.0000352 secs] 4088K->179K(15872K), 0.0000493 secs] [Times: user=0.00 sys=0.00, real=0.00 secs] 
0.174: [GC 0.174: [DefNew: 3910K->1K(4928K), 0.0000339 secs] 4088K->179K(15872K), 0.0000479 secs] [Times: user=0.00 sys=0.00, real=0.00 secs] 
0.174: [GC 0.174: [DefNew: 3910K->1K(4928K), 0.0000332 secs] 4088K->179K(15872K), 0.0000472 secs] [Times: user=0.00 sys=0.00, real=0.00 secs] 
0.175: [GC 0.175: [DefNew: 3910K->1K(4928K), 0.0000421 secs] 4088K->179K(15872K), 0.0000568 secs] [Times: user=0.00 sys=0.00, real=0.00 secs] 
0.176: [GC 0.176: [DefNew: 3910K->1K(4928K), 0.0000510 secs] 4088K->180K(15872K), 0.0000749 secs] [Times: user=0.00 sys=0.00, real=0.00 secs] 
0.176: [GC 0.176: [DefNew: 3910K->1K(4928K), 0.0000438 secs] 4088K->180K(15872K), 0.0000571 secs] [Times: user=0.00 sys=0.00, real=0.00 secs] 
0.177: [GC 0.177: [DefNew: 3910K->1K(4928K), 0.0000356 secs] 4088K->180K(15872K), 0.0000469 secs] [Times: user=0.00 sys=0.00, real=0.00 secs] 
0.177: [GC 0.177: [DefNew: 3910K->1K(4928K), 0.0000342 secs] 4088K->180K(15872K), 0.0000458 secs] [Times: user=0.00 sys=0.00, real=0.00 secs] 
0.178: [GC 0.178: [DefNew: 3910K->1K(4928K), 0.0000332 secs] 4088K->180K(15872K), 0.0000445 secs] [Times: user=0.00 sys=0.00, real=0.00 secs] 
0.178: [GC 0.178: [DefNew: 3910K->1K(4928K), 0.0000369 secs] 4088K->180K(15872K), 0.0000486 secs] [Times: user=0.00 sys=0.00, real=0.00 secs] 
0.178: [GC 0.179: [DefNew: 3910K->1K(4928K), 0.0000346 secs] 4088K->180K(15872K), 0.0000455 secs] [Times: user=0.00 sys=0.00, real=0.00 secs] 
0.179: [GC 0.179: [DefNew: 3910K->1K(4928K), 0.0000469 secs] 4088K->180K(15872K), 0.0000626 secs] [Times: user=0.00 sys=0.00, real=0.00 secs] 
0.180: [GC 0.180: [DefNew: 3910K->0K(4928K), 0.0000499 secs] 4088K->180K(15872K), 0.0000671 secs] [Times: user=0.00 sys=0.00, real=0.00 secs] 
0.180: [GC 0.180: [DefNew: 3909K->0K(4928K), 0.0000363 secs] 4088K->180K(15872K), 0.0000510 secs] [Times: user=0.00 sys=0.00, real=0.00 secs] 
0.181: [GC 0.181: [DefNew: 3909K->0K(4928K), 0.0000339 secs] 4088K->180K(15872K), 0.0000482 secs] [Times: user=0.00 sys=0.00, real=0.00 secs] 
0.181: [GC 0.181: [DefNew: 3909K->0K(4928K), 0.0000328 secs] 4088K->180K(15872K), 0.0000476 secs] [Times: user=0.00 sys=0.00, real=0.00 secs] 
0.182: [GC 0.182: [DefNew: 3909K->0K(4928K), 0.0000335 secs] 4088K->180K(15872K), 0.0000482 secs] [Times: user=0.00 sys=0.00, real=0.00 secs] 
0.182: [GC 0.182: [DefNew: 3909K->0K(4928K), 0.0000335 secs] 4088K->180K(15872K), 0.0000476 secs] [Times: user=0.00 sys=0.00, real=0.00 secs] 
0.183: [GC 0.183: [DefNew: 3909K->0K(4928K), 0.0000363 secs] 4088K->180K(15872K), 0.0000520 secs] [Times: user=0.00 sys=0.00, real=0.00 secs] 
0.183: [GC 0.183: [DefNew: 3909K->0K(4928K), 0.0000332 secs] 4088K->180K(15872K), 0.0000476 secs] [Times: user=0.00 sys=0.00, real=0.00 secs] 
0.184: [GC 0.184: [DefNew: 3909K->0K(4928K), 0.0000352 secs] 4089K->180K(15872K), 0.0000499 secs] [Times: user=0.00 sys=0.00, real=0.00 secs] 
0.184: [GC 0.184: [DefNew: 3909K->0K(4928K), 0.0000332 secs] 4089K->180K(15872K), 0.0000482 secs] [Times: user=0.00 sys=0.00, real=0.00 secs] 
0.185: [GC 0.185: [DefNew: 3909K->0K(4928K), 0.0000414 secs] 4089K->180K(15872K), 0.0000568 secs] [Times: user=0.00 sys=0.00, real=0.00 secs] 
0.185: [GC 0.185: [DefNew: 3909K->0K(4928K), 0.0000318 secs] 4089K->180K(15872K), 0.0000465 secs] [Times: user=0.00 sys=0.00, real=0.00 secs] 
0.186: [GC 0.186: [DefNew: 3909K->0K(4928K), 0.0000499 secs] 4089K->180K(15872K), 0.0001132 secs] [Times: user=0.00 sys=0.00, real=0.00 secs] 
0.186: [GC 0.186: [DefNew: 3909K->0K(4928K), 0.0000332 secs] 4089K->181K(15872K), 0.0000479 secs] [Times: user=0.00 sys=0.00, real=0.00 secs] 
0.187: [GC 0.187: [DefNew: 3909K->0K(4928K), 0.0000506 secs] 4089K->181K(15872K), 0.0000643 secs] [Times: user=0.00 sys=0.00, real=0.00 secs] 
0.187: [GC 0.187: [DefNew: 3909K->0K(4928K), 0.0000315 secs] 4089K->181K(15872K), 0.0000458 secs] [Times: user=0.00 sys=0.00, real=0.00 secs] 
0.188: [GC 0.188: [DefNew: 3909K->0K(4928K), 0.0000304 secs] 4089K->181K(15872K), 0.0000445 secs] [Times: user=0.00 sys=0.00, real=0.00 secs] 
0.188: [GC 0.188: [DefNew: 3909K->0K(4928K), 0.0000342 secs] 4089K->181K(15872K), 0.0000489 secs] [Times: user=0.00 sys=0.00, real=0.00 secs] 
0.188: [GC 0.188: [DefNew: 3909K->0K(4928K), 0.0000308 secs] 4089K->181K(15872K), 0.0000448 secs] [Times: user=0.00 sys=0.00, real=0.00 secs] 
0.189: [GC 0.189: [DefNew: 3909K->0K(4928K), 0.0000311 secs] 4089K->181K(15872K), 0.0000448 secs] [Times: user=0.00 sys=0.00, real=0.00 secs] 
0.189: [GC 0.189: [DefNew: 3909K->0K(4928K), 0.0000308 secs] 4089K->181K(15872K), 0.0000445 secs] [Times: user=0.00 sys=0.00, real=0.00 secs] 
0.190: [GC 0.190: [DefNew: 3909K->0K(4928K), 0.0000308 secs] 4089K->181K(15872K), 0.0000448 secs] [Times: user=0.00 sys=0.00, real=0.00 secs] 
0.190: [GC 0.190: [DefNew: 3909K->0K(4928K), 0.0000304 secs] 4089K->181K(15872K), 0.0000455 secs] [Times: user=0.00 sys=0.00, real=0.00 secs] 
0.191: [GC 0.191: [DefNew: 3909K->0K(4928K), 0.0000318 secs] 4089K->181K(15872K), 0.0000458 secs] [Times: user=0.00 sys=0.00, real=0.00 secs] 
0.191: [GC 0.191: [DefNew: 3909K->0K(4928K), 0.0000304 secs] 4089K->181K(15872K), 0.0000438 secs] [Times: user=0.00 sys=0.00, real=0.00 secs] 
0.192: [GC 0.192: [DefNew: 3909K->0K(4928K), 0.0000400 secs] 4089K->181K(15872K), 0.0000558 secs] [Times: user=0.00 sys=0.00, real=0.00 secs] 
0.192: [GC 0.192: [DefNew: 3909K->0K(4928K), 0.0000328 secs] 4089K->181K(15872K), 0.0000472 secs] [Times: user=0.00 sys=0.00, real=0.00 secs] 
0.193: [GC 0.193: [DefNew: 3909K->0K(4928K), 0.0000315 secs] 4089K->181K(15872K), 0.0000452 secs] [Times: user=0.00 sys=0.00, real=0.00 secs] 
0.193: [GC 0.193: [DefNew: 3909K->0K(4928K), 0.0000346 secs] 4089K->181K(15872K), 0.0000489 secs] [Times: user=0.00 sys=0.00, real=0.00 secs] 
0.193: [GC 0.193: [DefNew: 3909K->0K(4928K), 0.0000318 secs] 4089K->181K(15872K), 0.0000458 secs] [Times: user=0.00 sys=0.00, real=0.00 secs] 
0.194: [GC 0.194: [DefNew: 3909K->0K(4928K), 0.0000626 secs] 4090K->181K(15872K), 0.0000900 secs] [Times: user=0.00 sys=0.00, real=0.00 secs] 
0.195: [GC 0.195: [DefNew: 3909K->0K(4928K), 0.0000356 secs] 4090K->181K(15872K), 0.0000482 secs] [Times: user=0.00 sys=0.00, real=0.00 secs] 
0.195: [GC 0.195: [DefNew: 3909K->0K(4928K), 0.0000332 secs] 4090K->181K(15872K), 0.0000441 secs] [Times: user=0.00 sys=0.00, real=0.00 secs] 
0.195: [GC 0.195: [DefNew: 3909K->0K(4928K), 0.0000315 secs] 4090K->181K(15872K), 0.0000428 secs] [Times: user=0.00 sys=0.00, real=0.00 secs] 
0.196: [GC 0.196: [DefNew: 3909K->0K(4928K), 0.0000332 secs] 4090K->181K(15872K), 0.0000479 secs] [Times: user=0.00 sys=0.00, real=0.00 secs] 
0.196: [GC 0.196: [DefNew: 3909K->0K(4928K), 0.0000332 secs] 4090K->182K(15872K), 0.0000476 secs] [Times: user=0.00 sys=0.00, real=0.00 secs] 
0.197: [GC 0.197: [DefNew: 3909K->0K(4928K), 0.0000342 secs] 4090K->182K(15872K), 0.0000489 secs] [Times: user=0.00 sys=0.00, real=0.00 secs] 
0.197: [GC 0.197: [DefNew: 3909K->0K(4928K), 0.0000328 secs] 4090K->182K(15872K), 0.0000472 secs] [Times: user=0.00 sys=0.00, real=0.00 secs] 
0.198: [GC 0.198: [DefNew: 3909K->0K(4928K), 0.0000356 secs] 4090K->182K(15872K), 0.0000510 secs] [Times: user=0.00 sys=0.00, real=0.00 secs] 
0.198: [GC 0.198: [DefNew: 3909K->0K(4928K), 0.0000325 secs] 4090K->182K(15872K), 0.0000476 secs] [Times: user=0.00 sys=0.00, real=0.00 secs] 
0.199: [GC 0.199: [DefNew: 3909K->0K(4928K), 0.0000335 secs] 4090K->182K(15872K), 0.0000486 secs] [Times: user=0.00 sys=0.00, real=0.00 secs] 
0.199: [GC 0.199: [DefNew: 3909K->0K(4928K), 0.0000322 secs] 4090K->182K(15872K), 0.0000482 secs] [Times: user=0.00 sys=0.00, real=0.00 secs] 
0.200: [GC 0.200: [DefNew: 3909K->0K(4928K), 0.0000318 secs] 4090K->182K(15872K), 0.0000452 secs] [Times: user=0.00 sys=0.00, real=0.00 secs] 
0.200: [GC 0.200: [DefNew: 3909K->0K(4928K), 0.0000318 secs] 4090K->182K(15872K), 0.0000458 secs] [Times: user=0.00 sys=0.00, real=0.00 secs] 
0.201: [GC 0.201: [DefNew: 3909K->0K(4928K), 0.0000318 secs] 4090K->182K(15872K), 0.0000476 secs] [Times: user=0.00 sys=0.00, real=0.00 secs] 
0.201: [GC 0.201: [DefNew: 3909K->0K(4928K), 0.0000318 secs] 4090K->182K(15872K), 0.0000455 secs] [Times: user=0.00 sys=0.00, real=0.00 secs] 
0.201: [GC 0.201: [DefNew: 3909K->0K(4928K), 0.0000318 secs] 4090K->182K(15872K), 0.0000458 secs] [Times: user=0.00 sys=0.00, real=0.00 secs] 
0.202: [GC 0.202: [DefNew: 3909K->0K(4928K), 0.0000318 secs] 4090K->182K(15872K), 0.0000462 secs] [Times: user=0.00 sys=0.00, real=0.00 secs] 
0.202: [GC 0.202: [DefNew: 3909K->0K(4928K), 0.0000315 secs] 4090K->182K(15872K), 0.0000455 secs] [Times: user=0.00 sys=0.00, real=0.00 secs] 
0.203: [GC 0.203: [DefNew: 3909K->0K(4928K), 0.0000458 secs] 4090K->182K(15872K), 0.0000606 secs] [Times: user=0.00 sys=0.00, real=0.00 secs] 
0.203: [GC 0.204: [DefNew: 3909K->0K(4928K), 0.0000424 secs] 4090K->182K(15872K), 0.0000564 secs] [Times: user=0.00 sys=0.00, real=0.00 secs] 
0.204: [GC 0.204: [DefNew: 3909K->0K(4928K), 0.0000414 secs] 4091K->182K(15872K), 0.0000551 secs] [Times: user=0.00 sys=0.00, real=0.00 secs] 
0.204: [GC 0.204: [DefNew: 3909K->0K(4928K), 0.0000352 secs] 4091K->182K(15872K), 0.0000465 secs] [Times: user=0.00 sys=0.00, real=0.00 secs] 
0.205: [GC 0.205: [DefNew: 3909K->0K(4928K), 0.0000332 secs] 4091K->182K(15872K), 0.0000455 secs] [Times: user=0.00 sys=0.00, real=0.00 secs] 
0.205: [GC 0.205: [DefNew: 3909K->0K(4928K), 0.0000328 secs] 4091K->182K(15872K), 0.0000445 secs] [Times: user=0.00 sys=0.00, real=0.00 secs] 
0.206: [GC 0.206: [DefNew: 3909K->0K(4928K), 0.0000318 secs] 4091K->182K(15872K), 0.0000438 secs] [Times: user=0.00 sys=0.00, real=0.00 secs] 
0.206: [GC 0.206: [DefNew: 3909K->0K(4928K), 0.0000318 secs] 4091K->183K(15872K), 0.0000431 secs] [Times: user=0.00 sys=0.00, real=0.00 secs] 
0.207: [GC 0.207: [DefNew: 3909K->0K(4928K), 0.0000342 secs] 4091K->183K(15872K), 0.0000458 secs] [Times: user=0.00 sys=0.00, real=0.00 secs] 
0.207: [GC 0.207: [DefNew: 3909K->0K(4928K), 0.0000318 secs] 4091K->183K(15872K), 0.0000431 secs] [Times: user=0.00 sys=0.00, real=0.00 secs] 
0.208: [GC 0.208: [DefNew: 3909K->0K(4928K), 0.0000393 secs] 4091K->183K(15872K), 0.0000530 secs] [Times: user=0.00 sys=0.00, real=0.00 secs] 
0.208: [GC 0.208: [DefNew: 3909K->0K(4928K), 0.0000407 secs] 4091K->183K(15872K), 0.0000547 secs] [Times: user=0.00 sys=0.00, real=0.00 secs] 
0.209: [GC 0.209: [DefNew: 3909K->0K(4928K), 0.0000486 secs] 4091K->183K(15872K), 0.0000640 secs] [Times: user=0.00 sys=0.00, real=0.00 secs] 
0.209: [GC 0.209: [DefNew: 3909K->0K(4928K), 0.0000376 secs] 4091K->183K(15872K), 0.0000520 secs] [Times: user=0.00 sys=0.00, real=0.00 secs] 
0.210: [GC 0.210: [DefNew: 3909K->0K(4928K), 0.0000404 secs] 4091K->183K(15872K), 0.0000541 secs] [Times: user=0.00 sys=0.00, real=0.00 secs] 
0.210: [GC 0.210: [DefNew: 3909K->0K(4928K), 0.0000346 secs] 4091K->183K(15872K), 0.0000462 secs] [Times: user=0.00 sys=0.00, real=0.00 secs] 
0.211: [GC 0.211: [DefNew: 3909K->0K(4928K), 0.0000335 secs] 4091K->183K(15872K), 0.0000448 secs] [Times: user=0.00 sys=0.00, real=0.00 secs] 
0.211: [GC 0.211: [DefNew: 3909K->0K(4928K), 0.0000315 secs] 4091K->183K(15872K), 0.0000428 secs] [Times: user=0.00 sys=0.00, real=0.00 secs] 
0.212: [GC 0.212: [DefNew: 3909K->0K(4928K), 0.0000328 secs] 4091K->183K(15872K), 0.0000445 secs] [Times: user=0.00 sys=0.00, real=0.00 secs] 
0.212: [GC 0.212: [DefNew: 3909K->0K(4928K), 0.0000315 secs] 4091K->183K(15872K), 0.0000431 secs] [Times: user=0.00 sys=0.00, real=0.00 secs] 
0.213: [GC 0.213: [DefNew: 3909K->0K(4928K), 0.0000376 secs] 4091K->183K(15872K), 0.0000564 secs] [Times: user=0.00 sys=0.00, real=0.00 secs] 
0.213: [GC 0.213: [DefNew: 3909K->0K(4928K), 0.0000339 secs] 4091K->183K(15872K), 0.0000486 secs] [Times: user=0.00 sys=0.00, real=0.00 secs] 
0.214: [GC 0.214: [DefNew: 3909K->0K(4928K), 0.0000322 secs] 4091K->183K(15872K), 0.0000472 secs] [Times: user=0.00 sys=0.00, real=0.00 secs] 
0.214: [GC 0.214: [DefNew: 3909K->0K(4928K), 0.0000503 secs] 4092K->183K(15872K), 0.0000671 secs] [Times: user=0.00 sys=0.00, real=0.00 secs] 
0.215: [GC 0.215: [DefNew: 3909K->0K(4928K), 0.0000383 secs] 4092K->183K(15872K), 0.0000547 secs] [Times: user=0.00 sys=0.00, real=0.00 secs] 
0.215: [GC 0.215: [DefNew: 3909K->0K(4928K), 0.0000335 secs] 4092K->183K(15872K), 0.0000479 secs] [Times: user=0.00 sys=0.00, real=0.00 secs] 
0.216: [GC 0.216: [DefNew: 3909K->0K(4928K), 0.0000322 secs] 4092K->183K(15872K), 0.0000462 secs] [Times: user=0.00 sys=0.00, real=0.00 secs] 
0.216: [GC 0.216: [DefNew: 3909K->0K(4928K), 0.0000328 secs] 4092K->183K(15872K), 0.0000472 secs] [Times: user=0.00 sys=0.00, real=0.00 secs] 
0.216: [GC 0.216: [DefNew: 3909K->0K(4928K), 0.0000318 secs] 4092K->184K(15872K), 0.0000458 secs] [Times: user=0.00 sys=0.00, real=0.00 secs] 
0.217: [GC 0.217: [DefNew: 3909K->0K(4928K), 0.0000328 secs] 4092K->184K(15872K), 0.0000472 secs] [Times: user=0.00 sys=0.00, real=0.00 secs] 
0.217: [GC 0.217: [DefNew: 3909K->0K(4928K), 0.0000322 secs] 4092K->184K(15872K), 0.0000458 secs] [Times: user=0.00 sys=0.00, real=0.00 secs] 
0.218: [GC 0.218: [DefNew: 3909K->0K(4928K), 0.0000366 secs] 4092K->184K(15872K), 0.0000520 secs] [Times: user=0.00 sys=0.00, real=0.00 secs] 
0.218: [GC 0.218: [DefNew: 3909K->0K(4928K), 0.0000318 secs] 4092K->184K(15872K), 0.0000458 secs] [Times: user=0.00 sys=0.00, real=0.00 secs] 
0.219: [GC 0.219: [DefNew: 3909K->0K(4928K), 0.0000318 secs] 4092K->184K(15872K), 0.0000458 secs] [Times: user=0.00 sys=0.00, real=0.00 secs] 
0.219: [GC 0.219: [DefNew: 3909K->0K(4928K), 0.0000318 secs] 4092K->184K(15872K), 0.0000458 secs] [Times: user=0.00 sys=0.00, real=0.00 secs] 
0.220: [GC 0.220: [DefNew: 3909K->0K(4928K), 0.0000438 secs] 4092K->184K(15872K), 0.0000606 secs] [Times: user=0.00 sys=0.00, real=0.00 secs] 
0.220: [GC 0.220: [DefNew: 3909K->0K(4928K), 0.0000335 secs] 4092K->184K(15872K), 0.0000472 secs] [Times: user=0.00 sys=0.00, real=0.00 secs] 
0.221: [GC 0.221: [DefNew: 3909K->2K(4928K), 0.0000438 secs] 4092K->186K(15872K), 0.0000739 secs] [Times: user=0.00 sys=0.00, real=0.00 secs] 
0.221: [GC 0.221: [DefNew: 3910K->2K(4928K), 0.0000352 secs] 4094K->186K(15872K), 0.0000489 secs] [Times: user=0.00 sys=0.00, real=0.00 secs] 
0.222: [GC 0.222: [DefNew: 3910K->2K(4928K), 0.0000342 secs] 4094K->186K(15872K), 0.0000486 secs] [Times: user=0.00 sys=0.00, real=0.00 secs] 
0.222: [GC 0.222: [DefNew: 3910K->2K(4928K), 0.0000346 secs] 4094K->186K(15872K), 0.0000486 secs] [Times: user=0.00 sys=0.00, real=0.00 secs] 
0.223: [GC 0.223: [DefNew: 3910K->2K(4928K), 0.0000335 secs] 4094K->186K(15872K), 0.0000476 secs] [Times: user=0.00 sys=0.00, real=0.00 secs] 
0.223: [GC 0.223: [DefNew: 3910K->2K(4928K), 0.0000366 secs] 4094K->186K(15872K), 0.0000517 secs] [Times: user=0.00 sys=0.00, real=0.00 secs] 
0.223: [GC 0.223: [DefNew: 3910K->2K(4928K), 0.0000346 secs] 4094K->186K(15872K), 0.0000489 secs] [Times: user=0.00 sys=0.00, real=0.00 secs] 
0.224: [GC 0.224: [DefNew: 3910K->2K(4928K), 0.0000369 secs] 4094K->186K(15872K), 0.0000510 secs] [Times: user=0.00 sys=0.00, real=0.00 secs] 
0.224: [GC 0.224: [DefNew: 3910K->2K(4928K), 0.0000346 secs] 4094K->186K(15872K), 0.0000486 secs] [Times: user=0.00 sys=0.00, real=0.00 secs] 
0.225: [GC 0.225: [DefNew: 3910K->2K(4928K), 0.0000417 secs] 4094K->186K(15872K), 0.0000551 secs] [Times: user=0.00 sys=0.00, real=0.00 secs] 
0.226: [GC 0.226: [DefNew: 3910K->2K(4928K), 0.0000523 secs] 4094K->186K(15872K), 0.0000708 secs] [Times: user=0.00 sys=0.00, real=0.00 secs] 
0.226: [GC 0.226: [DefNew: 3910K->2K(4928K), 0.0000458 secs] 4094K->186K(15872K), 0.0000599 secs] [Times: user=0.00 sys=0.00, real=0.00 secs] 
0.227: [GC 0.227: [DefNew: 3910K->2K(4928K), 0.0000434 secs] 4095K->186K(15872K), 0.0000609 secs] [Times: user=0.00 sys=0.00, real=0.00 secs] 
0.227: [GC 0.227: [DefNew: 3910K->2K(4928K), 0.0000366 secs] 4095K->186K(15872K), 0.0000510 secs] [Times: user=0.00 sys=0.00, real=0.00 secs] 
0.228: [GC 0.228: [DefNew: 3910K->2K(4928K), 0.0000373 secs] 4095K->186K(15872K), 0.0000513 secs] [Times: user=0.00 sys=0.00, real=0.00 secs] 
0.228: [GC 0.228: [DefNew: 3910K->0K(4928K), 0.0000346 secs] 4095K->186K(15872K), 0.0000482 secs] [Times: user=0.00 sys=0.00, real=0.00 secs] 
0.229: [GC 0.229: [DefNew: 3909K->0K(4928K), 0.0000346 secs] 4095K->186K(15872K), 0.0000489 secs] [Times: user=0.00 sys=0.00, real=0.00 secs] 
0.229: [GC 0.229: [DefNew: 3909K->0K(4928K), 0.0000335 secs] 4095K->187K(15872K), 0.0000476 secs] [Times: user=0.00 sys=0.00, real=0.00 secs] 
0.230: [GC 0.230: [DefNew: 3909K->0K(4928K), 0.0000322 secs] 4095K->187K(15872K), 0.0000462 secs] [Times: user=0.00 sys=0.00, real=0.00 secs] 
0.230: [GC 0.230: [DefNew: 3909K->0K(4928K), 0.0000332 secs] 4095K->187K(15872K), 0.0000472 secs] [Times: user=0.00 sys=0.00, real=0.00 secs] 
0.231: [GC 0.231: [DefNew: 3909K->0K(4928K), 0.0000304 secs] 4095K->187K(15872K), 0.0000448 secs] [Times: user=0.00 sys=0.00, real=0.00 secs] 
0.231: [GC 0.231: [DefNew: 3909K->0K(4928K), 0.0000315 secs] 4095K->187K(15872K), 0.0000452 secs] [Times: user=0.00 sys=0.00, real=0.00 secs] 
0.231: [GC 0.231: [DefNew: 3909K->0K(4928K), 0.0000318 secs] 4095K->187K(15872K), 0.0000455 secs] [Times: user=0.00 sys=0.00, real=0.00 secs] 
0.232: [GC 0.232: [DefNew: 3909K->0K(4928K), 0.0000328 secs] 4095K->187K(15872K), 0.0000462 secs] [Times: user=0.00 sys=0.00, real=0.00 secs] 
0.232: [GC 0.232: [DefNew: 3909K->0K(4928K), 0.0000315 secs] 4095K->187K(15872K), 0.0000455 secs] [Times: user=0.00 sys=0.00, real=0.00 secs] 
0.233: [GC 0.233: [DefNew: 3909K->0K(4928K), 0.0000387 secs] 4095K->187K(15872K), 0.0000534 secs] [Times: user=0.00 sys=0.00, real=0.00 secs] 
0.233: [GC 0.233: [DefNew: 3909K->0K(4928K), 0.0000342 secs] 4095K->187K(15872K), 0.0000482 secs] [Times: user=0.00 sys=0.00, real=0.00 secs] 
0.234: [GC 0.234: [DefNew: 3909K->0K(4928K), 0.0000352 secs] 4095K->187K(15872K), 0.0000496 secs] [Times: user=0.00 sys=0.00, real=0.00 secs] 
0.234: [GC 0.234: [DefNew: 3909K->0K(4928K), 0.0000387 secs] 4095K->187K(15872K), 0.0000534 secs] [Times: user=0.00 sys=0.00, real=0.00 secs] 
0.235: [GC 0.235: [DefNew: 3909K->0K(4928K), 0.0000356 secs] 4095K->187K(15872K), 0.0000602 secs] [Times: user=0.00 sys=0.00, real=0.00 secs] 
0.235: [GC 0.235: [DefNew: 3909K->0K(4928K), 0.0000352 secs] 4095K->187K(15872K), 0.0000496 secs] [Times: user=0.00 sys=0.00, real=0.00 secs] 
0.236: [GC 0.236: [DefNew: 3909K->0K(4928K), 0.0000503 secs] 4095K->187K(15872K), 0.0000684 secs] [Times: user=0.00 sys=0.00, real=0.00 secs] 
0.236: [GC 0.236: [DefNew: 3909K->0K(4928K), 0.0000537 secs] 4095K->187K(15872K), 0.0000725 secs] [Times: user=0.00 sys=0.00, real=0.00 secs] 
0.237: [GC 0.237: [DefNew: 3909K->0K(4928K), 0.0000547 secs] 4095K->187K(15872K), 0.0000739 secs] [Times: user=0.00 sys=0.00, real=0.00 secs] 
0.238: [GC 0.238: [DefNew: 3909K->0K(4928K), 0.0000431 secs] 4096K->187K(15872K), 0.0000592 secs] [Times: user=0.00 sys=0.00, real=0.00 secs] 
0.238: [GC 0.238: [DefNew: 3909K->0K(4928K), 0.0000390 secs] 4096K->187K(15872K), 0.0000541 secs] [Times: user=0.00 sys=0.00, real=0.00 secs] 
0.239: [GC 0.239: [DefNew: 3909K->0K(4928K), 0.0000397 secs] 4096K->187K(15872K), 0.0000547 secs] [Times: user=0.00 sys=0.00, real=0.00 secs] 
0.239: [GC 0.239: [DefNew: 3909K->0K(4928K), 0.0000499 secs] 4096K->187K(15872K), 0.0000677 secs] [Times: user=0.00 sys=0.00, real=0.00 secs] 
0.240: [GC 0.240: [DefNew: 3909K->0K(4928K), 0.0000503 secs] 4096K->187K(15872K), 0.0000688 secs] [Times: user=0.00 sys=0.00, real=0.00 secs] 
0.240: [GC 0.240: [DefNew: 3909K->0K(4928K), 0.0000445 secs] 4096K->188K(15872K), 0.0000606 secs] [Times: user=0.00 sys=0.00, real=0.00 secs] 
0.241: [GC 0.241: [DefNew: 3909K->0K(4928K), 0.0000482 secs] 4096K->188K(15872K), 0.0000729 secs] [Times: user=0.00 sys=0.00, real=0.00 secs] 
0.241: [GC 0.241: [DefNew: 3909K->0K(4928K), 0.0000438 secs] 4096K->188K(15872K), 0.0000588 secs] [Times: user=0.00 sys=0.00, real=0.00 secs] 
0.242: [GC 0.242: [DefNew: 3909K->0K(4928K), 0.0000445 secs] 4096K->188K(15872K), 0.0000588 secs] [Times: user=0.00 sys=0.00, real=0.00 secs] 
0.242: [GC 0.242: [DefNew: 3909K->0K(4928K), 0.0000349 secs] 4096K->188K(15872K), 0.0000469 secs] [Times: user=0.00 sys=0.00, real=0.00 secs] 
0.243: [GC 0.243: [DefNew: 3909K->0K(4928K), 0.0000342 secs] 4096K->188K(15872K), 0.0000458 secs] [Times: user=0.00 sys=0.00, real=0.00 secs] 
0.243: [GC 0.243: [DefNew: 3909K->0K(4928K), 0.0000328 secs] 4096K->188K(15872K), 0.0000441 secs] [Times: user=0.00 sys=0.00, real=0.00 secs] 
0.244: [GC 0.244: [DefNew: 3909K->0K(4928K), 0.0000363 secs] 4096K->188K(15872K), 0.0000489 secs] [Times: user=0.00 sys=0.00, real=0.00 secs] 
0.244: [GC 0.244: [DefNew: 3909K->0K(4928K), 0.0000311 secs] 4096K->188K(15872K), 0.0000428 secs] [Times: user=0.00 sys=0.00, real=0.00 secs] 
0.245: [GC 0.245: [DefNew: 3909K->0K(4928K), 0.0000315 secs] 4096K->188K(15872K), 0.0000438 secs] [Times: user=0.00 sys=0.00, real=0.00 secs] 
0.245: [GC 0.245: [DefNew: 3909K->0K(4928K), 0.0000304 secs] 4096K->188K(15872K), 0.0000417 secs] [Times: user=0.00 sys=0.00, real=0.00 secs] 
0.246: [GC 0.246: [DefNew: 3909K->0K(4928K), 0.0000315 secs] 4096K->188K(15872K), 0.0000424 secs] [Times: user=0.00 sys=0.00, real=0.00 secs] 
0.246: [GC 0.246: [DefNew: 3909K->0K(4928K), 0.0000304 secs] 4096K->188K(15872K), 0.0000417 secs] [Times: user=0.00 sys=0.00, real=0.00 secs] 
0.246: [GC 0.246: [DefNew: 3909K->0K(4928K), 0.0000311 secs] 4096K->188K(15872K), 0.0000421 secs] [Times: user=0.00 sys=0.00, real=0.00 secs] 
0.247: [GC 0.247: [DefNew: 3909K->0K(4928K), 0.0000304 secs] 4096K->188K(15872K), 0.0000417 secs] [Times: user=0.00 sys=0.00, real=0.00 secs] 
0.247: [GC 0.247: [DefNew: 3909K->0K(4928K), 0.0000318 secs] 4096K->188K(15872K), 0.0000434 secs] [Times: user=0.00 sys=0.00, real=0.00 secs] 
0.248: [GC 0.248: [DefNew: 3909K->0K(4928K), 0.0000325 secs] 4097K->188K(15872K), 0.0000434 secs] [Times: user=0.00 sys=0.00, real=0.00 secs] 
0.248: [GC 0.248: [DefNew: 3909K->0K(4928K), 0.0000298 secs] 4097K->188K(15872K), 0.0000404 secs] [Times: user=0.00 sys=0.00, real=0.00 secs] 
0.249: [GC 0.249: [DefNew: 3909K->0K(4928K), 0.0000424 secs] 4097K->188K(15872K), 0.0000547 secs] [Times: user=0.00 sys=0.00, real=0.00 secs] 
0.249: [GC 0.249: [DefNew: 3909K->0K(4928K), 0.0000308 secs] 4097K->188K(15872K), 0.0000421 secs] [Times: user=0.00 sys=0.00, real=0.00 secs] 
0.250: [GC 0.250: [DefNew: 3909K->0K(4928K), 0.0000328 secs] 4097K->188K(15872K), 0.0000534 secs] [Times: user=0.00 sys=0.00, real=0.00 secs] 
0.250: [GC 0.250: [DefNew: 3909K->0K(4928K), 0.0000308 secs] 4097K->189K(15872K), 0.0000421 secs] [Times: user=0.00 sys=0.00, real=0.00 secs] 
0.251: [GC 0.251: [DefNew: 3909K->0K(4928K), 0.0000431 secs] 4097K->189K(15872K), 0.0000595 secs] [Times: user=0.00 sys=0.00, real=0.00 secs] 
0.251: [GC 0.251: [DefNew: 3909K->0K(4928K), 0.0000448 secs] 4097K->189K(15872K), 0.0000616 secs] [Times: user=0.00 sys=0.00, real=0.00 secs] 
0.252: [GC 0.252: [DefNew: 3909K->0K(4928K), 0.0000434 secs] 4097K->189K(15872K), 0.0000602 secs] [Times: user=0.00 sys=0.00, real=0.00 secs] 
0.252: [GC 0.252: [DefNew: 3909K->0K(4928K), 0.0000455 secs] 4097K->189K(15872K), 0.0000623 secs] [Times: user=0.00 sys=0.00, real=0.00 secs] 
0.253: [GC 0.253: [DefNew: 3909K->0K(4928K), 0.0000438 secs] 4097K->189K(15872K), 0.0000602 secs] [Times: user=0.00 sys=0.00, real=0.00 secs] 
0.253: [GC 0.253: [DefNew: 3909K->0K(4928K), 0.0000595 secs] 4097K->189K(15872K), 0.0000770 secs] [Times: user=0.00 sys=0.00, real=0.00 secs] 
0.254: [GC 0.254: [DefNew: 3909K->0K(4928K), 0.0000578 secs] 4097K->189K(15872K), 0.0000766 secs] [Times: user=0.00 sys=0.00, real=0.00 secs] 
0.254: [GC 0.254: [DefNew: 3909K->0K(4928K), 0.0000455 secs] 4097K->189K(15872K), 0.0000616 secs] [Times: user=0.00 sys=0.00, real=0.00 secs] 
0.255: [GC 0.255: [DefNew: 3909K->0K(4928K), 0.0000387 secs] 4097K->189K(15872K), 0.0000517 secs] [Times: user=0.00 sys=0.00, real=0.00 secs] 
0.255: [GC 0.255: [DefNew: 3909K->0K(4928K), 0.0000335 secs] 4097K->189K(15872K), 0.0000445 secs] [Times: user=0.00 sys=0.00, real=0.00 secs] 
0.256: [GC 0.256: [DefNew: 3909K->0K(4928K), 0.0000318 secs] 4097K->189K(15872K), 0.0000431 secs] [Times: user=0.00 sys=0.00, real=0.00 secs] 
0.256: [GC 0.256: [DefNew: 3909K->0K(4928K), 0.0000308 secs] 4097K->189K(15872K), 0.0000414 secs] [Times: user=0.00 sys=0.00, real=0.00 secs] 
0.257: [GC 0.257: [DefNew: 3909K->0K(4928K), 0.0000311 secs] 4097K->189K(15872K), 0.0000496 secs] [Times: user=0.00 sys=0.00, real=0.00 secs] 
0.257: [GC 0.257: [DefNew: 3909K->0K(4928K), 0.0000421 secs] 4097K->189K(15872K), 0.0000564 secs] [Times: user=0.00 sys=0.00, real=0.00 secs] 
0.258: [GC 0.258: [DefNew: 3909K->0K(4928K), 0.0000527 secs] 4097K->189K(15872K), 0.0000705 secs] [Times: user=0.00 sys=0.00, real=0.00 secs] 
0.258: [GC 0.258: [DefNew: 3909K->0K(4928K), 0.0000510 secs] 4098K->189K(15872K), 0.0000671 secs] [Times: user=0.00 sys=0.00, real=0.00 secs] 
0.259: [GC 0.259: [DefNew: 3909K->0K(4928K), 0.0000493 secs] 4098K->189K(15872K), 0.0000653 secs] [Times: user=0.00 sys=0.00, real=0.00 secs] 
0.260: [GC 0.260: [DefNew: 3909K->0K(4928K), 0.0000530 secs] 4098K->189K(15872K), 0.0000701 secs] [Times: user=0.00 sys=0.00, real=0.00 secs] 
0.260: [GC 0.260: [DefNew: 3909K->0K(4928K), 0.0000411 secs] 4098K->189K(15872K), 0.0000537 secs] [Times: user=0.00 sys=0.00, real=0.00 secs] 
0.261: [GC 0.261: [DefNew: 3909K->0K(4928K), 0.0000383 secs] 4098K->189K(15872K), 0.0000513 secs] [Times: user=0.00 sys=0.00, real=0.00 secs] 
0.261: [GC 0.261: [DefNew: 3909K->0K(4928K), 0.0000352 secs] 4098K->190K(15872K), 0.0000469 secs] [Times: user=0.00 sys=0.00, real=0.00 secs] 
0.262: [GC 0.262: [DefNew: 3909K->0K(4928K), 0.0000356 secs] 4098K->190K(15872K), 0.0000472 secs] [Times: user=0.00 sys=0.00, real=0.00 secs] 
0.262: [GC 0.262: [DefNew: 3909K->0K(4928K), 0.0000441 secs] 4098K->190K(15872K), 0.0000606 secs] [Times: user=0.00 sys=0.00, real=0.00 secs] 
0.263: [GC 0.263: [DefNew: 3909K->0K(4928K), 0.0000431 secs] 4098K->190K(15872K), 0.0000688 secs] [Times: user=0.00 sys=0.00, real=0.00 secs] 
0.263: [GC 0.263: [DefNew: 3909K->0K(4928K), 0.0000441 secs] 4098K->190K(15872K), 0.0000606 secs] [Times: user=0.00 sys=0.00, real=0.00 secs] 
0.264: [GC 0.264: [DefNew: 3909K->0K(4928K), 0.0000431 secs] 4098K->190K(15872K), 0.0000599 secs] [Times: user=0.00 sys=0.00, real=0.00 secs] 
0.264: [GC 0.264: [DefNew: 3909K->0K(4928K), 0.0000441 secs] 4098K->190K(15872K), 0.0000612 secs] [Times: user=0.00 sys=0.00, real=0.00 secs] 
0.265: [GC 0.265: [DefNew: 3909K->0K(4928K), 0.0000428 secs] 4098K->190K(15872K), 0.0000599 secs] [Times: user=0.00 sys=0.00, real=0.00 secs] 
0.265: [GC 0.265: [DefNew: 3909K->0K(4928K), 0.0000431 secs] 4098K->190K(15872K), 0.0000602 secs] [Times: user=0.00 sys=0.00, real=0.00 secs] 
0.266: [GC 0.266: [DefNew: 3909K->0K(4928K), 0.0000428 secs] 4098K->190K(15872K), 0.0000599 secs] [Times: user=0.00 sys=0.00, real=0.00 secs] 
0.266: [GC 0.266: [DefNew: 3909K->0K(4928K), 0.0000431 secs] 4098K->190K(15872K), 0.0000602 secs] [Times: user=0.00 sys=0.00, real=0.00 secs] 
0.267: [GC 0.267: [DefNew: 3909K->0K(4928K), 0.0000428 secs] 4098K->190K(15872K), 0.0000595 secs] [Times: user=0.00 sys=0.00, real=0.00 secs] 
0.267: [GC 0.267: [DefNew: 3909K->0K(4928K), 0.0000434 secs] 4098K->190K(15872K), 0.0000602 secs] [Times: user=0.00 sys=0.00, real=0.00 secs] 
0.268: [GC 0.268: [DefNew: 3909K->0K(4928K), 0.0000438 secs] 4098K->190K(15872K), 0.0000606 secs] [Times: user=0.00 sys=0.00, real=0.00 secs] 
0.268: [GC 0.268: [DefNew: 3909K->0K(4928K), 0.0000434 secs] 4098K->190K(15872K), 0.0000606 secs] [Times: user=0.00 sys=0.00, real=0.00 secs] 
0.269: [GC 0.269: [DefNew: 3909K->0K(4928K), 0.0000359 secs] 4098K->190K(15872K), 0.0000503 secs] [Times: user=0.00 sys=0.00, real=0.00 secs] 
0.269: [GC 0.269: [DefNew: 3909K->0K(4928K), 0.0000376 secs] 4098K->190K(15872K), 0.0000554 secs] [Times: user=0.00 sys=0.00, real=0.00 secs] 
0.269: [GC 0.269: [DefNew: 3909K->0K(4928K), 0.0000325 secs] 4099K->190K(15872K), 0.0000465 secs] [Times: user=0.00 sys=0.00, real=0.00 secs] 
0.270: [GC 0.270: [DefNew: 3909K->0K(4928K), 0.0000328 secs] 4099K->190K(15872K), 0.0000472 secs] [Times: user=0.00 sys=0.00, real=0.00 secs] 
0.270: [GC 0.270: [DefNew: 3909K->0K(4928K), 0.0000318 secs] 4099K->190K(15872K), 0.0000458 secs] [Times: user=0.00 sys=0.00, real=0.00 secs] 
0.271: [GC 0.271: [DefNew: 3909K->0K(4928K), 0.0000325 secs] 4099K->190K(15872K), 0.0000462 secs] [Times: user=0.00 sys=0.00, real=0.00 secs] 
0.271: [GC 0.271: [DefNew: 3909K->0K(4928K), 0.0000311 secs] 4099K->190K(15872K), 0.0000452 secs] [Times: user=0.00 sys=0.00, real=0.00 secs] 
0.272: [GC 0.272: [DefNew: 3909K->0K(4928K), 0.0000356 secs] 4099K->191K(15872K), 0.0000479 secs] [Times: user=0.00 sys=0.00, real=0.00 secs] 
0.272: [GC 0.272: [DefNew: 3909K->0K(4928K), 0.0000335 secs] 4099K->191K(15872K), 0.0000479 secs] [Times: user=0.00 sys=0.00, real=0.00 secs] 
0.273: [GC 0.273: [DefNew: 3909K->0K(4928K), 0.0000318 secs] 4099K->191K(15872K), 0.0000452 secs] [Times: user=0.00 sys=0.00, real=0.00 secs] 
0.273: [GC 0.273: [DefNew: 3909K->0K(4928K), 0.0000318 secs] 4099K->191K(15872K), 0.0000458 secs] [Times: user=0.00 sys=0.00, real=0.00 secs] 
0.274: [GC 0.274: [DefNew: 3909K->0K(4928K), 0.0000322 secs] 4099K->191K(15872K), 0.0000455 secs] [Times: user=0.00 sys=0.00, real=0.00 secs] 
0.274: [GC 0.274: [DefNew: 3909K->0K(4928K), 0.0000308 secs] 4099K->191K(15872K), 0.0000448 secs] [Times: user=0.00 sys=0.00, real=0.00 secs] 
0.275: [GC 0.275: [DefNew: 3909K->0K(4928K), 0.0000424 secs] 4099K->191K(15872K), 0.0000564 secs] [Times: user=0.00 sys=0.00, real=0.00 secs] 
0.275: [GC 0.275: [DefNew: 3909K->0K(4928K), 0.0000479 secs] 4099K->191K(15872K), 0.0000660 secs] [Times: user=0.00 sys=0.00, real=0.00 secs] 
0.276: [GC 0.276: [DefNew: 3909K->0K(4928K), 0.0000434 secs] 4099K->191K(15872K), 0.0000595 secs] [Times: user=0.00 sys=0.00, real=0.00 secs] 
0.276: [GC 0.276: [DefNew: 3909K->0K(4928K), 0.0000373 secs] 4099K->191K(15872K), 0.0000523 secs] [Times: user=0.00 sys=0.00, real=0.00 secs] 
0.277: [GC 0.277: [DefNew: 3909K->0K(4928K), 0.0000332 secs] 4099K->191K(15872K), 0.0000479 secs] [Times: user=0.00 sys=0.00, real=0.00 secs] 
0.277: [GC 0.277: [DefNew: 3909K->0K(4928K), 0.0000339 secs] 4099K->191K(15872K), 0.0000476 secs] [Times: user=0.00 sys=0.00, real=0.00 secs] 
0.278: [GC 0.278: [DefNew: 3909K->0K(4928K), 0.0000332 secs] 4099K->191K(15872K), 0.0000476 secs] [Times: user=0.00 sys=0.00, real=0.00 secs] 
0.278: [GC 0.278: [DefNew: 3909K->0K(4928K), 0.0000328 secs] 4099K->191K(15872K), 0.0000476 secs] [Times: user=0.00 sys=0.00, real=0.00 secs] 
0.279: [GC 0.279: [DefNew: 3909K->0K(4928K), 0.0000328 secs] 4099K->191K(15872K), 0.0000479 secs] [Times: user=0.00 sys=0.00, real=0.00 secs] 
0.279: [GC 0.279: [DefNew: 3909K->0K(4928K), 0.0000393 secs] 4099K->191K(15872K), 0.0000530 secs] [Times: user=0.00 sys=0.00, real=0.00 secs] 
0.280: [GC 0.280: [DefNew: 3909K->0K(4928K), 0.0000346 secs] 4100K->191K(15872K), 0.0000465 secs] [Times: user=0.00 sys=0.00, real=0.00 secs] 
0.280: [GC 0.280: [DefNew: 3909K->0K(4928K), 0.0000322 secs] 4100K->191K(15872K), 0.0000434 secs] [Times: user=0.00 sys=0.00, real=0.00 secs] 
0.281: [GC 0.281: [DefNew: 3909K->0K(4928K), 0.0000308 secs] 4100K->191K(15872K), 0.0000421 secs] [Times: user=0.00 sys=0.00, real=0.00 secs] 
0.281: [GC 0.281: [DefNew: 3909K->0K(4928K), 0.0000315 secs] 4100K->191K(15872K), 0.0000434 secs] [Times: user=0.00 sys=0.00, real=0.00 secs] 
0.281: [GC 0.281: [DefNew: 3909K->0K(4928K), 0.0000308 secs] 4100K->191K(15872K), 0.0000417 secs] [Times: user=0.00 sys=0.00, real=0.00 secs] 
0.282: [GC 0.282: [DefNew: 3909K->0K(4928K), 0.0000328 secs] 4100K->192K(15872K), 0.0000438 secs] [Times: user=0.00 sys=0.00, real=0.00 secs] 
0.282: [GC 0.282: [DefNew: 3909K->0K(4928K), 0.0000298 secs] 4100K->192K(15872K), 0.0000407 secs] [Times: user=0.00 sys=0.00, real=0.00 secs] 
0.283: [GC 0.283: [DefNew: 3909K->0K(4928K), 0.0000311 secs] 4100K->192K(15872K), 0.0000424 secs] [Times: user=0.00 sys=0.00, real=0.00 secs] 
0.283: [GC 0.283: [DefNew: 3909K->0K(4928K), 0.0000311 secs] 4100K->192K(15872K), 0.0000417 secs] [Times: user=0.00 sys=0.00, real=0.00 secs] 
0.284: [GC 0.284: [DefNew: 3909K->0K(4928K), 0.0000421 secs] 4100K->192K(15872K), 0.0000571 secs] [Times: user=0.00 sys=0.00, real=0.00 secs] 
0.284: [GC 0.284: [DefNew: 3909K->0K(4928K), 0.0000349 secs] 4100K->192K(15872K), 0.0000493 secs] [Times: user=0.00 sys=0.00, real=0.00 secs] 
0.285: [GC 0.285: [DefNew: 3909K->0K(4928K), 0.0000325 secs] 4100K->192K(15872K), 0.0000585 secs] [Times: user=0.00 sys=0.00, real=0.00 secs] 
0.285: [GC 0.285: [DefNew: 3909K->0K(4928K), 0.0000315 secs] 4100K->192K(15872K), 0.0000452 secs] [Times: user=0.00 sys=0.00, real=0.00 secs] 
0.286: [GC 0.286: [DefNew: 3909K->0K(4928K), 0.0000315 secs] 4100K->192K(15872K), 0.0000476 secs] [Times: user=0.00 sys=0.00, real=0.00 secs] 
0.286: [GC 0.286: [DefNew: 3909K->0K(4928K), 0.0000315 secs] 4100K->192K(15872K), 0.0000452 secs] [Times: user=0.00 sys=0.00, real=0.00 secs] 
0.287: [GC 0.287: [DefNew: 3909K->0K(4928K), 0.0000318 secs] 4100K->192K(15872K), 0.0000455 secs] [Times: user=0.00 sys=0.00, real=0.00 secs] 
0.287: [GC 0.287: [DefNew: 3909K->0K(4928K), 0.0000322 secs] 4100K->192K(15872K), 0.0000458 secs] [Times: user=0.00 sys=0.00, real=0.00 secs] 
0.287: [GC 0.287: [DefNew: 3909K->0K(4928K), 0.0000346 secs] 4100K->192K(15872K), 0.0000486 secs] [Times: user=0.00 sys=0.00, real=0.00 secs] 
0.288: [GC 0.288: [DefNew: 3909K->0K(4928K), 0.0000582 secs] 4100K->192K(15872K), 0.0000862 secs] [Times: user=0.00 sys=0.00, real=0.00 secs] 
0.289: [GC 0.289: [DefNew: 3909K->0K(4928K), 0.0000376 secs] 4100K->192K(15872K), 0.0000506 secs] [Times: user=0.00 sys=0.00, real=0.00 secs] 
0.289: [GC 0.289: [DefNew: 3909K->0K(4928K), 0.0000363 secs] 4100K->192K(15872K), 0.0000489 secs] [Times: user=0.00 sys=0.00, real=0.00 secs] 
0.289: [GC 0.289: [DefNew: 3909K->0K(4928K), 0.0000339 secs] 4101K->192K(15872K), 0.0000452 secs] [Times: user=0.00 sys=0.00, real=0.00 secs] 
0.290: [GC 0.290: [DefNew: 3909K->0K(4928K), 0.0000304 secs] 4101K->192K(15872K), 0.0000421 secs] [Times: user=0.00 sys=0.00, real=0.00 secs] 
0.290: [GC 0.290: [DefNew: 3909K->0K(4928K), 0.0000298 secs] 4101K->192K(15872K), 0.0000404 secs] [Times: user=0.00 sys=0.00, real=0.00 secs] 
0.291: [GC 0.291: [DefNew: 3909K->0K(4928K), 0.0000304 secs] 4101K->192K(15872K), 0.0000417 secs] [Times: user=0.00 sys=0.00, real=0.00 secs] 
0.291: [GC 0.291: [DefNew: 3909K->0K(4928K), 0.0000308 secs] 4101K->192K(15872K), 0.0000417 secs] [Times: user=0.00 sys=0.00, real=0.00 secs] 
0.292: [GC 0.292: [DefNew: 3909K->0K(4928K), 0.0000421 secs] 4101K->193K(15872K), 0.0000585 secs] [Times: user=0.00 sys=0.00, real=0.00 secs] 
0.292: [GC 0.292: [DefNew: 3909K->0K(4928K), 0.0000369 secs] 4101K->193K(15872K), 0.0000517 secs] [Times: user=0.00 sys=0.00, real=0.00 secs] 
0.293: [GC 0.293: [DefNew: 3909K->0K(4928K), 0.0000311 secs] 4101K->193K(15872K), 0.0000424 secs] [Times: user=0.00 sys=0.00, real=0.00 secs] 
0.293: [GC 0.293: [DefNew: 3909K->0K(4928K), 0.0000287 secs] 4101K->193K(15872K), 0.0000476 secs] [Times: user=0.00 sys=0.00, real=0.00 secs] 
0.294: [GC 0.294: [DefNew: 3909K->0K(4928K), 0.0000301 secs] 4101K->193K(15872K), 0.0000404 secs] [Times: user=0.00 sys=0.00, real=0.00 secs] 
0.294: [GC 0.294: [DefNew: 3909K->0K(4928K), 0.0000339 secs] 4101K->193K(15872K), 0.0000462 secs] [Times: user=0.00 sys=0.00, real=0.00 secs] 
0.294: [GC 0.294: [DefNew: 3911K->3K(4928K), 0.0000356 secs] 4104K->195K(15872K), 0.0000465 secs] [Times: user=0.00 sys=0.00, real=0.00 secs] 
0.295: [GC 0.295: [DefNew: 3911K->3K(4928K), 0.0000342 secs] 4104K->195K(15872K), 0.0000452 secs] [Times: user=0.00 sys=0.00, real=0.00 secs] 
0.295: [GC 0.295: [DefNew: 3911K->3K(4928K), 0.0000335 secs] 4104K->196K(15872K), 0.0000448 secs] [Times: user=0.00 sys=0.00, real=0.00 secs] 
0.296: [GC 0.296: [DefNew: 3911K->3K(4928K), 0.0000479 secs] 4104K->196K(15872K), 0.0000671 secs] [Times: user=0.00 sys=0.00, real=0.00 secs] 
0.296: [GC 0.296: [DefNew: 3911K->3K(4928K), 0.0000387 secs] 4104K->196K(15872K), 0.0000503 secs] [Times: user=0.00 sys=0.00, real=0.00 secs] 
0.297: [GC 0.297: [DefNew: 3911K->3K(4928K), 0.0000476 secs] 4104K->196K(15872K), 0.0000643 secs] [Times: user=0.00 sys=0.00, real=0.00 secs] 
0.297: [GC 0.297: [DefNew: 3911K->3K(4928K), 0.0000469 secs] 4104K->196K(15872K), 0.0000636 secs] [Times: user=0.00 sys=0.00, real=0.00 secs] 
0.298: [GC 0.298: [DefNew: 3911K->3K(4928K), 0.0000472 secs] 4104K->196K(15872K), 0.0000636 secs] [Times: user=0.00 sys=0.00, real=0.00 secs] 
0.298: [GC 0.298: [DefNew: 3911K->3K(4928K), 0.0000476 secs] 4104K->196K(15872K), 0.0000647 secs] [Times: user=0.00 sys=0.00, real=0.00 secs] 
0.299: [GC 0.299: [DefNew: 3911K->3K(4928K), 0.0000527 secs] 4104K->196K(15872K), 0.0000712 secs] [Times: user=0.00 sys=0.00, real=0.00 secs] 
0.299: [GC 0.299: [DefNew: 3911K->3K(4928K), 0.0000486 secs] 4104K->196K(15872K), 0.0000664 secs] [Times: user=0.00 sys=0.00, real=0.00 secs] 
0.300: [GC 0.300: [DefNew: 3911K->3K(4928K), 0.0000479 secs] 4104K->196K(15872K), 0.0000647 secs] [Times: user=0.00 sys=0.00, real=0.00 secs] 
0.300: [GC 0.300: [DefNew: 3911K->3K(4928K), 0.0000472 secs] 4104K->196K(15872K), 0.0000640 secs] [Times: user=0.00 sys=0.00, real=0.00 secs] 
0.301: [GC 0.301: [DefNew: 3911K->3K(4928K), 0.0000400 secs] 4104K->196K(15872K), 0.0000541 secs] [Times: user=0.00 sys=0.00, real=0.00 secs] 
0.301: [GC 0.301: [DefNew: 3911K->3K(4928K), 0.0000383 secs] 4104K->196K(15872K), 0.0000520 secs] [Times: user=0.00 sys=0.00, real=0.00 secs] 
0.302: [GC 0.302: [DefNew: 3911K->0K(4928K), 0.0000369 secs] 4104K->196K(15872K), 0.0000503 secs] [Times: user=0.00 sys=0.00, real=0.00 secs] 
0.302: [GC 0.302: [DefNew: 3909K->0K(4928K), 0.0000322 secs] 4104K->196K(15872K), 0.0000462 secs] [Times: user=0.00 sys=0.00, real=0.00 secs] 
0.303: [GC 0.303: [DefNew: 3909K->0K(4928K), 0.0000393 secs] 4104K->196K(15872K), 0.0000653 secs] [Times: user=0.02 sys=0.00, real=0.00 secs] 
0.303: [GC 0.303: [DefNew: 3909K->0K(4928K), 0.0000472 secs] 4105K->196K(15872K), 0.0000616 secs] [Times: user=0.00 sys=0.00, real=0.00 secs] 
0.304: [GC 0.304: [DefNew: 3909K->0K(4928K), 0.0000445 secs] 4105K->196K(15872K), 0.0000585 secs] [Times: user=0.00 sys=0.00, real=0.00 secs] 
0.305: [GC 0.305: [DefNew: 3909K->0K(4928K), 0.0000503 secs] 4105K->196K(15872K), 0.0000664 secs] [Times: user=0.00 sys=0.00, real=0.00 secs] 
0.305: [GC 0.305: [DefNew: 3909K->0K(4928K), 0.0000417 secs] 4105K->196K(15872K), 0.0000578 secs] [Times: user=0.00 sys=0.00, real=0.00 secs] 
0.306: [GC 0.306: [DefNew: 3909K->0K(4928K), 0.0000380 secs] 4105K->196K(15872K), 0.0000527 secs] [Times: user=0.00 sys=0.00, real=0.00 secs] 
0.306: [GC 0.306: [DefNew: 3909K->0K(4928K), 0.0000325 secs] 4105K->197K(15872K), 0.0000472 secs] [Times: user=0.00 sys=0.00, real=0.00 secs] 
0.307: [GC 0.307: [DefNew: 3909K->0K(4928K), 0.0000332 secs] 4105K->197K(15872K), 0.0000476 secs] [Times: user=0.00 sys=0.00, real=0.00 secs] 
0.307: [GC 0.307: [DefNew: 3909K->0K(4928K), 0.0000322 secs] 4105K->197K(15872K), 0.0000465 secs] [Times: user=0.00 sys=0.00, real=0.00 secs] 
0.307: [GC 0.307: [DefNew: 3909K->0K(4928K), 0.0000328 secs] 4105K->197K(15872K), 0.0000472 secs] [Times: user=0.00 sys=0.00, real=0.00 secs] 
0.308: [GC 0.308: [DefNew: 3909K->0K(4928K), 0.0000428 secs] 4105K->197K(15872K), 0.0000578 secs] [Times: user=0.00 sys=0.00, real=0.00 secs] 
0.309: [GC 0.309: [DefNew: 3909K->0K(4928K), 0.0000387 secs] 4105K->197K(15872K), 0.0000541 secs] [Times: user=0.00 sys=0.00, real=0.00 secs] 
0.309: [GC 0.309: [DefNew: 3909K->0K(4928K), 0.0000753 secs] 4105K->197K(15872K), 0.0000917 secs] [Times: user=0.00 sys=0.00, real=0.00 secs] 
0.310: [GC 0.310: [DefNew: 3909K->0K(4928K), 0.0000346 secs] 4105K->197K(15872K), 0.0000496 secs] [Times: user=0.00 sys=0.00, real=0.00 secs] 
0.310: [GC 0.310: [DefNew: 3909K->0K(4928K), 0.0000332 secs] 4105K->197K(15872K), 0.0000517 secs] [Times: user=0.00 sys=0.00, real=0.00 secs] 
0.311: [GC 0.311: [DefNew: 3909K->0K(4928K), 0.0000339 secs] 4105K->197K(15872K), 0.0000479 secs] [Times: user=0.00 sys=0.00, real=0.00 secs] 
0.311: [GC 0.311: [DefNew: 3909K->0K(4928K), 0.0000325 secs] 4105K->197K(15872K), 0.0000479 secs] [Times: user=0.00 sys=0.00, real=0.00 secs] 
0.312: [GC 0.312: [DefNew: 3909K->0K(4928K), 0.0000318 secs] 4105K->197K(15872K), 0.0000458 secs] [Times: user=0.00 sys=0.00, real=0.00 secs] 
0.312: [GC 0.312: [DefNew: 3909K->0K(4928K), 0.0000335 secs] 4105K->197K(15872K), 0.0000479 secs] [Times: user=0.00 sys=0.00, real=0.00 secs] 
0.312: [GC 0.312: [DefNew: 3909K->0K(4928K), 0.0000332 secs] 4105K->197K(15872K), 0.0000472 secs] [Times: user=0.00 sys=0.00, real=0.00 secs] 
0.313: [GC 0.313: [DefNew: 3909K->0K(4928K), 0.0000322 secs] 4105K->197K(15872K), 0.0000462 secs] [Times: user=0.00 sys=0.00, real=0.00 secs] 
0.313: [GC 0.313: [DefNew: 3909K->0K(4928K), 0.0000318 secs] 4105K->197K(15872K), 0.0000458 secs] [Times: user=0.00 sys=0.00, real=0.00 secs] 
0.314: [GC 0.314: [DefNew: 3909K->0K(4928K), 0.0000346 secs] 4106K->197K(15872K), 0.0000489 secs] [Times: user=0.00 sys=0.00, real=0.00 secs] 
0.314: [GC 0.314: [DefNew: 3909K->0K(4928K), 0.0000315 secs] 4106K->197K(15872K), 0.0000455 secs] [Times: user=0.00 sys=0.00, real=0.00 secs] 
0.315: [GC 0.315: [DefNew: 3909K->0K(4928K), 0.0000322 secs] 4106K->197K(15872K), 0.0000462 secs] [Times: user=0.00 sys=0.00, real=0.00 secs] 
0.315: [GC 0.315: [DefNew: 3909K->0K(4928K), 0.0000311 secs] 4106K->197K(15872K), 0.0000452 secs] [Times: user=0.00 sys=0.00, real=0.00 secs] 
0.316: [GC 0.316: [DefNew: 3909K->0K(4928K), 0.0000308 secs] 4106K->197K(15872K), 0.0000448 secs] [Times: user=0.00 sys=0.00, real=0.00 secs] 
0.316: [GC 0.316: [DefNew: 3909K->0K(4928K), 0.0000308 secs] 4106K->198K(15872K), 0.0000448 secs] [Times: user=0.00 sys=0.00, real=0.00 secs] 
0.317: [GC 0.317: [DefNew: 3909K->0K(4928K), 0.0000304 secs] 4106K->198K(15872K), 0.0000445 secs] [Times: user=0.00 sys=0.00, real=0.00 secs] 
0.317: [GC 0.317: [DefNew: 3909K->0K(4928K), 0.0000311 secs] 4106K->198K(15872K), 0.0000452 secs] [Times: user=0.00 sys=0.00, real=0.00 secs] 
0.317: [GC 0.317: [DefNew: 3909K->0K(4928K), 0.0000304 secs] 4106K->198K(15872K), 0.0000445 secs] [Times: user=0.00 sys=0.00, real=0.00 secs] 
0.318: [GC 0.318: [DefNew: 3909K->0K(4928K), 0.0000325 secs] 4106K->198K(15872K), 0.0000465 secs] [Times: user=0.00 sys=0.00, real=0.00 secs] 
0.318: [GC 0.318: [DefNew: 3909K->0K(4928K), 0.0000328 secs] 4106K->198K(15872K), 0.0000472 secs] [Times: user=0.00 sys=0.00, real=0.00 secs] 
0.319: [GC 0.319: [DefNew: 3909K->0K(4928K), 0.0000366 secs] 4106K->198K(15872K), 0.0000520 secs] [Times: user=0.00 sys=0.00, real=0.00 secs] 
0.319: [GC 0.319: [DefNew: 3909K->0K(4928K), 0.0000328 secs] 4106K->198K(15872K), 0.0000469 secs] [Times: user=0.00 sys=0.00, real=0.00 secs] 
0.320: [GC 0.320: [DefNew: 3909K->0K(4928K), 0.0000318 secs] 4106K->198K(15872K), 0.0000458 secs] [Times: user=0.00 sys=0.00, real=0.00 secs] 
0.320: [GC 0.320: [DefNew: 3909K->0K(4928K), 0.0000322 secs] 4106K->198K(15872K), 0.0000458 secs] [Times: user=0.00 sys=0.00, real=0.00 secs] 
0.321: [GC 0.321: [DefNew: 3909K->0K(4928K), 0.0000311 secs] 4106K->198K(15872K), 0.0000455 secs] [Times: user=0.00 sys=0.00, real=0.00 secs] 
0.321: [GC 0.321: [DefNew: 3909K->0K(4928K), 0.0000304 secs] 4106K->198K(15872K), 0.0000438 secs] [Times: user=0.00 sys=0.00, real=0.00 secs] 
0.322: [GC 0.322: [DefNew: 3909K->0K(4928K), 0.0000315 secs] 4106K->198K(15872K), 0.0000455 secs] [Times: user=0.00 sys=0.00, real=0.00 secs] 
0.322: [GC 0.322: [DefNew: 3909K->0K(4928K), 0.0000325 secs] 4106K->198K(15872K), 0.0000458 secs] [Times: user=0.00 sys=0.00, real=0.00 secs] 
0.323: [GC 0.323: [DefNew: 3909K->0K(4928K), 0.0000315 secs] 4106K->198K(15872K), 0.0000694 secs] [Times: user=0.00 sys=0.00, real=0.00 secs] 
0.323: [GC 0.323: [DefNew: 3909K->0K(4928K), 0.0000318 secs] 4106K->198K(15872K), 0.0000455 secs] [Times: user=0.00 sys=0.00, real=0.00 secs] 
0.324: [GC 0.324: [DefNew: 3909K->0K(4928K), 0.0000322 secs] 4106K->198K(15872K), 0.0000479 secs] [Times: user=0.00 sys=0.00, real=0.00 secs] 
0.324: [GC 0.324: [DefNew: 3909K->0K(4928K), 0.0000339 secs] 4107K->198K(15872K), 0.0000482 secs] [Times: user=0.00 sys=0.00, real=0.00 secs] 
0.324: [GC 0.324: [DefNew: 3909K->0K(4928K), 0.0000322 secs] 4107K->198K(15872K), 0.0000462 secs] [Times: user=0.00 sys=0.00, real=0.00 secs] 
0.325: [GC 0.325: [DefNew: 3909K->0K(4928K), 0.0000479 secs] 4107K->198K(15872K), 0.0000876 secs] [Times: user=0.00 sys=0.00, real=0.00 secs] 
0.326: [GC 0.326: [DefNew: 3909K->0K(4928K), 0.0000407 secs] 4107K->198K(15872K), 0.0000585 secs] [Times: user=0.00 sys=0.00, real=0.00 secs] 
0.326: [GC 0.326: [DefNew: 3909K->0K(4928K), 0.0000369 secs] 4107K->198K(15872K), 0.0000506 secs] [Times: user=0.00 sys=0.00, real=0.00 secs] 
0.327: [GC 0.327: [DefNew: 3909K->0K(4928K), 0.0000335 secs] 4107K->199K(15872K), 0.0000455 secs] [Times: user=0.00 sys=0.00, real=0.00 secs] 
0.327: [GC 0.327: [DefNew: 3909K->0K(4928K), 0.0000383 secs] 4107K->199K(15872K), 0.0000510 secs] [Times: user=0.00 sys=0.00, real=0.00 secs] 
0.328: [GC 0.328: [DefNew: 3909K->0K(4928K), 0.0000342 secs] 4107K->199K(15872K), 0.0000455 secs] [Times: user=0.00 sys=0.00, real=0.00 secs] 
0.328: [GC 0.328: [DefNew: 3909K->0K(4928K), 0.0000369 secs] 4107K->199K(15872K), 0.0000499 secs] [Times: user=0.00 sys=0.00, real=0.00 secs] 
0.328: [GC 0.329: [DefNew: 3909K->0K(4928K), 0.0000315 secs] 4107K->199K(15872K), 0.0000428 secs] [Times: user=0.00 sys=0.00, real=0.00 secs] 
0.329: [GC 0.329: [DefNew: 3909K->0K(4928K), 0.0000332 secs] 4107K->199K(15872K), 0.0000448 secs] [Times: user=0.00 sys=0.00, real=0.00 secs] 
0.329: [GC 0.329: [DefNew: 3909K->0K(4928K), 0.0000311 secs] 4107K->199K(15872K), 0.0000424 secs] [Times: user=0.00 sys=0.00, real=0.00 secs] 
0.330: [GC 0.330: [DefNew: 3909K->0K(4928K), 0.0000322 secs] 4107K->199K(15872K), 0.0000428 secs] [Times: user=0.00 sys=0.00, real=0.00 secs] 
0.330: [GC 0.330: [DefNew: 3909K->0K(4928K), 0.0000315 secs] 4107K->199K(15872K), 0.0000424 secs] [Times: user=0.00 sys=0.00, real=0.00 secs] 
0.331: [GC 0.331: [DefNew: 3909K->0K(4928K), 0.0000311 secs] 4107K->199K(15872K), 0.0000503 secs] [Times: user=0.00 sys=0.00, real=0.00 secs] 
0.331: [GC 0.331: [DefNew: 3909K->0K(4928K), 0.0000308 secs] 4107K->199K(15872K), 0.0000411 secs] [Times: user=0.00 sys=0.00, real=0.00 secs] 
0.332: [GC 0.332: [DefNew: 3909K->0K(4928K), 0.0000291 secs] 4107K->199K(15872K), 0.0000393 secs] [Times: user=0.00 sys=0.00, real=0.00 secs] 
0.332: [GC 0.332: [DefNew: 3909K->0K(4928K), 0.0000311 secs] 4107K->199K(15872K), 0.0000421 secs] [Times: user=0.00 sys=0.00, real=0.00 secs] 
0.332: [GC 0.332: [DefNew: 3909K->0K(4928K), 0.0000308 secs] 4107K->199K(15872K), 0.0000417 secs] [Times: user=0.00 sys=0.00, real=0.00 secs] 
0.333: [GC 0.333: [DefNew: 3909K->0K(4928K), 0.0000339 secs] 4107K->199K(15872K), 0.0000462 secs] [Times: user=0.00 sys=0.00, real=0.00 secs] 
0.333: [GC 0.333: [DefNew: 3909K->0K(4928K), 0.0000291 secs] 4107K->199K(15872K), 0.0000400 secs] [Times: user=0.00 sys=0.00, real=0.00 secs] 
0.334: [GC 0.334: [DefNew: 3909K->0K(4928K), 0.0000390 secs] 4108K->199K(15872K), 0.0000530 secs] [Times: user=0.00 sys=0.00, real=0.00 secs] 
0.334: [GC 0.334: [DefNew: 3909K->0K(4928K), 0.0000349 secs] 4108K->199K(15872K), 0.0000476 secs] [Times: user=0.00 sys=0.00, real=0.00 secs] 
0.335: [GC 0.335: [DefNew: 3909K->0K(4928K), 0.0000322 secs] 4108K->199K(15872K), 0.0000438 secs] [Times: user=0.00 sys=0.00, real=0.00 secs] 
0.335: [GC 0.335: [DefNew: 3909K->0K(4928K), 0.0000311 secs] 4108K->199K(15872K), 0.0000421 secs] [Times: user=0.00 sys=0.00, real=0.00 secs] 
0.336: [GC 0.336: [DefNew: 3909K->0K(4928K), 0.0000315 secs] 4108K->199K(15872K), 0.0000431 secs] [Times: user=0.00 sys=0.00, real=0.00 secs] 
0.336: [GC 0.336: [DefNew: 3909K->0K(4928K), 0.0000301 secs] 4108K->200K(15872K), 0.0000414 secs] [Times: user=0.00 sys=0.00, real=0.00 secs] 
0.337: [GC 0.337: [DefNew: 3909K->0K(4928K), 0.0000458 secs] 4108K->200K(15872K), 0.0000677 secs] [Times: user=0.00 sys=0.00, real=0.00 secs] 
0.337: [GC 0.337: [DefNew: 3909K->0K(4928K), 0.0000476 secs] 4108K->200K(15872K), 0.0000664 secs] [Times: user=0.00 sys=0.00, real=0.00 secs] 
0.338: [GC 0.338: [DefNew: 3909K->0K(4928K), 0.0000441 secs] 4108K->200K(15872K), 0.0000606 secs] [Times: user=0.00 sys=0.00, real=0.00 secs] 
0.338: [GC 0.338: [DefNew: 3909K->0K(4928K), 0.0000417 secs] 4108K->200K(15872K), 0.0000571 secs] [Times: user=0.00 sys=0.00, real=0.00 secs] 
0.339: [GC 0.339: [DefNew: 3909K->0K(4928K), 0.0000448 secs] 4108K->200K(15872K), 0.0000616 secs] [Times: user=0.00 sys=0.00, real=0.00 secs] 
0.339: [GC 0.339: [DefNew: 3909K->0K(4928K), 0.0000476 secs] 4108K->200K(15872K), 0.0000629 secs] [Times: user=0.00 sys=0.00, real=0.00 secs] 
0.340: [GC 0.340: [DefNew: 3909K->0K(4928K), 0.0000421 secs] 4108K->200K(15872K), 0.0000554 secs] [Times: user=0.00 sys=0.00, real=0.00 secs] 
0.340: [GC 0.340: [DefNew: 3909K->0K(4928K), 0.0000469 secs] 4108K->200K(15872K), 0.0000633 secs] [Times: user=0.00 sys=0.00, real=0.00 secs] 
0.341: [GC 0.341: [DefNew: 3909K->0K(4928K), 0.0000523 secs] 4108K->200K(15872K), 0.0000705 secs] [Times: user=0.00 sys=0.00, real=0.00 secs] 
0.341: [GC 0.341: [DefNew: 3909K->0K(4928K), 0.0000513 secs] 4108K->200K(15872K), 0.0000701 secs] [Times: user=0.00 sys=0.00, real=0.00 secs] 
0.342: [GC 0.342: [DefNew: 3909K->0K(4928K), 0.0000527 secs] 4108K->200K(15872K), 0.0000715 secs] [Times: user=0.00 sys=0.00, real=0.00 secs] 
0.343: [GC 0.343: [DefNew: 3909K->0K(4928K), 0.0000469 secs] 4108K->200K(15872K), 0.0000657 secs] [Times: user=0.00 sys=0.00, real=0.00 secs] 
0.343: [GC 0.343: [DefNew: 3909K->0K(4928K), 0.0000458 secs] 4108K->200K(15872K), 0.0000629 secs] [Times: user=0.00 sys=0.00, real=0.00 secs] 
0.344: [GC 0.344: [DefNew: 3909K->0K(4928K), 0.0000452 secs] 4108K->200K(15872K), 0.0000623 secs] [Times: user=0.00 sys=0.00, real=0.00 secs] 
0.344: [GC 0.344: [DefNew: 3909K->0K(4928K), 0.0000376 secs] 4108K->200K(15872K), 0.0000523 secs] [Times: user=0.00 sys=0.00, real=0.00 secs] 
0.345: [GC 0.345: [DefNew: 3909K->0K(4928K), 0.0000369 secs] 4109K->200K(15872K), 0.0000537 secs] [Times: user=0.00 sys=0.00, real=0.00 secs] 
0.345: [GC 0.345: [DefNew: 3909K->0K(4928K), 0.0000342 secs] 4109K->200K(15872K), 0.0000482 secs] [Times: user=0.00 sys=0.00, real=0.00 secs] 
0.346: [GC 0.346: [DefNew: 3909K->0K(4928K), 0.0000325 secs] 4109K->200K(15872K), 0.0000472 secs] [Times: user=0.00 sys=0.00, real=0.00 secs] 
0.346: [GC 0.346: [DefNew: 3909K->0K(4928K), 0.0000332 secs] 4109K->200K(15872K), 0.0000479 secs] [Times: user=0.00 sys=0.00, real=0.00 secs] 
0.346: [GC 0.346: [DefNew: 3909K->0K(4928K), 0.0000335 secs] 4109K->200K(15872K), 0.0000479 secs] [Times: user=0.00 sys=0.00, real=0.00 secs] 
0.347: [GC 0.347: [DefNew: 3909K->0K(4928K), 0.0000332 secs] 4109K->201K(15872K), 0.0000472 secs] [Times: user=0.00 sys=0.00, real=0.00 secs] 
0.347: [GC 0.347: [DefNew: 3909K->0K(4928K), 0.0000322 secs] 4109K->201K(15872K), 0.0000458 secs] [Times: user=0.00 sys=0.00, real=0.00 secs] 
0.348: [GC 0.348: [DefNew: 3909K->0K(4928K), 0.0000328 secs] 4109K->201K(15872K), 0.0000479 secs] [Times: user=0.00 sys=0.00, real=0.00 secs] 
0.348: [GC 0.348: [DefNew: 3909K->0K(4928K), 0.0000322 secs] 4109K->201K(15872K), 0.0000462 secs] [Times: user=0.00 sys=0.00, real=0.00 secs] 
0.349: [GC 0.349: [DefNew: 3909K->0K(4928K), 0.0000325 secs] 4109K->201K(15872K), 0.0000462 secs] [Times: user=0.00 sys=0.00, real=0.00 secs] 
0.349: [GC 0.349: [DefNew: 3909K->0K(4928K), 0.0000332 secs] 4109K->201K(15872K), 0.0000472 secs] [Times: user=0.00 sys=0.00, real=0.00 secs] 
0.350: [GC 0.350: [DefNew: 3909K->0K(4928K), 0.0000694 secs] 4109K->201K(15872K), 0.0000883 secs] [Times: user=0.00 sys=0.00, real=0.00 secs] 
0.350: [GC 0.350: [DefNew: 3909K->0K(4928K), 0.0000328 secs] 4109K->201K(15872K), 0.0000469 secs] [Times: user=0.00 sys=0.00, real=0.00 secs] 
0.351: [GC 0.351: [DefNew: 3909K->0K(4928K), 0.0000376 secs] 4109K->201K(15872K), 0.0000510 secs] [Times: user=0.00 sys=0.00, real=0.00 secs] 
0.351: [GC 0.351: [DefNew: 3909K->0K(4928K), 0.0000325 secs] 4109K->201K(15872K), 0.0000458 secs] [Times: user=0.00 sys=0.00, real=0.00 secs] 
0.352: [GC 0.352: [DefNew: 3909K->0K(4928K), 0.0000404 secs] 4109K->201K(15872K), 0.0000534 secs] [Times: user=0.00 sys=0.00, real=0.00 secs] 
0.352: [GC 0.352: [DefNew: 3909K->0K(4928K), 0.0000339 secs] 4109K->201K(15872K), 0.0000455 secs] [Times: user=0.00 sys=0.00, real=0.00 secs] 
0.353: [GC 0.353: [DefNew: 3909K->0K(4928K), 0.0000369 secs] 4109K->201K(15872K), 0.0000496 secs] [Times: user=0.00 sys=0.00, real=0.00 secs] 
0.353: [GC 0.353: [DefNew: 3909K->0K(4928K), 0.0000424 secs] 4109K->201K(15872K), 0.0000592 secs] [Times: user=0.00 sys=0.00, real=0.00 secs] 
0.354: [GC 0.354: [DefNew: 3909K->0K(4928K), 0.0000390 secs] 4109K->201K(15872K), 0.0000547 secs] [Times: user=0.00 sys=0.00, real=0.00 secs] 
0.354: [GC 0.354: [DefNew: 3909K->0K(4928K), 0.0000352 secs] 4109K->201K(15872K), 0.0000499 secs] [Times: user=0.00 sys=0.00, real=0.00 secs] 
0.355: [GC 0.355: [DefNew: 3909K->0K(4928K), 0.0000335 secs] 4109K->201K(15872K), 0.0000482 secs] [Times: user=0.00 sys=0.00, real=0.00 secs] 
0.355: [GC 0.355: [DefNew: 3909K->0K(4928K), 0.0000335 secs] 4110K->201K(15872K), 0.0000479 secs] [Times: user=0.00 sys=0.00, real=0.00 secs] 
0.356: [GC 0.356: [DefNew: 3909K->0K(4928K), 0.0000424 secs] 4110K->201K(15872K), 0.0000571 secs] [Times: user=0.00 sys=0.00, real=0.00 secs] 
0.356: [GC 0.356: [DefNew: 3909K->0K(4928K), 0.0000339 secs] 4110K->201K(15872K), 0.0000476 secs] [Times: user=0.00 sys=0.00, real=0.00 secs] 
0.357: [GC 0.357: [DefNew: 3909K->0K(4928K), 0.0000328 secs] 4110K->201K(15872K), 0.0000479 secs] [Times: user=0.00 sys=0.00, real=0.00 secs] 
0.357: [GC 0.357: [DefNew: 3909K->0K(4928K), 0.0000339 secs] 4110K->201K(15872K), 0.0000482 secs] [Times: user=0.00 sys=0.00, real=0.00 secs] 
0.358: [GC 0.358: [DefNew: 3909K->0K(4928K), 0.0000335 secs] 4110K->202K(15872K), 0.0000479 secs] [Times: user=0.00 sys=0.00, real=0.00 secs] 
0.358: [GC 0.358: [DefNew: 3909K->0K(4928K), 0.0000421 secs] 4110K->202K(15872K), 0.0000582 secs] [Times: user=0.00 sys=0.00, real=0.00 secs] 
0.359: [GC 0.359: [DefNew: 3909K->0K(4928K), 0.0000383 secs] 4110K->202K(15872K), 0.0000541 secs] [Times: user=0.00 sys=0.00, real=0.00 secs] 
0.359: [GC 0.359: [DefNew: 3909K->0K(4928K), 0.0000376 secs] 4110K->202K(15872K), 0.0000530 secs] [Times: user=0.00 sys=0.00, real=0.00 secs] 
0.360: [GC 0.360: [DefNew: 3909K->0K(4928K), 0.0000339 secs] 4110K->202K(15872K), 0.0000486 secs] [Times: user=0.00 sys=0.00, real=0.00 secs] 
0.360: [GC 0.360: [DefNew: 3909K->0K(4928K), 0.0000339 secs] 4110K->202K(15872K), 0.0000479 secs] [Times: user=0.00 sys=0.00, real=0.00 secs] 
0.361: [GC 0.361: [DefNew: 3909K->0K(4928K), 0.0000407 secs] 4110K->202K(15872K), 0.0000561 secs] [Times: user=0.00 sys=0.00, real=0.00 secs] 
0.361: [GC 0.361: [DefNew: 3909K->0K(4928K), 0.0000335 secs] 4110K->202K(15872K), 0.0000482 secs] [Times: user=0.00 sys=0.00, real=0.00 secs] 
0.362: [GC 0.362: [DefNew: 3909K->0K(4928K), 0.0000346 secs] 4110K->202K(15872K), 0.0000489 secs] [Times: user=0.00 sys=0.00, real=0.00 secs] 
0.362: [GC 0.362: [DefNew: 3909K->0K(4928K), 0.0000356 secs] 4110K->202K(15872K), 0.0000499 secs] [Times: user=0.00 sys=0.00, real=0.00 secs] 
0.363: [GC 0.363: [DefNew: 3909K->0K(4928K), 0.0000332 secs] 4110K->202K(15872K), 0.0000472 secs] [Times: user=0.00 sys=0.00, real=0.00 secs] 
0.363: [GC 0.363: [DefNew: 3909K->0K(4928K), 0.0000311 secs] 4110K->202K(15872K), 0.0000455 secs] [Times: user=0.00 sys=0.00, real=0.00 secs] 
0.363: [GC 0.364: [DefNew: 3909K->0K(4928K), 0.0000322 secs] 4110K->202K(15872K), 0.0000458 secs] [Times: user=0.00 sys=0.00, real=0.00 secs] 
0.364: [GC 0.364: [DefNew: 3909K->0K(4928K), 0.0000335 secs] 4110K->202K(15872K), 0.0000476 secs] [Times: user=0.00 sys=0.00, real=0.00 secs] 
0.364: [GC 0.364: [DefNew: 3909K->0K(4928K), 0.0000322 secs] 4110K->202K(15872K), 0.0000462 secs] [Times: user=0.00 sys=0.00, real=0.00 secs] 
0.365: [GC 0.365: [DefNew: 3909K->0K(4928K), 0.0000325 secs] 4110K->202K(15872K), 0.0000530 secs] [Times: user=0.00 sys=0.00, real=0.00 secs] 
0.365: [GC 0.365: [DefNew: 3909K->0K(4928K), 0.0000308 secs] 4111K->202K(15872K), 0.0000448 secs] [Times: user=0.00 sys=0.00, real=0.00 secs] 
0.366: [GC 0.366: [DefNew: 3909K->0K(4928K), 0.0000698 secs] 4111K->202K(15872K), 0.0000931 secs] [Times: user=0.00 sys=0.00, real=0.00 secs] 
0.367: [GC 0.367: [DefNew: 3909K->0K(4928K), 0.0000934 secs] 4111K->202K(15872K), 0.0001221 secs] [Times: user=0.00 sys=0.00, real=0.00 secs] 
0.367: [GC 0.367: [DefNew: 3909K->0K(4928K), 0.0000428 secs] 4111K->202K(15872K), 0.0000585 secs] [Times: user=0.00 sys=0.00, real=0.00 secs] 
0.368: [GC 0.368: [DefNew: 3909K->0K(4928K), 0.0000380 secs] 4111K->202K(15872K), 0.0000537 secs] [Times: user=0.00 sys=0.00, real=0.00 secs] 
0.368: [GC 0.368: [DefNew: 3909K->0K(4928K), 0.0000335 secs] 4111K->203K(15872K), 0.0000469 secs] [Times: user=0.00 sys=0.00, real=0.00 secs] 
0.369: [GC 0.369: [DefNew: 3909K->0K(4928K), 0.0000352 secs] 4111K->203K(15872K), 0.0000496 secs] [Times: user=0.00 sys=0.00, real=0.00 secs] 
0.369: [GC 0.369: [DefNew: 3909K->0K(4928K), 0.0000339 secs] 4111K->203K(15872K), 0.0000486 secs] [Times: user=0.00 sys=0.00, real=0.00 secs] 
0.370: [GC 0.370: [DefNew: 3909K->0K(4928K), 0.0000318 secs] 4111K->203K(15872K), 0.0000462 secs] [Times: user=0.00 sys=0.00, real=0.00 secs] 
0.370: [GC 0.370: [DefNew: 3909K->0K(4928K), 0.0000328 secs] 4111K->203K(15872K), 0.0000469 secs] [Times: user=0.00 sys=0.00, real=0.00 secs] 
0.371: [GC 0.371: [DefNew: 3909K->0K(4928K), 0.0000349 secs] 4111K->203K(15872K), 0.0000493 secs] [Times: user=0.00 sys=0.00, real=0.00 secs] 
0.371: [GC 0.371: [DefNew: 3909K->0K(4928K), 0.0000325 secs] 4111K->203K(15872K), 0.0000462 secs] [Times: user=0.00 sys=0.00, real=0.00 secs] 
0.372: [GC 0.372: [DefNew: 3909K->0K(4928K), 0.0000322 secs] 4111K->203K(15872K), 0.0000458 secs] [Times: user=0.00 sys=0.00, real=0.00 secs] 
0.372: [GC 0.372: [DefNew: 3909K->0K(4928K), 0.0000356 secs] 4111K->203K(15872K), 0.0000510 secs] [Times: user=0.00 sys=0.00, real=0.00 secs] 
0.372: [GC 0.372: [DefNew: 3909K->0K(4928K), 0.0000328 secs] 4111K->203K(15872K), 0.0000469 secs] [Times: user=0.00 sys=0.00, real=0.00 secs] 
0.373: [GC 0.373: [DefNew: 3909K->0K(4928K), 0.0000315 secs] 4111K->203K(15872K), 0.0000455 secs] [Times: user=0.00 sys=0.00, real=0.00 secs] 
0.373: [GC 0.373: [DefNew: 3909K->0K(4928K), 0.0000325 secs] 4111K->203K(15872K), 0.0000462 secs] [Times: user=0.00 sys=0.00, real=0.00 secs] 
0.374: [GC 0.374: [DefNew: 3909K->0K(4928K), 0.0000328 secs] 4111K->203K(15872K), 0.0000472 secs] [Times: user=0.00 sys=0.00, real=0.00 secs] 
0.374: [GC 0.374: [DefNew: 3909K->0K(4928K), 0.0000322 secs] 4111K->203K(15872K), 0.0000458 secs] [Times: user=0.00 sys=0.00, real=0.00 secs] 
0.375: [GC 0.375: [DefNew: 3909K->0K(4928K), 0.0000571 secs] 4111K->203K(15872K), 0.0000729 secs] [Times: user=0.00 sys=0.00, real=0.00 secs] 
0.375: [GC 0.375: [DefNew: 3909K->0K(4928K), 0.0000373 secs] 4111K->203K(15872K), 0.0000527 secs] [Times: user=0.00 sys=0.00, real=0.00 secs] 
0.376: [GC 0.376: [DefNew: 3909K->0K(4928K), 0.0000376 secs] 4112K->203K(15872K), 0.0000534 secs] [Times: user=0.00 sys=0.00, real=0.00 secs] 
0.376: [GC 0.376: [DefNew: 3909K->0K(4928K), 0.0000346 secs] 4112K->203K(15872K), 0.0000489 secs] [Times: user=0.00 sys=0.00, real=0.00 secs] 
0.377: [GC 0.377: [DefNew: 3909K->0K(4928K), 0.0000356 secs] 4112K->203K(15872K), 0.0000506 secs] [Times: user=0.00 sys=0.00, real=0.00 secs] 
0.377: [GC 0.377: [DefNew: 3909K->0K(4928K), 0.0000315 secs] 4112K->203K(15872K), 0.0000462 secs] [Times: user=0.00 sys=0.00, real=0.00 secs] 
0.378: [GC 0.378: [DefNew: 3909K->0K(4928K), 0.0000328 secs] 4112K->203K(15872K), 0.0000472 secs] [Times: user=0.00 sys=0.00, real=0.00 secs] 
0.378: [GC 0.378: [DefNew: 3909K->0K(4928K), 0.0000322 secs] 4112K->204K(15872K), 0.0000469 secs] [Times: user=0.00 sys=0.00, real=0.00 secs] 
0.379: [GC 0.379: [DefNew: 3909K->0K(4928K), 0.0000328 secs] 4112K->204K(15872K), 0.0000476 secs] [Times: user=0.00 sys=0.00, real=0.00 secs] 
0.379: [GC 0.379: [DefNew: 3909K->0K(4928K), 0.0000339 secs] 4112K->204K(15872K), 0.0000482 secs] [Times: user=0.00 sys=0.00, real=0.00 secs] 
0.380: [GC 0.380: [DefNew: 3909K->0K(4928K), 0.0000328 secs] 4112K->204K(15872K), 0.0000476 secs] [Times: user=0.00 sys=0.00, real=0.00 secs] 
0.380: [GC 0.380: [DefNew: 3909K->0K(4928K), 0.0000325 secs] 4112K->204K(15872K), 0.0000469 secs] [Times: user=0.00 sys=0.00, real=0.00 secs] 
0.381: [GC 0.381: [DefNew: 3909K->0K(4928K), 0.0000404 secs] 4112K->204K(15872K), 0.0000561 secs] [Times: user=0.00 sys=0.00, real=0.00 secs] 
0.381: [GC 0.381: [DefNew: 3909K->0K(4928K), 0.0000376 secs] 4112K->204K(15872K), 0.0000520 secs] [Times: user=0.00 sys=0.00, real=0.00 secs] 
0.382: [GC 0.382: [DefNew: 3909K->0K(4928K), 0.0000417 secs] 4112K->204K(15872K), 0.0000571 secs] [Times: user=0.00 sys=0.00, real=0.00 secs] 
0.382: [GC 0.382: [DefNew: 3909K->0K(4928K), 0.0000359 secs] 4112K->204K(15872K), 0.0000510 secs] [Times: user=0.00 sys=0.00, real=0.00 secs] 
0.383: [GC 0.383: [DefNew: 3909K->0K(4928K), 0.0000356 secs] 4112K->204K(15872K), 0.0000534 secs] [Times: user=0.00 sys=0.00, real=0.00 secs] 
0.383: [GC 0.383: [DefNew: 3909K->0K(4928K), 0.0000318 secs] 4112K->204K(15872K), 0.0000458 secs] [Times: user=0.00 sys=0.00, real=0.00 secs] 
0.384: [GC 0.384: [DefNew: 3909K->0K(4928K), 0.0000328 secs] 4112K->204K(15872K), 0.0000469 secs] [Times: user=0.00 sys=0.00, real=0.00 secs] 
0.384: [GC 0.384: [DefNew: 3909K->0K(4928K), 0.0000414 secs] 4112K->204K(15872K), 0.0000575 secs] [Times: user=0.00 sys=0.00, real=0.00 secs] 
0.385: [GC 0.385: [DefNew: 3909K->0K(4928K), 0.0000332 secs] 4112K->204K(15872K), 0.0000476 secs] [Times: user=0.00 sys=0.00, real=0.00 secs] 
0.385: [GC 0.385: [DefNew: 3909K->0K(4928K), 0.0000311 secs] 4112K->204K(15872K), 0.0000445 secs] [Times: user=0.00 sys=0.00, real=0.00 secs] 
0.385: [GC 0.385: [DefNew: 3909K->0K(4928K), 0.0000318 secs] 4112K->204K(15872K), 0.0000452 secs] [Times: user=0.00 sys=0.00, real=0.00 secs] 
0.386: [GC 0.386: [DefNew: 3909K->0K(4928K), 0.0000356 secs] 4112K->204K(15872K), 0.0000496 secs] [Times: user=0.00 sys=0.00, real=0.00 secs] 
0.386: [GC 0.386: [DefNew: 3909K->0K(4928K), 0.0000325 secs] 4113K->204K(15872K), 0.0000462 secs] [Times: user=0.00 sys=0.00, real=0.00 secs] 
0.387: [GC 0.387: [DefNew: 3909K->0K(4928K), 0.0000349 secs] 4113K->204K(15872K), 0.0000499 secs] [Times: user=0.00 sys=0.00, real=0.00 secs] 
0.387: [GC 0.387: [DefNew: 3909K->0K(4928K), 0.0000328 secs] 4113K->204K(15872K), 0.0000472 secs] [Times: user=0.00 sys=0.00, real=0.00 secs] 
0.388: [GC 0.388: [DefNew: 3909K->0K(4928K), 0.0000325 secs] 4113K->204K(15872K), 0.0000465 secs] [Times: user=0.00 sys=0.00, real=0.00 secs] 
0.388: [GC 0.388: [DefNew: 3909K->0K(4928K), 0.0000318 secs] 4113K->204K(15872K), 0.0000462 secs] [Times: user=0.00 sys=0.00, real=0.00 secs] 
0.389: [GC 0.389: [DefNew: 3909K->0K(4928K), 0.0000315 secs] 4113K->205K(15872K), 0.0000455 secs] [Times: user=0.00 sys=0.00, real=0.00 secs] 
0.389: [GC 0.389: [DefNew: 3909K->0K(4928K), 0.0000328 secs] 4113K->205K(15872K), 0.0000472 secs] [Times: user=0.00 sys=0.00, real=0.00 secs] 
0.390: [GC 0.390: [DefNew: 3909K->0K(4928K), 0.0000318 secs] 4113K->205K(15872K), 0.0000462 secs] [Times: user=0.00 sys=0.00, real=0.00 secs] 
0.390: [GC 0.390: [DefNew: 3909K->0K(4928K), 0.0000318 secs] 4113K->205K(15872K), 0.0000458 secs] [Times: user=0.00 sys=0.00, real=0.00 secs] 
0.391: [GC 0.391: [DefNew: 3909K->0K(4928K), 0.0000308 secs] 4113K->205K(15872K), 0.0000452 secs] [Times: user=0.00 sys=0.00, real=0.00 secs] 
0.391: [GC 0.391: [DefNew: 3909K->0K(4928K), 0.0000308 secs] 4113K->205K(15872K), 0.0000441 secs] [Times: user=0.00 sys=0.00, real=0.00 secs] 
0.391: [GC 0.391: [DefNew: 3909K->0K(4928K), 0.0000308 secs] 4113K->205K(15872K), 0.0000452 secs] [Times: user=0.00 sys=0.00, real=0.00 secs] 
0.392: [GC 0.392: [DefNew: 3909K->0K(4928K), 0.0000376 secs] 4113K->205K(15872K), 0.0000534 secs] [Times: user=0.00 sys=0.00, real=0.00 secs] 
0.392: [GC 0.392: [DefNew: 3909K->0K(4928K), 0.0000335 secs] 4113K->205K(15872K), 0.0000496 secs] [Times: user=0.00 sys=0.00, real=0.00 secs] 
0.393: [GC 0.393: [DefNew: 3909K->0K(4928K), 0.0000322 secs] 4113K->205K(15872K), 0.0000472 secs] [Times: user=0.00 sys=0.00, real=0.00 secs] 
0.393: [GC 0.393: [DefNew: 3909K->0K(4928K), 0.0000318 secs] 4113K->205K(15872K), 0.0000458 secs] [Times: user=0.00 sys=0.00, real=0.00 secs] 
0.394: [GC 0.394: [DefNew: 3909K->0K(4928K), 0.0000325 secs] 4113K->205K(15872K), 0.0000465 secs] [Times: user=0.00 sys=0.00, real=0.00 secs] 
0.394: [GC 0.394: [DefNew: 3909K->0K(4928K), 0.0000315 secs] 4113K->205K(15872K), 0.0000455 secs] [Times: user=0.00 sys=0.00, real=0.00 secs] 
0.395: [GC 0.395: [DefNew: 3909K->0K(4928K), 0.0000308 secs] 4113K->205K(15872K), 0.0000448 secs] [Times: user=0.00 sys=0.00, real=0.00 secs] 
0.395: [GC 0.395: [DefNew: 3909K->0K(4928K), 0.0000315 secs] 4113K->205K(15872K), 0.0000452 secs] [Times: user=0.00 sys=0.00, real=0.00 secs] 
0.396: [GC 0.396: [DefNew: 3909K->0K(4928K), 0.0000325 secs] 4113K->205K(15872K), 0.0000469 secs] [Times: user=0.00 sys=0.00, real=0.00 secs] 
0.396: [GC 0.396: [DefNew: 3909K->0K(4928K), 0.0000315 secs] 4114K->205K(15872K), 0.0000458 secs] [Times: user=0.00 sys=0.00, real=0.00 secs] 
0.397: [GC 0.397: [DefNew: 3909K->0K(4928K), 0.0000304 secs] 4114K->205K(15872K), 0.0000445 secs] [Times: user=0.00 sys=0.00, real=0.00 secs] 
0.397: [GC 0.397: [DefNew: 3909K->0K(4928K), 0.0000568 secs] 4114K->205K(15872K), 0.0000725 secs] [Times: user=0.00 sys=0.00, real=0.00 secs] 
0.398: [GC 0.398: [DefNew: 3909K->0K(4928K), 0.0000455 secs] 4114K->205K(15872K), 0.0000612 secs] [Times: user=0.00 sys=0.00, real=0.00 secs] 
0.398: [GC 0.398: [DefNew: 3909K->0K(4928K), 0.0000366 secs] 4114K->205K(15872K), 0.0000486 secs] [Times: user=0.00 sys=0.00, real=0.00 secs] 
0.399: [GC 0.399: [DefNew: 3909K->0K(4928K), 0.0000352 secs] 4114K->206K(15872K), 0.0000469 secs] [Times: user=0.00 sys=0.00, real=0.00 secs] 
0.399: [GC 0.399: [DefNew: 3909K->0K(4928K), 0.0000332 secs] 4114K->206K(15872K), 0.0000448 secs] [Times: user=0.00 sys=0.00, real=0.00 secs] 
0.400: [GC 0.400: [DefNew: 3909K->0K(4928K), 0.0000346 secs] 4114K->206K(15872K), 0.0000462 secs] [Times: user=0.00 sys=0.00, real=0.00 secs] 
0.400: [GC 0.400: [DefNew: 3909K->0K(4928K), 0.0000346 secs] 4114K->206K(15872K), 0.0000458 secs] [Times: user=0.00 sys=0.00, real=0.00 secs] 
0.401: [GC 0.401: [DefNew: 3909K->0K(4928K), 0.0000335 secs] 4114K->206K(15872K), 0.0000452 secs] [Times: user=0.00 sys=0.00, real=0.00 secs] 
0.401: [GC 0.401: [DefNew: 3909K->0K(4928K), 0.0000322 secs] 4114K->206K(15872K), 0.0000431 secs] [Times: user=0.00 sys=0.00, real=0.00 secs] 
0.402: [GC 0.402: [DefNew: 3909K->0K(4928K), 0.0000311 secs] 4114K->206K(15872K), 0.0000417 secs] [Times: user=0.00 sys=0.00, real=0.00 secs] 
0.402: [GC 0.402: [DefNew: 3909K->0K(4928K), 0.0000366 secs] 4114K->206K(15872K), 0.0000496 secs] [Times: user=0.00 sys=0.00, real=0.00 secs] 
0.402: [GC 0.402: [DefNew: 3909K->0K(4928K), 0.0000304 secs] 4114K->206K(15872K), 0.0000417 secs] [Times: user=0.00 sys=0.00, real=0.00 secs] 
0.403: [GC 0.403: [DefNew: 3909K->0K(4928K), 0.0000595 secs] 4114K->206K(15872K), 0.0001016 secs] [Times: user=0.00 sys=0.00, real=0.00 secs] 
0.404: [GC 0.404: [DefNew: 3909K->0K(4928K), 0.0000493 secs] 4114K->206K(15872K), 0.0000688 secs] [Times: user=0.00 sys=0.00, real=0.00 secs] 
0.404: [GC 0.404: [DefNew: 3909K->0K(4928K), 0.0000407 secs] 4114K->206K(15872K), 0.0000544 secs] [Times: user=0.00 sys=0.00, real=0.00 secs] 
0.405: [GC 0.405: [DefNew: 3913K->4K(4928K), 0.0000438 secs] 4118K->210K(15872K), 0.0000588 secs] [Times: user=0.00 sys=0.00, real=0.00 secs] 
0.405: [GC 0.405: [DefNew: 3913K->4K(4928K), 0.0000387 secs] 4118K->210K(15872K), 0.0000527 secs] [Times: user=0.00 sys=0.00, real=0.00 secs] 
0.406: [GC 0.406: [DefNew: 3913K->4K(4928K), 0.0000380 secs] 4118K->210K(15872K), 0.0000523 secs] [Times: user=0.00 sys=0.00, real=0.00 secs] 
0.406: [GC 0.406: [DefNew: 3913K->4K(4928K), 0.0000363 secs] 4118K->210K(15872K), 0.0000503 secs] [Times: user=0.00 sys=0.00, real=0.00 secs] 
0.407: [GC 0.407: [DefNew: 3913K->4K(4928K), 0.0000369 secs] 4119K->210K(15872K), 0.0000520 secs] [Times: user=0.00 sys=0.00, real=0.00 secs] 
0.407: [GC 0.407: [DefNew: 3913K->4K(4928K), 0.0000369 secs] 4119K->210K(15872K), 0.0000510 secs] [Times: user=0.00 sys=0.00, real=0.00 secs] 
0.408: [GC 0.408: [DefNew: 3913K->4K(4928K), 0.0000547 secs] 4119K->210K(15872K), 0.0000708 secs] [Times: user=0.00 sys=0.00, real=0.00 secs] 
0.408: [GC 0.408: [DefNew: 3913K->4K(4928K), 0.0000479 secs] 4119K->210K(15872K), 0.0000623 secs] [Times: user=0.00 sys=0.00, real=0.00 secs] 
0.409: [GC 0.409: [DefNew: 3913K->4K(4928K), 0.0000455 secs] 4119K->210K(15872K), 0.0000616 secs] [Times: user=0.00 sys=0.00, real=0.00 secs] 
0.409: [GC 0.409: [DefNew: 3913K->4K(4928K), 0.0000404 secs] 4119K->211K(15872K), 0.0000551 secs] [Times: user=0.00 sys=0.00, real=0.00 secs] 
0.410: [GC 0.410: [DefNew: 3913K->4K(4928K), 0.0000397 secs] 4119K->211K(15872K), 0.0000541 secs] [Times: user=0.00 sys=0.00, real=0.00 secs] 
0.410: [GC 0.410: [DefNew: 3913K->4K(4928K), 0.0000373 secs] 4119K->211K(15872K), 0.0000513 secs] [Times: user=0.00 sys=0.00, real=0.00 secs] 
0.411: [GC 0.411: [DefNew: 3913K->4K(4928K), 0.0000373 secs] 4119K->211K(15872K), 0.0000513 secs] [Times: user=0.00 sys=0.00, real=0.00 secs] 
0.411: [GC 0.411: [DefNew: 3913K->4K(4928K), 0.0000376 secs] 4119K->211K(15872K), 0.0000513 secs] [Times: user=0.00 sys=0.00, real=0.00 secs] 
0.412: [GC 0.412: [DefNew: 3913K->4K(4928K), 0.0000383 secs] 4119K->211K(15872K), 0.0000527 secs] [Times: user=0.02 sys=0.00, real=0.00 secs] 
0.412: [GC 0.412: [DefNew: 3913K->0K(4928K), 0.0000411 secs] 4119K->211K(15872K), 0.0000554 secs] [Times: user=0.00 sys=0.00, real=0.00 secs] 
0.413: [GC 0.413: [DefNew: 3909K->0K(4928K), 0.0000352 secs] 4119K->211K(15872K), 0.0000544 secs] [Times: user=0.00 sys=0.00, real=0.00 secs] 
0.413: [GC 0.413: [DefNew: 3909K->0K(4928K), 0.0000397 secs] 4119K->211K(15872K), 0.0000530 secs] [Times: user=0.00 sys=0.00, real=0.00 secs] 
0.414: [GC 0.414: [DefNew: 3909K->0K(4928K), 0.0000352 secs] 4119K->211K(15872K), 0.0000496 secs] [Times: user=0.00 sys=0.00, real=0.00 secs] 
0.414: [GC 0.414: [DefNew: 3909K->0K(4928K), 0.0000339 secs] 4119K->211K(15872K), 0.0000479 secs] [Times: user=0.00 sys=0.00, real=0.00 secs] 
0.414: [GC 0.414: [DefNew: 3909K->0K(4928K), 0.0000318 secs] 4119K->211K(15872K), 0.0000455 secs] [Times: user=0.00 sys=0.00, real=0.00 secs] 
0.415: [GC 0.415: [DefNew: 3909K->0K(4928K), 0.0000325 secs] 4119K->211K(15872K), 0.0000462 secs] [Times: user=0.00 sys=0.00, real=0.00 secs] 
0.415: [GC 0.415: [DefNew: 3909K->0K(4928K), 0.0000318 secs] 4119K->211K(15872K), 0.0000455 secs] [Times: user=0.00 sys=0.00, real=0.00 secs] 
0.416: [GC 0.416: [DefNew: 3909K->0K(4928K), 0.0000315 secs] 4119K->211K(15872K), 0.0000458 secs] [Times: user=0.00 sys=0.00, real=0.00 secs] 
0.416: [GC 0.416: [DefNew: 3909K->0K(4928K), 0.0000318 secs] 4119K->211K(15872K), 0.0000462 secs] [Times: user=0.00 sys=0.00, real=0.00 secs] 
0.417: [GC 0.417: [DefNew: 3909K->0K(4928K), 0.0000346 secs] 4119K->211K(15872K), 0.0000499 secs] [Times: user=0.00 sys=0.00, real=0.00 secs] 
0.417: [GC 0.417: [DefNew: 3909K->0K(4928K), 0.0000308 secs] 4120K->211K(15872K), 0.0000452 secs] [Times: user=0.00 sys=0.00, real=0.00 secs] 
0.418: [GC 0.418: [DefNew: 3909K->0K(4928K), 0.0000322 secs] 4120K->211K(15872K), 0.0000465 secs] [Times: user=0.00 sys=0.00, real=0.00 secs] 
0.418: [GC 0.418: [DefNew: 3909K->0K(4928K), 0.0000322 secs] 4120K->211K(15872K), 0.0000462 secs] [Times: user=0.00 sys=0.00, real=0.00 secs] 
0.419: [GC 0.419: [DefNew: 3909K->0K(4928K), 0.0000431 secs] 4120K->211K(15872K), 0.0000657 secs] [Times: user=0.00 sys=0.00, real=0.00 secs] 
0.419: [GC 0.419: [DefNew: 3909K->0K(4928K), 0.0000325 secs] 4120K->211K(15872K), 0.0000469 secs] [Times: user=0.00 sys=0.00, real=0.00 secs] 
0.420: [GC 0.420: [DefNew: 3909K->0K(4928K), 0.0000318 secs] 4120K->212K(15872K), 0.0000462 secs] [Times: user=0.00 sys=0.00, real=0.00 secs] 
0.420: [GC 0.420: [DefNew: 3909K->0K(4928K), 0.0000366 secs] 4120K->212K(15872K), 0.0000534 secs] [Times: user=0.00 sys=0.00, real=0.00 secs] 
0.421: [GC 0.421: [DefNew: 3909K->0K(4928K), 0.0000328 secs] 4120K->212K(15872K), 0.0000486 secs] [Times: user=0.00 sys=0.00, real=0.00 secs] 
0.421: [GC 0.421: [DefNew: 3909K->0K(4928K), 0.0000328 secs] 4120K->212K(15872K), 0.0000476 secs] [Times: user=0.00 sys=0.00, real=0.00 secs] 
0.422: [GC 0.422: [DefNew: 3909K->0K(4928K), 0.0000325 secs] 4120K->212K(15872K), 0.0000465 secs] [Times: user=0.00 sys=0.00, real=0.00 secs] 
0.422: [GC 0.422: [DefNew: 3909K->0K(4928K), 0.0000373 secs] 4120K->212K(15872K), 0.0000523 secs] [Times: user=0.00 sys=0.00, real=0.00 secs] 
0.422: [GC 0.423: [DefNew: 3909K->0K(4928K), 0.0000335 secs] 4120K->212K(15872K), 0.0000482 secs] [Times: user=0.00 sys=0.00, real=0.00 secs] 
0.423: [GC 0.423: [DefNew: 3909K->0K(4928K), 0.0000322 secs] 4120K->212K(15872K), 0.0000465 secs] [Times: user=0.00 sys=0.00, real=0.00 secs] 
0.423: [GC 0.423: [DefNew: 3909K->0K(4928K), 0.0000311 secs] 4120K->212K(15872K), 0.0000452 secs] [Times: user=0.00 sys=0.00, real=0.00 secs] 
0.424: [GC 0.424: [DefNew: 3909K->0K(4928K), 0.0000311 secs] 4120K->212K(15872K), 0.0000452 secs] [Times: user=0.00 sys=0.00, real=0.00 secs] 
0.424: [GC 0.424: [DefNew: 3909K->0K(4928K), 0.0000311 secs] 4120K->212K(15872K), 0.0000455 secs] [Times: user=0.00 sys=0.00, real=0.00 secs] 
0.425: [GC 0.425: [DefNew: 3909K->0K(4928K), 0.0000411 secs] 4120K->212K(15872K), 0.0000636 secs] [Times: user=0.00 sys=0.00, real=0.00 secs] 
0.426: [GC 0.426: [DefNew: 3909K->0K(4928K), 0.0000441 secs] 4120K->212K(15872K), 0.0000616 secs] [Times: user=0.00 sys=0.00, real=0.00 secs] 
0.426: [GC 0.426: [DefNew: 3909K->0K(4928K), 0.0000393 secs] 4120K->212K(15872K), 0.0000558 secs] [Times: user=0.00 sys=0.00, real=0.00 secs] 
0.427: [GC 0.427: [DefNew: 3909K->0K(4928K), 0.0000339 secs] 4120K->212K(15872K), 0.0000486 secs] [Times: user=0.00 sys=0.00, real=0.00 secs] 
0.427: [GC 0.427: [DefNew: 3909K->0K(4928K), 0.0000359 secs] 4120K->212K(15872K), 0.0000506 secs] [Times: user=0.00 sys=0.00, real=0.00 secs] 
0.428: [GC 0.428: [DefNew: 3909K->0K(4928K), 0.0000359 secs] 4121K->212K(15872K), 0.0000506 secs] [Times: user=0.00 sys=0.00, real=0.00 secs] 
0.428: [GC 0.428: [DefNew: 3909K->0K(4928K), 0.0000369 secs] 4121K->212K(15872K), 0.0000499 secs] [Times: user=0.00 sys=0.00, real=0.00 secs] 
0.429: [GC 0.429: [DefNew: 3909K->0K(4928K), 0.0000417 secs] 4121K->212K(15872K), 0.0000564 secs] [Times: user=0.00 sys=0.00, real=0.00 secs] 
0.429: [GC 0.429: [DefNew: 3909K->0K(4928K), 0.0000455 secs] 4121K->212K(15872K), 0.0000602 secs] [Times: user=0.00 sys=0.00, real=0.00 secs] 
0.430: [GC 0.430: [DefNew: 3909K->0K(4928K), 0.0000369 secs] 4121K->212K(15872K), 0.0000499 secs] [Times: user=0.00 sys=0.00, real=0.00 secs] 
0.430: [GC 0.430: [DefNew: 3909K->0K(4928K), 0.0000339 secs] 4121K->213K(15872K), 0.0000452 secs] [Times: user=0.00 sys=0.00, real=0.00 secs] 
0.430: [GC 0.430: [DefNew: 3909K->0K(4928K), 0.0000318 secs] 4121K->213K(15872K), 0.0000434 secs] [Times: user=0.00 sys=0.00, real=0.00 secs] 
0.431: [GC 0.431: [DefNew: 3909K->0K(4928K), 0.0000315 secs] 4121K->213K(15872K), 0.0000424 secs] [Times: user=0.00 sys=0.00, real=0.00 secs] 
0.431: [GC 0.431: [DefNew: 3909K->0K(4928K), 0.0000304 secs] 4121K->213K(15872K), 0.0000421 secs] [Times: user=0.00 sys=0.00, real=0.00 secs] 
0.432: [GC 0.432: [DefNew: 3909K->0K(4928K), 0.0000356 secs] 4121K->213K(15872K), 0.0000482 secs] [Times: user=0.00 sys=0.00, real=0.00 secs] 
0.432: [GC 0.432: [DefNew: 3909K->0K(4928K), 0.0000308 secs] 4121K->213K(15872K), 0.0000421 secs] [Times: user=0.00 sys=0.00, real=0.00 secs] 
0.433: [GC 0.433: [DefNew: 3909K->0K(4928K), 0.0000315 secs] 4121K->213K(15872K), 0.0000431 secs] [Times: user=0.00 sys=0.00, real=0.00 secs] 
0.433: [GC 0.433: [DefNew: 3909K->0K(4928K), 0.0000298 secs] 4121K->213K(15872K), 0.0000407 secs] [Times: user=0.00 sys=0.00, real=0.00 secs] 
0.434: [GC 0.434: [DefNew: 3909K->0K(4928K), 0.0000315 secs] 4121K->213K(15872K), 0.0000455 secs] [Times: user=0.00 sys=0.00, real=0.00 secs] 
0.434: [GC 0.434: [DefNew: 3909K->0K(4928K), 0.0000342 secs] 4121K->213K(15872K), 0.0000465 secs] [Times: user=0.00 sys=0.00, real=0.00 secs] 
0.434: [GC 0.434: [DefNew: 3909K->0K(4928K), 0.0000304 secs] 4121K->213K(15872K), 0.0000414 secs] [Times: user=0.00 sys=0.00, real=0.00 secs] 
0.435: [GC 0.435: [DefNew: 3909K->0K(4928K), 0.0000304 secs] 4121K->213K(15872K), 0.0000411 secs] [Times: user=0.00 sys=0.00, real=0.00 secs] 
0.435: [GC 0.435: [DefNew: 3909K->0K(4928K), 0.0000301 secs] 4121K->213K(15872K), 0.0000407 secs] [Times: user=0.00 sys=0.00, real=0.00 secs] 
0.436: [GC 0.436: [DefNew: 3909K->0K(4928K), 0.0000298 secs] 4121K->213K(15872K), 0.0000411 secs] [Times: user=0.00 sys=0.00, real=0.00 secs] 
0.436: [GC 0.436: [DefNew: 3909K->0K(4928K), 0.0000301 secs] 4121K->213K(15872K), 0.0000407 secs] [Times: user=0.00 sys=0.00, real=0.00 secs] 
0.437: [GC 0.437: [DefNew: 3909K->0K(4928K), 0.0000301 secs] 4121K->213K(15872K), 0.0000404 secs] [Times: user=0.00 sys=0.00, real=0.00 secs] 
0.437: [GC 0.437: [DefNew: 3909K->0K(4928K), 0.0000424 secs] 4122K->213K(15872K), 0.0000578 secs] [Times: user=0.00 sys=0.00, real=0.00 secs] 
0.437: [GC 0.437: [DefNew: 3909K->0K(4928K), 0.0000400 secs] 4122K->213K(15872K), 0.0000564 secs] [Times: user=0.00 sys=0.00, real=0.00 secs] 
0.438: [GC 0.438: [DefNew: 3909K->0K(4928K), 0.0000393 secs] 4122K->213K(15872K), 0.0000537 secs] [Times: user=0.00 sys=0.00, real=0.00 secs] 
0.438: [GC 0.438: [DefNew: 3909K->0K(4928K), 0.0000383 secs] 4122K->213K(15872K), 0.0000520 secs] [Times: user=0.00 sys=0.00, real=0.00 secs] 
0.439: [GC 0.439: [DefNew: 3909K->0K(4928K), 0.0000390 secs] 4122K->213K(15872K), 0.0000527 secs] [Times: user=0.00 sys=0.00, real=0.00 secs] 
0.439: [GC 0.439: [DefNew: 3909K->0K(4928K), 0.0000465 secs] 4122K->214K(15872K), 0.0000602 secs] [Times: user=0.00 sys=0.00, real=0.00 secs] 
0.440: [GC 0.440: [DefNew: 3909K->0K(4928K), 0.0000537 secs] 4122K->214K(15872K), 0.0000722 secs] [Times: user=0.00 sys=0.00, real=0.00 secs] 
0.441: [GC 0.441: [DefNew: 3909K->0K(4928K), 0.0000458 secs] 4122K->214K(15872K), 0.0000606 secs] [Times: user=0.00 sys=0.00, real=0.00 secs] 
0.441: [GC 0.441: [DefNew: 3909K->0K(4928K), 0.0000520 secs] 4122K->214K(15872K), 0.0000705 secs] [Times: user=0.00 sys=0.00, real=0.00 secs] 
0.442: [GC 0.442: [DefNew: 3909K->0K(4928K), 0.0000482 secs] 4122K->214K(15872K), 0.0000647 secs] [Times: user=0.00 sys=0.00, real=0.00 secs] 
0.442: [GC 0.442: [DefNew: 3909K->0K(4928K), 0.0000431 secs] 4122K->214K(15872K), 0.0000585 secs] [Times: user=0.00 sys=0.00, real=0.00 secs] 
0.443: [GC 0.443: [DefNew: 3909K->0K(4928K), 0.0000462 secs] 4122K->214K(15872K), 0.0000640 secs] [Times: user=0.00 sys=0.00, real=0.00 secs] 
0.443: [GC 0.443: [DefNew: 3909K->0K(4928K), 0.0000448 secs] 4122K->214K(15872K), 0.0000626 secs] [Times: user=0.00 sys=0.00, real=0.00 secs] 
0.444: [GC 0.444: [DefNew: 3909K->0K(4928K), 0.0000452 secs] 4122K->214K(15872K), 0.0000633 secs] [Times: user=0.00 sys=0.00, real=0.00 secs] 
0.444: [GC 0.444: [DefNew: 3909K->0K(4928K), 0.0000465 secs] 4122K->214K(15872K), 0.0000643 secs] [Times: user=0.00 sys=0.00, real=0.00 secs] 
0.445: [GC 0.445: [DefNew: 3909K->0K(4928K), 0.0000393 secs] 4122K->214K(15872K), 0.0000541 secs] [Times: user=0.00 sys=0.00, real=0.00 secs] 
0.445: [GC 0.445: [DefNew: 3909K->0K(4928K), 0.0000328 secs] 4122K->214K(15872K), 0.0000469 secs] [Times: user=0.00 sys=0.00, real=0.00 secs] 
0.446: [GC 0.446: [DefNew: 3909K->0K(4928K), 0.0000315 secs] 4122K->214K(15872K), 0.0000541 secs] [Times: user=0.00 sys=0.00, real=0.00 secs] 
0.446: [GC 0.446: [DefNew: 3909K->0K(4928K), 0.0000335 secs] 4122K->214K(15872K), 0.0000486 secs] [Times: user=0.00 sys=0.00, real=0.00 secs] 
0.447: [GC 0.447: [DefNew: 3909K->0K(4928K), 0.0000325 secs] 4122K->214K(15872K), 0.0000469 secs] [Times: user=0.00 sys=0.00, real=0.00 secs] 
0.447: [GC 0.447: [DefNew: 3909K->0K(4928K), 0.0000346 secs] 4122K->214K(15872K), 0.0000493 secs] [Times: user=0.00 sys=0.00, real=0.00 secs] 
0.448: [GC 0.448: [DefNew: 3909K->0K(4928K), 0.0000339 secs] 4122K->214K(15872K), 0.0000506 secs] [Times: user=0.00 sys=0.00, real=0.00 secs] 
0.448: [GC 0.448: [DefNew: 3909K->0K(4928K), 0.0000335 secs] 4123K->214K(15872K), 0.0000479 secs] [Times: user=0.00 sys=0.00, real=0.00 secs] 
0.448: [GC 0.448: [DefNew: 3909K->0K(4928K), 0.0000335 secs] 4123K->214K(15872K), 0.0000476 secs] [Times: user=0.00 sys=0.00, real=0.00 secs] 
0.449: [GC 0.449: [DefNew: 3909K->0K(4928K), 0.0000335 secs] 4123K->214K(15872K), 0.0000479 secs] [Times: user=0.00 sys=0.00, real=0.00 secs] 
0.449: [GC 0.449: [DefNew: 3909K->0K(4928K), 0.0000311 secs] 4123K->214K(15872K), 0.0000448 secs] [Times: user=0.00 sys=0.00, real=0.00 secs] 
0.450: [GC 0.450: [DefNew: 3909K->0K(4928K), 0.0000315 secs] 4123K->214K(15872K), 0.0000452 secs] [Times: user=0.00 sys=0.00, real=0.00 secs] 
0.450: [GC 0.450: [DefNew: 3909K->0K(4928K), 0.0000318 secs] 4123K->215K(15872K), 0.0000458 secs] [Times: user=0.00 sys=0.00, real=0.00 secs] 
0.451: [GC 0.451: [DefNew: 3909K->0K(4928K), 0.0000332 secs] 4123K->215K(15872K), 0.0000476 secs] [Times: user=0.00 sys=0.00, real=0.00 secs] 
0.451: [GC 0.451: [DefNew: 3909K->0K(4928K), 0.0000311 secs] 4123K->215K(15872K), 0.0000452 secs] [Times: user=0.00 sys=0.00, real=0.00 secs] 
0.452: [GC 0.452: [DefNew: 3909K->0K(4928K), 0.0000465 secs] 4123K->215K(15872K), 0.0000657 secs] [Times: user=0.00 sys=0.00, real=0.00 secs] 
0.452: [GC 0.452: [DefNew: 3909K->0K(4928K), 0.0000387 secs] 4123K->215K(15872K), 0.0000527 secs] [Times: user=0.00 sys=0.00, real=0.00 secs] 
0.453: [GC 0.453: [DefNew: 3909K->0K(4928K), 0.0000383 secs] 4123K->215K(15872K), 0.0000520 secs] [Times: user=0.00 sys=0.00, real=0.00 secs] 
0.453: [GC 0.453: [DefNew: 3909K->0K(4928K), 0.0000742 secs] 4123K->215K(15872K), 0.0000893 secs] [Times: user=0.00 sys=0.00, real=0.00 secs] 
0.454: [GC 0.454: [DefNew: 3909K->0K(4928K), 0.0000441 secs] 4123K->215K(15872K), 0.0000592 secs] [Times: user=0.00 sys=0.00, real=0.00 secs] 
0.454: [GC 0.454: [DefNew: 3909K->0K(4928K), 0.0000356 secs] 4123K->215K(15872K), 0.0000482 secs] [Times: user=0.00 sys=0.00, real=0.00 secs] 
0.455: [GC 0.455: [DefNew: 3909K->0K(4928K), 0.0000332 secs] 4123K->215K(15872K), 0.0000452 secs] [Times: user=0.00 sys=0.00, real=0.00 secs] 
0.455: [GC 0.455: [DefNew: 3909K->0K(4928K), 0.0000315 secs] 4123K->215K(15872K), 0.0000424 secs] [Times: user=0.00 sys=0.00, real=0.00 secs] 
0.456: [GC 0.456: [DefNew: 3909K->0K(4928K), 0.0000322 secs] 4123K->215K(15872K), 0.0000431 secs] [Times: user=0.00 sys=0.00, real=0.00 secs] 
0.456: [GC 0.456: [DefNew: 3909K->0K(4928K), 0.0000318 secs] 4123K->215K(15872K), 0.0000428 secs] [Times: user=0.00 sys=0.00, real=0.00 secs] 
0.457: [GC 0.457: [DefNew: 3909K->0K(4928K), 0.0000315 secs] 4123K->215K(15872K), 0.0000438 secs] [Times: user=0.00 sys=0.00, real=0.00 secs] 
0.457: [GC 0.457: [DefNew: 3909K->0K(4928K), 0.0000318 secs] 4123K->215K(15872K), 0.0000431 secs] [Times: user=0.00 sys=0.00, real=0.00 secs] 
0.458: [GC 0.458: [DefNew: 3909K->0K(4928K), 0.0000311 secs] 4123K->215K(15872K), 0.0000428 secs] [Times: user=0.00 sys=0.00, real=0.00 secs] 
0.458: [GC 0.458: [DefNew: 3909K->0K(4928K), 0.0000445 secs] 4124K->215K(15872K), 0.0000595 secs] [Times: user=0.00 sys=0.00, real=0.00 secs] 
0.459: [GC 0.459: [DefNew: 3909K->0K(4928K), 0.0000376 secs] 4124K->215K(15872K), 0.0000520 secs] [Times: user=0.00 sys=0.00, real=0.00 secs] 
0.459: [GC 0.459: [DefNew: 3909K->0K(4928K), 0.0000462 secs] 4124K->215K(15872K), 0.0000616 secs] [Times: user=0.00 sys=0.00, real=0.00 secs] 
0.460: [GC 0.460: [DefNew: 3909K->0K(4928K), 0.0000469 secs] 4124K->215K(15872K), 0.0000626 secs] [Times: user=0.00 sys=0.00, real=0.00 secs] 
0.460: [GC 0.460: [DefNew: 3909K->0K(4928K), 0.0000411 secs] 4124K->215K(15872K), 0.0000547 secs] [Times: user=0.00 sys=0.00, real=0.00 secs] 
0.461: [GC 0.461: [DefNew: 3909K->0K(4928K), 0.0000380 secs] 4124K->216K(15872K), 0.0000513 secs] [Times: user=0.00 sys=0.00, real=0.00 secs] 
0.461: [GC 0.461: [DefNew: 3909K->0K(4928K), 0.0000335 secs] 4124K->216K(15872K), 0.0000493 secs] [Times: user=0.00 sys=0.00, real=0.00 secs] 
0.462: [GC 0.462: [DefNew: 3909K->0K(4928K), 0.0000387 secs] 4124K->216K(15872K), 0.0000520 secs] [Times: user=0.00 sys=0.00, real=0.00 secs] 
0.462: [GC 0.462: [DefNew: 3909K->0K(4928K), 0.0000318 secs] 4124K->216K(15872K), 0.0000434 secs] [Times: user=0.00 sys=0.00, real=0.00 secs] 
0.463: [GC 0.463: [DefNew: 3909K->0K(4928K), 0.0000311 secs] 4124K->216K(15872K), 0.0000421 secs] [Times: user=0.00 sys=0.00, real=0.00 secs] 
0.463: [GC 0.463: [DefNew: 3909K->0K(4928K), 0.0000318 secs] 4124K->216K(15872K), 0.0000431 secs] [Times: user=0.00 sys=0.00, real=0.00 secs] 
0.464: [GC 0.464: [DefNew: 3909K->0K(4928K), 0.0000315 secs] 4124K->216K(15872K), 0.0000428 secs] [Times: user=0.00 sys=0.00, real=0.00 secs] 
0.464: [GC 0.464: [DefNew: 3909K->0K(4928K), 0.0000332 secs] 4124K->216K(15872K), 0.0000452 secs] [Times: user=0.00 sys=0.00, real=0.00 secs] 
0.464: [GC 0.464: [DefNew: 3909K->0K(4928K), 0.0000308 secs] 4124K->216K(15872K), 0.0000424 secs] [Times: user=0.00 sys=0.00, real=0.00 secs] 
0.465: [GC 0.465: [DefNew: 3909K->0K(4928K), 0.0000311 secs] 4124K->216K(15872K), 0.0000424 secs] [Times: user=0.00 sys=0.00, real=0.00 secs] 
0.465: [GC 0.465: [DefNew: 3909K->0K(4928K), 0.0000298 secs] 4124K->216K(15872K), 0.0000397 secs] [Times: user=0.00 sys=0.00, real=0.00 secs] 
0.466: [GC 0.466: [DefNew: 3909K->0K(4928K), 0.0000298 secs] 4124K->216K(15872K), 0.0000400 secs] [Times: user=0.00 sys=0.00, real=0.00 secs] 
0.466: [GC 0.466: [DefNew: 3909K->0K(4928K), 0.0000294 secs] 4124K->216K(15872K), 0.0000400 secs] [Times: user=0.00 sys=0.00, real=0.00 secs] 
0.467: [GC 0.467: [DefNew: 3909K->0K(4928K), 0.0000571 secs] 4124K->216K(15872K), 0.0000688 secs] [Times: user=0.00 sys=0.00, real=0.00 secs] 
0.467: [GC 0.467: [DefNew: 3909K->0K(4928K), 0.0000301 secs] 4124K->216K(15872K), 0.0000407 secs] [Times: user=0.00 sys=0.00, real=0.00 secs] 
0.468: [GC 0.468: [DefNew: 3909K->0K(4928K), 0.0000298 secs] 4124K->216K(15872K), 0.0000411 secs] [Times: user=0.00 sys=0.00, real=0.00 secs] 
0.468: [GC 0.468: [DefNew: 3909K->0K(4928K), 0.0000462 secs] 4125K->216K(15872K), 0.0000626 secs] [Times: user=0.00 sys=0.00, real=0.00 secs] 
0.469: [GC 0.469: [DefNew: 3909K->0K(4928K), 0.0000434 secs] 4125K->216K(15872K), 0.0000629 secs] [Times: user=0.00 sys=0.00, real=0.00 secs] 
0.469: [GC 0.469: [DefNew: 3909K->0K(4928K), 0.0000431 secs] 4125K->216K(15872K), 0.0000599 secs] [Times: user=0.00 sys=0.00, real=0.00 secs] 
0.470: [GC 0.470: [DefNew: 3909K->0K(4928K), 0.0000428 secs] 4125K->216K(15872K), 0.0000599 secs] [Times: user=0.00 sys=0.00, real=0.00 secs] 
0.470: [GC 0.470: [DefNew: 3909K->0K(4928K), 0.0000428 secs] 4125K->216K(15872K), 0.0000595 secs] [Times: user=0.00 sys=0.00, real=0.00 secs] 
0.471: [GC 0.471: [DefNew: 3909K->0K(4928K), 0.0000465 secs] 4125K->217K(15872K), 0.0000636 secs] [Times: user=0.00 sys=0.00, real=0.00 secs] 
0.471: [GC 0.471: [DefNew: 3909K->0K(4928K), 0.0000434 secs] 4125K->217K(15872K), 0.0000602 secs] [Times: user=0.00 sys=0.00, real=0.00 secs] 
0.472: [GC 0.472: [DefNew: 3909K->0K(4928K), 0.0000428 secs] 4125K->217K(15872K), 0.0000595 secs] [Times: user=0.00 sys=0.00, real=0.00 secs] 
0.472: [GC 0.472: [DefNew: 3909K->0K(4928K), 0.0000445 secs] 4125K->217K(15872K), 0.0000612 secs] [Times: user=0.00 sys=0.00, real=0.00 secs] 
0.473: [GC 0.473: [DefNew: 3909K->0K(4928K), 0.0000664 secs] 4125K->217K(15872K), 0.0000831 secs] [Times: user=0.00 sys=0.00, real=0.00 secs] 
0.473: [GC 0.473: [DefNew: 3909K->0K(4928K), 0.0000431 secs] 4125K->217K(15872K), 0.0000595 secs] [Times: user=0.00 sys=0.00, real=0.00 secs] 
0.474: [GC 0.474: [DefNew: 3909K->0K(4928K), 0.0000434 secs] 4125K->217K(15872K), 0.0000602 secs] [Times: user=0.00 sys=0.00, real=0.00 secs] 
0.474: [GC 0.474: [DefNew: 3909K->0K(4928K), 0.0000431 secs] 4125K->217K(15872K), 0.0000595 secs] [Times: user=0.00 sys=0.00, real=0.00 secs] 
0.475: [GC 0.475: [DefNew: 3909K->0K(4928K), 0.0000431 secs] 4125K->217K(15872K), 0.0000599 secs] [Times: user=0.00 sys=0.00, real=0.00 secs] 
0.475: [GC 0.475: [DefNew: 3909K->0K(4928K), 0.0000441 secs] 4125K->217K(15872K), 0.0000599 secs] [Times: user=0.00 sys=0.00, real=0.00 secs] 
0.476: [GC 0.476: [DefNew: 3909K->0K(4928K), 0.0000472 secs] 4125K->217K(15872K), 0.0000653 secs] [Times: user=0.00 sys=0.00, real=0.00 secs] 
0.476: [GC 0.476: [DefNew: 3909K->0K(4928K), 0.0000421 secs] 4125K->217K(15872K), 0.0000558 secs] [Times: user=0.00 sys=0.00, real=0.00 secs] 
0.477: [GC 0.477: [DefNew: 3909K->0K(4928K), 0.0000376 secs] 4125K->217K(15872K), 0.0000496 secs] [Times: user=0.00 sys=0.00, real=0.00 secs] 
0.477: [GC 0.477: [DefNew: 3909K->0K(4928K), 0.0000455 secs] 4125K->217K(15872K), 0.0000633 secs] [Times: user=0.00 sys=0.00, real=0.00 secs] 
0.478: [GC 0.478: [DefNew: 3909K->0K(4928K), 0.0000380 secs] 4125K->217K(15872K), 0.0000530 secs] [Times: user=0.00 sys=0.00, real=0.00 secs] 
0.478: [GC 0.478: [DefNew: 3909K->0K(4928K), 0.0000349 secs] 4125K->217K(15872K), 0.0000493 secs] [Times: user=0.00 sys=0.00, real=0.00 secs] 
0.479: [GC 0.479: [DefNew: 3909K->0K(4928K), 0.0000335 secs] 4125K->217K(15872K), 0.0000476 secs] [Times: user=0.00 sys=0.00, real=0.00 secs] 
0.479: [GC 0.479: [DefNew: 3909K->0K(4928K), 0.0000346 secs] 4126K->217K(15872K), 0.0000493 secs] [Times: user=0.00 sys=0.00, real=0.00 secs] 
0.480: [GC 0.480: [DefNew: 3909K->0K(4928K), 0.0000332 secs] 4126K->217K(15872K), 0.0000482 secs] [Times: user=0.00 sys=0.00, real=0.00 secs] 
0.480: [GC 0.480: [DefNew: 3909K->0K(4928K), 0.0000393 secs] 4126K->217K(15872K), 0.0000534 secs] [Times: user=0.00 sys=0.00, real=0.00 secs] 
0.481: [GC 0.481: [DefNew: 3909K->0K(4928K), 0.0000373 secs] 4126K->217K(15872K), 0.0000496 secs] [Times: user=0.00 sys=0.00, real=0.00 secs] 
0.481: [GC 0.481: [DefNew: 3909K->0K(4928K), 0.0000339 secs] 4126K->217K(15872K), 0.0000452 secs] [Times: user=0.00 sys=0.00, real=0.00 secs] 
0.481: [GC 0.482: [DefNew: 3909K->0K(4928K), 0.0000322 secs] 4126K->218K(15872K), 0.0000431 secs] [Times: user=0.00 sys=0.00, real=0.00 secs] 
0.482: [GC 0.482: [DefNew: 3909K->0K(4928K), 0.0000387 secs] 4126K->218K(15872K), 0.0000510 secs] [Times: user=0.00 sys=0.00, real=0.00 secs] 
0.482: [GC 0.482: [DefNew: 3909K->0K(4928K), 0.0000318 secs] 4126K->218K(15872K), 0.0000434 secs] [Times: user=0.00 sys=0.00, real=0.00 secs] 
0.483: [GC 0.483: [DefNew: 3909K->0K(4928K), 0.0000339 secs] 4126K->218K(15872K), 0.0000465 secs] [Times: user=0.00 sys=0.00, real=0.00 secs] 
0.483: [GC 0.483: [DefNew: 3909K->0K(4928K), 0.0000294 secs] 4126K->218K(15872K), 0.0000397 secs] [Times: user=0.00 sys=0.00, real=0.00 secs] 
0.484: [GC 0.484: [DefNew: 3909K->0K(4928K), 0.0000311 secs] 4126K->218K(15872K), 0.0000417 secs] [Times: user=0.00 sys=0.00, real=0.00 secs] 
0.484: [GC 0.484: [DefNew: 3909K->0K(4928K), 0.0000304 secs] 4126K->218K(15872K), 0.0000414 secs] [Times: user=0.00 sys=0.00, real=0.00 secs] 
0.485: [GC 0.485: [DefNew: 3909K->0K(4928K), 0.0000301 secs] 4126K->218K(15872K), 0.0000411 secs] [Times: user=0.00 sys=0.00, real=0.00 secs] 
0.485: [GC 0.485: [DefNew: 3909K->0K(4928K), 0.0000304 secs] 4126K->218K(15872K), 0.0000407 secs] [Times: user=0.00 sys=0.00, real=0.00 secs] 
0.486: [GC 0.486: [DefNew: 3909K->0K(4928K), 0.0000301 secs] 4126K->218K(15872K), 0.0000407 secs] [Times: user=0.00 sys=0.00, real=0.00 secs] 
0.486: [GC 0.486: [DefNew: 3909K->0K(4928K), 0.0000315 secs] 4126K->218K(15872K), 0.0000428 secs] [Times: user=0.00 sys=0.00, real=0.00 secs] 
0.486: [GC 0.487: [DefNew: 3909K->0K(4928K), 0.0000308 secs] 4126K->218K(15872K), 0.0000414 secs] [Times: user=0.00 sys=0.00, real=0.00 secs] 
0.487: [GC 0.487: [DefNew: 3909K->0K(4928K), 0.0000325 secs] 4126K->218K(15872K), 0.0000441 secs] [Times: user=0.00 sys=0.00, real=0.00 secs] 
0.487: [GC 0.487: [DefNew: 3909K->0K(4928K), 0.0000301 secs] 4126K->218K(15872K), 0.0000411 secs] [Times: user=0.00 sys=0.00, real=0.00 secs] 
0.488: [GC 0.488: [DefNew: 3909K->0K(4928K), 0.0000298 secs] 4126K->218K(15872K), 0.0000407 secs] [Times: user=0.00 sys=0.00, real=0.00 secs] 
0.488: [GC 0.488: [DefNew: 3909K->0K(4928K), 0.0000301 secs] 4126K->218K(15872K), 0.0000486 secs] [Times: user=0.00 sys=0.00, real=0.00 secs] 
0.489: [GC 0.489: [DefNew: 3909K->0K(4928K), 0.0000308 secs] 4127K->218K(15872K), 0.0000414 secs] [Times: user=0.00 sys=0.00, real=0.00 secs] 
0.489: [GC 0.489: [DefNew: 3909K->0K(4928K), 0.0000304 secs] 4127K->218K(15872K), 0.0000414 secs] [Times: user=0.00 sys=0.00, real=0.00 secs] 
0.490: [GC 0.490: [DefNew: 3909K->0K(4928K), 0.0000411 secs] 4127K->218K(15872K), 0.0000780 secs] [Times: user=0.02 sys=0.00, real=0.00 secs] 
0.490: [GC 0.490: [DefNew: 3909K->0K(4928K), 0.0000640 secs] 4127K->218K(15872K), 0.0000807 secs] [Times: user=0.00 sys=0.00, real=0.00 secs] 
0.491: [GC 0.491: [DefNew: 3909K->0K(4928K), 0.0000489 secs] 4127K->218K(15872K), 0.0000629 secs] [Times: user=0.00 sys=0.00, real=0.00 secs] 
0.492: [GC 0.492: [DefNew: 3909K->0K(4928K), 0.0000322 secs] 4127K->219K(15872K), 0.0000428 secs] [Times: user=0.00 sys=0.00, real=0.00 secs] 
0.492: [GC 0.492: [DefNew: 3909K->0K(4928K), 0.0000407 secs] 4127K->219K(15872K), 0.0000544 secs] [Times: user=0.00 sys=0.00, real=0.00 secs] 
0.492: [GC 0.492: [DefNew: 3909K->0K(4928K), 0.0000335 secs] 4127K->219K(15872K), 0.0000445 secs] [Times: user=0.00 sys=0.00, real=0.00 secs] 
0.493: [GC 0.493: [DefNew: 3909K->0K(4928K), 0.0000311 secs] 4127K->219K(15872K), 0.0000421 secs] [Times: user=0.00 sys=0.00, real=0.00 secs] 
0.493: [GC 0.493: [DefNew: 3909K->0K(4928K), 0.0000308 secs] 4127K->219K(15872K), 0.0000421 secs] [Times: user=0.00 sys=0.00, real=0.00 secs] 
0.494: [GC 0.494: [DefNew: 3909K->0K(4928K), 0.0000339 secs] 4127K->219K(15872K), 0.0000455 secs] [Times: user=0.00 sys=0.00, real=0.00 secs] 
0.494: [GC 0.494: [DefNew: 3909K->0K(4928K), 0.0000308 secs] 4127K->219K(15872K), 0.0000417 secs] [Times: user=0.00 sys=0.00, real=0.00 secs] 
0.495: [GC 0.495: [DefNew: 3909K->0K(4928K), 0.0000308 secs] 4127K->219K(15872K), 0.0000424 secs] [Times: user=0.00 sys=0.00, real=0.00 secs] 
0.495: [GC 0.495: [DefNew: 3909K->0K(4928K), 0.0000298 secs] 4127K->219K(15872K), 0.0000407 secs] [Times: user=0.00 sys=0.00, real=0.00 secs] 
0.496: [GC 0.496: [DefNew: 3909K->0K(4928K), 0.0000311 secs] 4127K->219K(15872K), 0.0000421 secs] [Times: user=0.00 sys=0.00, real=0.00 secs] 
0.496: [GC 0.496: [DefNew: 3909K->0K(4928K), 0.0000298 secs] 4127K->219K(15872K), 0.0000407 secs] [Times: user=0.00 sys=0.00, real=0.00 secs] 
0.497: [GC 0.497: [DefNew: 3909K->0K(4928K), 0.0000301 secs] 4127K->219K(15872K), 0.0000411 secs] [Times: user=0.00 sys=0.00, real=0.00 secs] 
0.497: [GC 0.497: [DefNew: 3909K->0K(4928K), 0.0000325 secs] 4127K->219K(15872K), 0.0000434 secs] [Times: user=0.00 sys=0.00, real=0.00 secs] 
0.497: [GC 0.498: [DefNew: 3909K->0K(4928K), 0.0000294 secs] 4127K->219K(15872K), 0.0000397 secs] [Times: user=0.00 sys=0.00, real=0.00 secs] 
0.498: [GC 0.498: [DefNew: 3909K->0K(4928K), 0.0000298 secs] 4127K->219K(15872K), 0.0000400 secs] [Times: user=0.00 sys=0.00, real=0.00 secs] 
0.498: [GC 0.498: [DefNew: 3909K->0K(4928K), 0.0000294 secs] 4127K->219K(15872K), 0.0000397 secs] [Times: user=0.00 sys=0.00, real=0.00 secs] 
0.499: [GC 0.499: [DefNew: 3909K->0K(4928K), 0.0000315 secs] 4128K->219K(15872K), 0.0000428 secs] [Times: user=0.00 sys=0.00, real=0.00 secs] 
0.499: [GC 0.499: [DefNew: 3909K->0K(4928K), 0.0000304 secs] 4128K->219K(15872K), 0.0000407 secs] [Times: user=0.00 sys=0.00, real=0.00 secs] 
0.500: [GC 0.500: [DefNew: 3909K->0K(4928K), 0.0000308 secs] 4128K->219K(15872K), 0.0000414 secs] [Times: user=0.00 sys=0.00, real=0.00 secs] 
0.500: [GC 0.500: [DefNew: 3909K->0K(4928K), 0.0000301 secs] 4128K->219K(15872K), 0.0000407 secs] [Times: user=0.00 sys=0.00, real=0.00 secs] 
0.501: [GC 0.501: [DefNew: 3909K->0K(4928K), 0.0000304 secs] 4128K->219K(15872K), 0.0000414 secs] [Times: user=0.00 sys=0.00, real=0.00 secs] 
0.501: [GC 0.501: [DefNew: 3909K->0K(4928K), 0.0000291 secs] 4128K->220K(15872K), 0.0000400 secs] [Times: user=0.00 sys=0.00, real=0.00 secs] 
0.502: [GC 0.502: [DefNew: 3909K->0K(4928K), 0.0000328 secs] 4128K->220K(15872K), 0.0000438 secs] [Times: user=0.00 sys=0.00, real=0.00 secs] 
0.502: [GC 0.502: [DefNew: 3909K->0K(4928K), 0.0000407 secs] 4128K->220K(15872K), 0.0000564 secs] [Times: user=0.00 sys=0.00, real=0.00 secs] 
0.503: [GC 0.503: [DefNew: 3909K->0K(4928K), 0.0000335 secs] 4128K->220K(15872K), 0.0000479 secs] [Times: user=0.00 sys=0.00, real=0.00 secs] 
0.503: [GC 0.503: [DefNew: 3909K->0K(4928K), 0.0000664 secs] 4128K->220K(15872K), 0.0000818 secs] [Times: user=0.00 sys=0.00, real=0.00 secs] 
0.504: [GC 0.504: [DefNew: 3909K->0K(4928K), 0.0000383 secs] 4128K->220K(15872K), 0.0000513 secs] [Times: user=0.00 sys=0.00, real=0.00 secs] 
0.504: [GC 0.504: [DefNew: 3909K->0K(4928K), 0.0000359 secs] 4128K->220K(15872K), 0.0000479 secs] [Times: user=0.00 sys=0.00, real=0.00 secs] 
0.505: [GC 0.505: [DefNew: 3909K->0K(4928K), 0.0000328 secs] 4128K->220K(15872K), 0.0000445 secs] [Times: user=0.00 sys=0.00, real=0.00 secs] 
0.505: [GC 0.505: [DefNew: 3909K->0K(4928K), 0.0000318 secs] 4128K->220K(15872K), 0.0000428 secs] [Times: user=0.00 sys=0.00, real=0.00 secs] 
0.506: [GC 0.506: [DefNew: 3909K->0K(4928K), 0.0000332 secs] 4128K->220K(15872K), 0.0000448 secs] [Times: user=0.02 sys=0.00, real=0.00 secs] 
0.506: [GC 0.506: [DefNew: 3909K->0K(4928K), 0.0000404 secs] 4128K->220K(15872K), 0.0000544 secs] [Times: user=0.00 sys=0.00, real=0.00 secs] 
0.507: [GC 0.507: [DefNew: 3909K->0K(4928K), 0.0000400 secs] 4128K->220K(15872K), 0.0000541 secs] [Times: user=0.00 sys=0.00, real=0.00 secs] 
0.507: [GC 0.507: [DefNew: 3909K->0K(4928K), 0.0000366 secs] 4128K->220K(15872K), 0.0000496 secs] [Times: user=0.00 sys=0.00, real=0.00 secs] 
0.508: [GC 0.508: [DefNew: 3909K->0K(4928K), 0.0000352 secs] 4128K->220K(15872K), 0.0000472 secs] [Times: user=0.00 sys=0.00, real=0.00 secs] 
0.508: [GC 0.508: [DefNew: 3909K->0K(4928K), 0.0000424 secs] 4128K->220K(15872K), 0.0000568 secs] [Times: user=0.00 sys=0.00, real=0.00 secs] 
0.509: [GC 0.509: [DefNew: 3909K->0K(4928K), 0.0000404 secs] 4128K->220K(15872K), 0.0000544 secs] [Times: user=0.00 sys=0.00, real=0.00 secs] 
0.509: [GC 0.509: [DefNew: 3909K->0K(4928K), 0.0000356 secs] 4128K->220K(15872K), 0.0000476 secs] [Times: user=0.00 sys=0.00, real=0.00 secs] 
0.510: [GC 0.510: [DefNew: 3909K->0K(4928K), 0.0000311 secs] 4129K->220K(15872K), 0.0000428 secs] [Times: user=0.00 sys=0.00, real=0.00 secs] 
0.510: [GC 0.510: [DefNew: 3909K->0K(4928K), 0.0000298 secs] 4129K->220K(15872K), 0.0000411 secs] [Times: user=0.00 sys=0.00, real=0.00 secs] 
0.510: [GC 0.510: [DefNew: 3909K->0K(4928K), 0.0000301 secs] 4129K->220K(15872K), 0.0000407 secs] [Times: user=0.00 sys=0.00, real=0.00 secs] 
0.511: [GC 0.511: [DefNew: 3909K->0K(4928K), 0.0000301 secs] 4129K->220K(15872K), 0.0000414 secs] [Times: user=0.00 sys=0.00, real=0.00 secs] 
0.511: [GC 0.511: [DefNew: 3909K->0K(4928K), 0.0000311 secs] 4129K->220K(15872K), 0.0000424 secs] [Times: user=0.00 sys=0.00, real=0.00 secs] 
0.512: [GC 0.512: [DefNew: 3909K->0K(4928K), 0.0000465 secs] 4129K->221K(15872K), 0.0000629 secs] [Times: user=0.00 sys=0.00, real=0.00 secs] 
0.512: [GC 0.512: [DefNew: 3909K->0K(4928K), 0.0000335 secs] 4129K->221K(15872K), 0.0000458 secs] [Times: user=0.00 sys=0.00, real=0.00 secs] 
0.513: [GC 0.513: [DefNew: 3909K->0K(4928K), 0.0000311 secs] 4129K->221K(15872K), 0.0000421 secs] [Times: user=0.00 sys=0.00, real=0.00 secs] 
0.513: [GC 0.513: [DefNew: 3909K->0K(4928K), 0.0000291 secs] 4129K->221K(15872K), 0.0000397 secs] [Times: user=0.00 sys=0.00, real=0.00 secs] 
0.514: [GC 0.514: [DefNew: 3909K->0K(4928K), 0.0000294 secs] 4129K->221K(15872K), 0.0000400 secs] [Times: user=0.00 sys=0.00, real=0.00 secs] 
0.514: [GC 0.514: [DefNew: 3909K->0K(4928K), 0.0000322 secs] 4129K->221K(15872K), 0.0000438 secs] [Times: user=0.00 sys=0.00, real=0.00 secs] 
0.514: [GC 0.514: [DefNew: 3909K->0K(4928K), 0.0000311 secs] 4129K->221K(15872K), 0.0000421 secs] [Times: user=0.00 sys=0.00, real=0.00 secs] 
0.515: [GC 0.515: [DefNew: 3909K->0K(4928K), 0.0000301 secs] 4129K->221K(15872K), 0.0000407 secs] [Times: user=0.00 sys=0.00, real=0.00 secs] 
0.515: [GC 0.515: [DefNew: 3909K->0K(4928K), 0.0000332 secs] 4129K->221K(15872K), 0.0000489 secs] [Times: user=0.00 sys=0.00, real=0.00 secs] 
0.516: [GC 0.516: [DefNew: 3909K->0K(4928K), 0.0000311 secs] 4129K->221K(15872K), 0.0000421 secs] [Times: user=0.00 sys=0.00, real=0.00 secs] 
0.516: [GC 0.516: [DefNew: 3909K->0K(4928K), 0.0000308 secs] 4129K->221K(15872K), 0.0000417 secs] [Times: user=0.00 sys=0.00, real=0.00 secs] 
0.517: [GC 0.517: [DefNew: 3909K->0K(4928K), 0.0000298 secs] 4129K->221K(15872K), 0.0000404 secs] [Times: user=0.00 sys=0.00, real=0.00 secs] 
0.517: [GC 0.517: [DefNew: 3909K->0K(4928K), 0.0000311 secs] 4129K->221K(15872K), 0.0000424 secs] [Times: user=0.00 sys=0.00, real=0.00 secs] 
0.517: [GC 0.517: [DefNew: 3909K->0K(4928K), 0.0000308 secs] 4129K->221K(15872K), 0.0000414 secs] [Times: user=0.00 sys=0.00, real=0.00 secs] 
0.518: [GC 0.518: [DefNew: 3909K->0K(4928K), 0.0000318 secs] 4129K->221K(15872K), 0.0000434 secs] [Times: user=0.00 sys=0.00, real=0.00 secs] 
0.518: [GC 0.518: [DefNew: 3909K->0K(4928K), 0.0000308 secs] 4129K->221K(15872K), 0.0000411 secs] [Times: user=0.00 sys=0.00, real=0.00 secs] 
0.519: [GC 0.519: [DefNew: 3909K->0K(4928K), 0.0000318 secs] 4130K->221K(15872K), 0.0000428 secs] [Times: user=0.00 sys=0.00, real=0.00 secs] 
0.519: [GC 0.519: [DefNew: 3909K->0K(4928K), 0.0000284 secs] 4130K->221K(15872K), 0.0000390 secs] [Times: user=0.00 sys=0.00, real=0.00 secs] 
0.520: [GC 0.520: [DefNew: 3909K->0K(4928K), 0.0000441 secs] 4130K->221K(15872K), 0.0000609 secs] [Times: user=0.00 sys=0.00, real=0.00 secs] 
0.520: [GC 0.520: [DefNew: 3909K->0K(4928K), 0.0000308 secs] 4130K->221K(15872K), 0.0000414 secs] [Times: user=0.00 sys=0.00, real=0.00 secs] 
0.521: [GC 0.521: [DefNew: 3909K->0K(4928K), 0.0000304 secs] 4130K->221K(15872K), 0.0000411 secs] [Times: user=0.00 sys=0.00, real=0.00 secs] 
0.521: [GC 0.521: [DefNew: 3909K->0K(4928K), 0.0000311 secs] 4130K->222K(15872K), 0.0000417 secs] [Times: user=0.00 sys=0.00, real=0.00 secs] 
0.521: [GC 0.521: [DefNew: 3909K->0K(4928K), 0.0000332 secs] 4130K->222K(15872K), 0.0000445 secs] [Times: user=0.00 sys=0.00, real=0.00 secs] 
0.522: [GC 0.522: [DefNew: 3909K->0K(4928K), 0.0000352 secs] 4130K->222K(15872K), 0.0000476 secs] [Times: user=0.00 sys=0.00, real=0.00 secs] 
0.522: [GC 0.522: [DefNew: 3909K->0K(4928K), 0.0000298 secs] 4130K->222K(15872K), 0.0000407 secs] [Times: user=0.00 sys=0.00, real=0.00 secs] 
0.523: [GC 0.523: [DefNew: 3909K->0K(4928K), 0.0000301 secs] 4130K->222K(15872K), 0.0000414 secs] [Times: user=0.00 sys=0.00, real=0.00 secs] 
0.523: [GC 0.523: [DefNew: 3909K->0K(4928K), 0.0000308 secs] 4130K->222K(15872K), 0.0000411 secs] [Times: user=0.00 sys=0.00, real=0.00 secs] 
0.524: [GC 0.524: [DefNew: 3909K->0K(4928K), 0.0000318 secs] 4130K->222K(15872K), 0.0000428 secs] [Times: user=0.00 sys=0.00, real=0.00 secs] 
0.524: [GC 0.524: [DefNew: 3909K->0K(4928K), 0.0000376 secs] 4130K->222K(15872K), 0.0000506 secs] [Times: user=0.00 sys=0.00, real=0.00 secs] 
0.525: [GC 0.525: [DefNew: 3909K->0K(4928K), 0.0000438 secs] 4130K->222K(15872K), 0.0000582 secs] [Times: user=0.00 sys=0.00, real=0.00 secs] 
0.525: [GC 0.525: [DefNew: 3909K->0K(4928K), 0.0000455 secs] 4130K->222K(15872K), 0.0000609 secs] [Times: user=0.00 sys=0.00, real=0.00 secs] 
0.526: [GC 0.526: [DefNew: 3909K->0K(4928K), 0.0000479 secs] 4130K->222K(15872K), 0.0000640 secs] [Times: user=0.00 sys=0.00, real=0.00 secs] 
0.526: [GC 0.526: [DefNew: 3909K->0K(4928K), 0.0000407 secs] 4130K->222K(15872K), 0.0000564 secs] [Times: user=0.00 sys=0.00, real=0.00 secs] 
0.527: [GC 0.527: [DefNew: 3909K->0K(4928K), 0.0000517 secs] 4130K->222K(15872K), 0.0000701 secs] [Times: user=0.00 sys=0.00, real=0.00 secs] 
0.527: [GC 0.527: [DefNew: 3909K->0K(4928K), 0.0000417 secs] 4130K->222K(15872K), 0.0000558 secs] [Times: user=0.00 sys=0.00, real=0.00 secs] 
0.528: [GC 0.528: [DefNew: 3909K->0K(4928K), 0.0000349 secs] 4130K->222K(15872K), 0.0000469 secs] [Times: user=0.00 sys=0.00, real=0.00 secs] 
0.528: [GC 0.528: [DefNew: 3909K->0K(4928K), 0.0000318 secs] 4130K->222K(15872K), 0.0000431 secs] [Times: user=0.00 sys=0.00, real=0.00 secs] 
0.529: [GC 0.529: [DefNew: 3909K->0K(4928K), 0.0000322 secs] 4131K->222K(15872K), 0.0000438 secs] [Times: user=0.00 sys=0.00, real=0.00 secs] 
0.529: [GC 0.529: [DefNew: 3909K->0K(4928K), 0.0000322 secs] 4131K->222K(15872K), 0.0000431 secs] [Times: user=0.00 sys=0.00, real=0.00 secs] 
0.530: [GC 0.530: [DefNew: 3909K->0K(4928K), 0.0000315 secs] 4131K->222K(15872K), 0.0000428 secs] [Times: user=0.00 sys=0.00, real=0.00 secs] 
0.530: [GC 0.530: [DefNew: 3909K->0K(4928K), 0.0000311 secs] 4131K->222K(15872K), 0.0000428 secs] [Times: user=0.00 sys=0.00, real=0.00 secs] 
0.531: [GC 0.531: [DefNew: 3909K->0K(4928K), 0.0000325 secs] 4131K->222K(15872K), 0.0000438 secs] [Times: user=0.00 sys=0.00, real=0.00 secs] 
0.531: [GC 0.531: [DefNew: 3909K->0K(4928K), 0.0000301 secs] 4131K->223K(15872K), 0.0000411 secs] [Times: user=0.00 sys=0.00, real=0.00 secs] 
0.532: [GC 0.532: [DefNew: 3909K->0K(4928K), 0.0000311 secs] 4131K->223K(15872K), 0.0000417 secs] [Times: user=0.00 sys=0.00, real=0.00 secs] 
0.532: [GC 0.532: [DefNew: 3909K->0K(4928K), 0.0000363 secs] 4131K->223K(15872K), 0.0000489 secs] [Times: user=0.00 sys=0.00, real=0.00 secs] 
0.532: [GC 0.532: [DefNew: 3909K->0K(4928K), 0.0000332 secs] 4131K->223K(15872K), 0.0000445 secs] [Times: user=0.00 sys=0.00, real=0.00 secs] 
0.533: [GC 0.533: [DefNew: 3909K->0K(4928K), 0.0000476 secs] 4131K->223K(15872K), 0.0000647 secs] [Times: user=0.00 sys=0.00, real=0.00 secs] 
0.533: [GC 0.533: [DefNew: 3909K->0K(4928K), 0.0000376 secs] 4131K->223K(15872K), 0.0000510 secs] [Times: user=0.00 sys=0.00, real=0.00 secs] 
0.534: [GC 0.534: [DefNew: 3909K->0K(4928K), 0.0000325 secs] 4131K->223K(15872K), 0.0000438 secs] [Times: user=0.00 sys=0.00, real=0.00 secs] 
0.534: [GC 0.534: [DefNew: 3909K->0K(4928K), 0.0000294 secs] 4131K->223K(15872K), 0.0000407 secs] [Times: user=0.00 sys=0.00, real=0.00 secs] 
0.535: [GC 0.535: [DefNew: 3909K->0K(4928K), 0.0000294 secs] 4131K->223K(15872K), 0.0000404 secs] [Times: user=0.00 sys=0.00, real=0.00 secs] 
0.535: [GC 0.535: [DefNew: 3909K->0K(4928K), 0.0000291 secs] 4131K->223K(15872K), 0.0000397 secs] [Times: user=0.00 sys=0.00, real=0.00 secs] 
0.536: [GC 0.536: [DefNew: 3909K->0K(4928K), 0.0000301 secs] 4131K->223K(15872K), 0.0000411 secs] [Times: user=0.00 sys=0.00, real=0.00 secs] 
0.536: [GC 0.536: [DefNew: 3909K->0K(4928K), 0.0000301 secs] 4131K->223K(15872K), 0.0000407 secs] [Times: user=0.00 sys=0.00, real=0.00 secs] 
0.536: [GC 0.536: [DefNew: 3909K->0K(4928K), 0.0000301 secs] 4131K->223K(15872K), 0.0000411 secs] [Times: user=0.00 sys=0.00, real=0.00 secs] 
0.537: [GC 0.537: [DefNew: 3909K->0K(4928K), 0.0000342 secs] 4131K->223K(15872K), 0.0000465 secs] [Times: user=0.00 sys=0.00, real=0.00 secs] 
0.537: [GC 0.537: [DefNew: 3909K->0K(4928K), 0.0000291 secs] 4131K->223K(15872K), 0.0000400 secs] [Times: user=0.00 sys=0.00, real=0.00 secs] 
0.538: [GC 0.538: [DefNew: 3909K->0K(4928K), 0.0000390 secs] 4131K->223K(15872K), 0.0000527 secs] [Times: user=0.00 sys=0.00, real=0.00 secs] 
0.538: [GC 0.538: [DefNew: 3909K->0K(4928K), 0.0000393 secs] 4131K->223K(15872K), 0.0000527 secs] [Times: user=0.00 sys=0.00, real=0.00 secs] 
0.539: [GC 0.539: [DefNew: 3909K->0K(4928K), 0.0000393 secs] 4132K->223K(15872K), 0.0000612 secs] [Times: user=0.00 sys=0.00, real=0.00 secs] 
0.539: [GC 0.539: [DefNew: 3909K->0K(4928K), 0.0000352 secs] 4132K->223K(15872K), 0.0000469 secs] [Times: user=0.00 sys=0.00, real=0.00 secs] 
0.540: [GC 0.540: [DefNew: 3909K->0K(4928K), 0.0000359 secs] 4132K->223K(15872K), 0.0000486 secs] [Times: user=0.00 sys=0.00, real=0.00 secs] 
0.540: [GC 0.540: [DefNew: 3909K->0K(4928K), 0.0000359 secs] 4132K->223K(15872K), 0.0000486 secs] [Times: user=0.00 sys=0.00, real=0.00 secs] 
0.541: [GC 0.541: [DefNew: 3909K->0K(4928K), 0.0000452 secs] 4132K->223K(15872K), 0.0000592 secs] [Times: user=0.00 sys=0.00, real=0.00 secs] 
0.541: [GC 0.541: [DefNew: 3909K->0K(4928K), 0.0000571 secs] 4132K->224K(15872K), 0.0000797 secs] [Times: user=0.00 sys=0.00, real=0.00 secs] 
0.542: [GC 0.542: [DefNew: 3909K->0K(4928K), 0.0000489 secs] 4132K->224K(15872K), 0.0000667 secs] [Times: user=0.00 sys=0.00, real=0.00 secs] 
0.542: [GC 0.542: [DefNew: 3909K->0K(4928K), 0.0000448 secs] 4132K->224K(15872K), 0.0000595 secs] [Times: user=0.00 sys=0.00, real=0.00 secs] 
0.543: [GC 0.543: [DefNew: 3909K->0K(4928K), 0.0000393 secs] 4132K->224K(15872K), 0.0000520 secs] [Times: user=0.00 sys=0.00, real=0.00 secs] 
0.543: [GC 0.543: [DefNew: 3909K->0K(4928K), 0.0000349 secs] 4132K->224K(15872K), 0.0000462 secs] [Times: user=0.00 sys=0.00, real=0.00 secs] 
0.544: [GC 0.544: [DefNew: 3909K->0K(4928K), 0.0000356 secs] 4132K->224K(15872K), 0.0000472 secs] [Times: user=0.00 sys=0.00, real=0.00 secs] 
0.544: [GC 0.544: [DefNew: 3909K->0K(4928K), 0.0000335 secs] 4132K->224K(15872K), 0.0000452 secs] [Times: user=0.00 sys=0.00, real=0.00 secs] 
0.545: [GC 0.545: [DefNew: 3909K->0K(4928K), 0.0000325 secs] 4132K->224K(15872K), 0.0000441 secs] [Times: user=0.00 sys=0.00, real=0.00 secs] 
0.545: [GC 0.545: [DefNew: 3909K->0K(4928K), 0.0000325 secs] 4132K->224K(15872K), 0.0000434 secs] [Times: user=0.00 sys=0.00, real=0.00 secs] 
0.546: [GC 0.546: [DefNew: 3909K->0K(4928K), 0.0000311 secs] 4132K->224K(15872K), 0.0000424 secs] [Times: user=0.00 sys=0.00, real=0.00 secs] 
0.546: [GC 0.546: [DefNew: 3909K->0K(4928K), 0.0000322 secs] 4132K->224K(15872K), 0.0000431 secs] [Times: user=0.00 sys=0.00, real=0.00 secs] 
0.547: [GC 0.547: [DefNew: 3909K->0K(4928K), 0.0000318 secs] 4132K->224K(15872K), 0.0000431 secs] [Times: user=0.00 sys=0.00, real=0.00 secs] 
0.547: [GC 0.547: [DefNew: 3909K->0K(4928K), 0.0000335 secs] 4132K->224K(15872K), 0.0000455 secs] [Times: user=0.00 sys=0.00, real=0.00 secs] 
0.547: [GC 0.547: [DefNew: 3909K->0K(4928K), 0.0000308 secs] 4132K->224K(15872K), 0.0000417 secs] [Times: user=0.00 sys=0.00, real=0.00 secs] 
0.548: [GC 0.548: [DefNew: 3909K->0K(4928K), 0.0000311 secs] 4132K->224K(15872K), 0.0000417 secs] [Times: user=0.00 sys=0.00, real=0.00 secs] 
0.548: [GC 0.548: [DefNew: 3909K->0K(4928K), 0.0000445 secs] 4132K->224K(15872K), 0.0000595 secs] [Times: user=0.00 sys=0.00, real=0.00 secs] 
0.549: [GC 0.549: [DefNew: 3909K->0K(4928K), 0.0000465 secs] 4133K->224K(15872K), 0.0000629 secs] [Times: user=0.00 sys=0.00, real=0.00 secs] 
0.549: [GC 0.549: [DefNew: 3909K->0K(4928K), 0.0000441 secs] 4133K->224K(15872K), 0.0000609 secs] [Times: user=0.00 sys=0.00, real=0.00 secs] 
0.550: [GC 0.550: [DefNew: 3909K->0K(4928K), 0.0000434 secs] 4133K->224K(15872K), 0.0000606 secs] [Times: user=0.00 sys=0.00, real=0.00 secs] 
0.550: [GC 0.550: [DefNew: 3909K->0K(4928K), 0.0000434 secs] 4133K->224K(15872K), 0.0000606 secs] [Times: user=0.00 sys=0.00, real=0.00 secs] 
0.551: [GC 0.551: [DefNew: 3909K->0K(4928K), 0.0000441 secs] 4133K->224K(15872K), 0.0000609 secs] [Times: user=0.00 sys=0.00, real=0.00 secs] 
0.551: [GC 0.551: [DefNew: 3909K->0K(4928K), 0.0000438 secs] 4133K->225K(15872K), 0.0000606 secs] [Times: user=0.00 sys=0.00, real=0.00 secs] 
0.552: [GC 0.552: [DefNew: 3909K->0K(4928K), 0.0000465 secs] 4133K->225K(15872K), 0.0000640 secs] [Times: user=0.00 sys=0.00, real=0.00 secs] 
0.552: [GC 0.552: [DefNew: 3909K->0K(4928K), 0.0000441 secs] 4133K->225K(15872K), 0.0000616 secs] [Times: user=0.00 sys=0.00, real=0.00 secs] 
0.553: [GC 0.553: [DefNew: 3909K->0K(4928K), 0.0000585 secs] 4133K->225K(15872K), 0.0000759 secs] [Times: user=0.00 sys=0.00, real=0.00 secs] 
0.554: [GC 0.554: [DefNew: 3909K->0K(4928K), 0.0000671 secs] 4133K->225K(15872K), 0.0000838 secs] [Times: user=0.00 sys=0.00, real=0.00 secs] 
0.554: [GC 0.554: [DefNew: 3909K->0K(4928K), 0.0000541 secs] 4133K->225K(15872K), 0.0000725 secs] [Times: user=0.00 sys=0.00, real=0.00 secs] 
0.555: [GC 0.555: [DefNew: 3909K->0K(4928K), 0.0000428 secs] 4133K->225K(15872K), 0.0000571 secs] [Times: user=0.00 sys=0.00, real=0.00 secs] 
0.555: [GC 0.555: [DefNew: 3909K->0K(4928K), 0.0000339 secs] 4133K->225K(15872K), 0.0000455 secs] [Times: user=0.00 sys=0.00, real=0.00 secs] 
0.556: [GC 0.556: [DefNew: 3909K->0K(4928K), 0.0000322 secs] 4133K->225K(15872K), 0.0000469 secs] [Times: user=0.00 sys=0.00, real=0.00 secs] 
0.556: [GC 0.556: [DefNew: 3909K->0K(4928K), 0.0000325 secs] 4133K->225K(15872K), 0.0000441 secs] [Times: user=0.00 sys=0.00, real=0.00 secs] 
0.557: [GC 0.557: [DefNew: 3909K->0K(4928K), 0.0000318 secs] 4133K->225K(15872K), 0.0000431 secs] [Times: user=0.00 sys=0.00, real=0.00 secs] 
0.557: [GC 0.557: [DefNew: 3909K->0K(4928K), 0.0000421 secs] 4133K->225K(15872K), 0.0000558 secs] [Times: user=0.00 sys=0.00, real=0.00 secs] 
Heap
 def new generation   total 4928K, used 3997K [0x04270000, 0x047c0000, 0x097c0000)
  eden space 4416K,  90% used [0x04270000, 0x046572d8, 0x046c0000)
  from space 512K,   0% used [0x04740000, 0x047402f8, 0x047c0000)
  to   space 512K,   0% used [0x046c0000, 0x046c0000, 0x04740000)
 tenured generation   total 10944K, used 224K [0x097c0000, 0x0a270000, 0x14270000)
   the space 10944K,   2% used [0x097c0000, 0x097f8328, 0x097f8400, 0x0a270000)
 compacting perm gen  total 12288K, used 2135K [0x14270000, 0x14e70000, 0x18270000)
   the space 12288K,  17% used [0x14270000, 0x14485d50, 0x14485e00, 0x14e70000)
No shared spaces configured.
